Component: ARM Compiler 5.06 update 7 (build 960) Tool: armlink [4d3601]

==============================================================================

Section Cross References

    startup_stm32f103xe.o(RESET) refers to startup_stm32f103xe.o(STACK) for __initial_sp
    startup_stm32f103xe.o(RESET) refers to startup_stm32f103xe.o(.text) for Reset_Handler
    startup_stm32f103xe.o(RESET) refers to stm32f1xx_it.o(i.NMI_Handler) for NMI_Handler
    startup_stm32f103xe.o(RESET) refers to stm32f1xx_it.o(i.HardFault_Handler) for HardFault_Handler
    startup_stm32f103xe.o(RESET) refers to stm32f1xx_it.o(i.MemManage_Handler) for MemManage_Handler
    startup_stm32f103xe.o(RESET) refers to stm32f1xx_it.o(i.BusFault_Handler) for BusFault_Handler
    startup_stm32f103xe.o(RESET) refers to stm32f1xx_it.o(i.UsageFault_Handler) for UsageFault_Handler
    startup_stm32f103xe.o(RESET) refers to stm32f1xx_it.o(i.SVC_Handler) for SVC_Handler
    startup_stm32f103xe.o(RESET) refers to stm32f1xx_it.o(i.DebugMon_Handler) for DebugMon_Handler
    startup_stm32f103xe.o(RESET) refers to stm32f1xx_it.o(i.PendSV_Handler) for PendSV_Handler
    startup_stm32f103xe.o(RESET) refers to stm32f1xx_it.o(i.SysTick_Handler) for SysTick_Handler
    startup_stm32f103xe.o(RESET) refers to stm32f1xx_it.o(i.USB_LP_CAN1_RX0_IRQHandler) for USB_LP_CAN1_RX0_IRQHandler
    startup_stm32f103xe.o(RESET) refers to stm32f1xx_it.o(i.TIM2_IRQHandler) for TIM2_IRQHandler
    startup_stm32f103xe.o(RESET) refers to stm32f1xx_it.o(i.TIM3_IRQHandler) for TIM3_IRQHandler
    startup_stm32f103xe.o(RESET) refers to stm32f1xx_it.o(i.TIM4_IRQHandler) for TIM4_IRQHandler
    startup_stm32f103xe.o(RESET) refers to stm32f1xx_it.o(i.USART1_IRQHandler) for USART1_IRQHandler
    startup_stm32f103xe.o(RESET) refers to stm32f1xx_it.o(i.USART3_IRQHandler) for USART3_IRQHandler
    startup_stm32f103xe.o(.text) refers to system_stm32f1xx.o(i.SystemInit) for SystemInit
    startup_stm32f103xe.o(.text) refers to entry.o(.ARM.Collect$$$$00000000) for __main
    main.o(i.SystemClock_Config) refers to memseta.o(.text) for __aeabi_memclr4
    main.o(i.SystemClock_Config) refers to stm32f1xx_hal_rcc.o(i.HAL_RCC_OscConfig) for HAL_RCC_OscConfig
    main.o(i.SystemClock_Config) refers to stm32f1xx_hal_rcc.o(i.HAL_RCC_ClockConfig) for HAL_RCC_ClockConfig
    main.o(i.SystemClock_Config) refers to stm32f1xx_hal_rcc_ex.o(i.HAL_RCCEx_PeriphCLKConfig) for HAL_RCCEx_PeriphCLKConfig
    main.o(i.main) refers to stm32f1xx_hal.o(i.HAL_Init) for HAL_Init
    main.o(i.main) refers to main.o(i.SystemClock_Config) for SystemClock_Config
    main.o(i.main) refers to gpio.o(i.MX_GPIO_Init) for MX_GPIO_Init
    main.o(i.main) refers to can.o(i.MX_CAN_Init) for MX_CAN_Init
    main.o(i.main) refers to usart.o(i.MX_USART1_UART_Init) for MX_USART1_UART_Init
    main.o(i.main) refers to adc.o(i.MX_ADC1_Init) for MX_ADC1_Init
    main.o(i.main) refers to tim.o(i.MX_TIM2_Init) for MX_TIM2_Init
    main.o(i.main) refers to tim.o(i.MX_TIM3_Init) for MX_TIM3_Init
    main.o(i.main) refers to usart.o(i.MX_USART3_UART_Init) for MX_USART3_UART_Init
    main.o(i.main) refers to tim.o(i.MX_TIM4_Init) for MX_TIM4_Init
    main.o(i.main) refers to can.o(i.CAN_Filter_Init) for CAN_Filter_Init
    main.o(i.main) refers to fourier_series_traj_exciting.o(i.traj_exciting_init) for traj_exciting_init
    main.o(i.main) refers to lkmoto.o(i.motor_run) for motor_run
    main.o(i.main) refers to lkmoto.o(i.ske_base_position) for ske_base_position
    main.o(i.main) refers to lkmoto.o(i.read_status2) for read_status2
    main.o(i.main) refers to lkmoto.o(i.read_angle) for read_angle
    main.o(i.main) refers to stm32f1xx_hal_tim.o(i.HAL_TIM_Base_Start_IT) for HAL_TIM_Base_Start_IT
    main.o(i.main) refers to printfa.o(i.__0printf) for __2printf
    main.o(i.main) refers to ids830can.o(i.LinearActuator_read_position) for LinearActuator_read_position
    main.o(i.main) refers to ids830can.o(i.LinearActuator_read_CurrentandSpeed) for LinearActuator_read_CurrentandSpeed
    main.o(i.main) refers to sensors_reading.o(i.pressure_SensorReading) for pressure_SensorReading
    main.o(i.main) refers to stm32f1xx_hal.o(i.HAL_Delay) for HAL_Delay
    main.o(i.main) refers to lkmoto.o(i.angle_close_loop_with_speed) for angle_close_loop_with_speed
    main.o(i.main) refers to ids830can.o(i.LinearActuator_startRun_maxspeed_position) for LinearActuator_startRun_maxspeed_position
    main.o(i.main) refers to tim.o(.bss) for htim2
    main.o(i.main) refers to fourier_series_traj_exciting.o(.data) for motor_control_k
    gpio.o(i.MX_GPIO_Init) refers to stm32f1xx_hal_gpio.o(i.HAL_GPIO_WritePin) for HAL_GPIO_WritePin
    gpio.o(i.MX_GPIO_Init) refers to stm32f1xx_hal_gpio.o(i.HAL_GPIO_Init) for HAL_GPIO_Init
    adc.o(i.HAL_ADC_MspDeInit) refers to stm32f1xx_hal_gpio.o(i.HAL_GPIO_DeInit) for HAL_GPIO_DeInit
[...]
    .text                                    0x080006b2   Section        0  dflti.o(.text)
    .text                                    0x080006d4   Section        0  dfltui.o(.text)
    .text                                    0x080006ee   Section        0  ffixi.o(.text)
    .text                                    0x08000720   Section        0  ffixui.o(.text)
    .text                                    0x08000748   Section        0  dfixi.o(.text)
    .text                                    0x08000786   Section        0  dfixui.o(.text)
    .text                                    0x080007b8   Section        0  f2d.o(.text)
    .text                                    0x080007de   Section        0  d2f.o(.text)
    .text                                    0x08000816   Section        0  uidiv.o(.text)
    .text                                    0x08000842   Section        0  uldiv.o(.text)
    .text                                    0x080008a4   Section        0  llshl.o(.text)
    .text                                    0x080008c2   Section        0  llsshr.o(.text)
    .text                                    0x080008e6   Section        0  fepilogue.o(.text)
    .text                                    0x080008e6   Section        0  iusefp.o(.text)
    .text                                    0x08000954   Section        0  depilogue.o(.text)
    .text                                    0x08000a0e   Section        0  dfixul.o(.text)
    .text                                    0x08000a40   Section       48  cdrcmple.o(.text)
    .text                                    0x08000a70   Section       36  init.o(.text)
    .text                                    0x08000a94   Section        0  __dczerorl.o(.text)
    i.ADC_ConversionStop_Disable             0x08000ad0   Section        0  stm32f1xx_hal_adc.o(i.ADC_ConversionStop_Disable)
    i.ADC_Enable                             0x08000b28   Section        0  stm32f1xx_hal_adc.o(i.ADC_Enable)
    i.BusFault_Handler                       0x08000ba4   Section        0  stm32f1xx_it.o(i.BusFault_Handler)
    i.CAN_Filter_Init                        0x08000ba8   Section        0  can.o(i.CAN_Filter_Init)
    i.DebugMon_Handler                       0x08000bfc   Section        0  stm32f1xx_it.o(i.DebugMon_Handler)
    i.Delay_ms                               0x08000bfe   Section        0  tim.o(i.Delay_ms)
    i.Delay_us                               0x08000c14   Section        0  tim.o(i.Delay_us)
    i.Error_Handler                          0x08000c44   Section        0  main.o(i.Error_Handler)
    i.HAL_ADC_ConfigChannel                  0x08000c48   Section        0  stm32f1xx_hal_adc.o(i.HAL_ADC_ConfigChannel)
    i.HAL_ADC_GetState                       0x08000d44   Section        0  stm32f1xx_hal_adc.o(i.HAL_ADC_GetState)
    i.HAL_ADC_GetValue                       0x08000d48   Section        0  stm32f1xx_hal_adc.o(i.HAL_ADC_GetValue)
    i.HAL_ADC_Init                           0x08000d50   Section        0  stm32f1xx_hal_adc.o(i.HAL_ADC_Init)
    i.HAL_ADC_MspInit                        0x08000e70   Section        0  adc.o(i.HAL_ADC_MspInit)
    i.HAL_ADC_PollForConversion              0x08000ec8   Section        0  stm32f1xx_hal_adc.o(i.HAL_ADC_PollForConversion)
    i.HAL_ADC_Start                          0x08001004   Section        0  stm32f1xx_hal_adc.o(i.HAL_ADC_Start)
    i.HAL_CAN_ActivateNotification           0x080010c4   Section        0  stm32f1xx_hal_can.o(i.HAL_CAN_ActivateNotification)
    i.HAL_CAN_AddTxMessage                   0x080010e8   Section        0  stm32f1xx_hal_can.o(i.HAL_CAN_AddTxMessage)
    i.HAL_CAN_ConfigFilter                   0x080011c4   Section        0  stm32f1xx_hal_can.o(i.HAL_CAN_ConfigFilter)
    i.HAL_CAN_ErrorCallback                  0x080012b2   Section        0  stm32f1xx_hal_can.o(i.HAL_CAN_ErrorCallback)
    i.HAL_CAN_GetRxMessage                   0x080012b4   Section        0  stm32f1xx_hal_can.o(i.HAL_CAN_GetRxMessage)
    i.HAL_CAN_IRQHandler                     0x0800139c   Section        0  stm32f1xx_hal_can.o(i.HAL_CAN_IRQHandler)
    i.HAL_CAN_Init                           0x08001598   Section        0  stm32f1xx_hal_can.o(i.HAL_CAN_Init)
    i.HAL_CAN_MspInit                        0x080016b4   Section        0  can.o(i.HAL_CAN_MspInit)
    i.HAL_CAN_RxFifo0FullCallback            0x08001730   Section        0  stm32f1xx_hal_can.o(i.HAL_CAN_RxFifo0FullCallback)
    i.HAL_CAN_RxFifo0MsgPendingCallback      0x08001734   Section        0  can.o(i.HAL_CAN_RxFifo0MsgPendingCallback)
    i.HAL_CAN_RxFifo1FullCallback            0x080017e4   Section        0  stm32f1xx_hal_can.o(i.HAL_CAN_RxFifo1FullCallback)
    i.HAL_CAN_RxFifo1MsgPendingCallback      0x080017e6   Section        0  stm32f1xx_hal_can.o(i.HAL_CAN_RxFifo1MsgPendingCallback)
    i.HAL_CAN_SleepCallback                  0x080017e8   Section        0  stm32f1xx_hal_can.o(i.HAL_CAN_SleepCallback)
    i.HAL_CAN_Start                          0x080017ec   Section        0  stm32f1xx_hal_can.o(i.HAL_CAN_Start)
    i.HAL_CAN_TxMailbox0AbortCallback        0x08001844   Section        0  stm32f1xx_hal_can.o(i.HAL_CAN_TxMailbox0AbortCallback)
    i.HAL_CAN_TxMailbox0CompleteCallback     0x08001846   Section        0  stm32f1xx_hal_can.o(i.HAL_CAN_TxMailbox0CompleteCallback)
    i.HAL_CAN_TxMailbox1AbortCallback        0x08001848   Section        0  stm32f1xx_hal_can.o(i.HAL_CAN_TxMailbox1AbortCallback)
    i.HAL_CAN_TxMailbox1CompleteCallback     0x0800184a   Section        0  stm32f1xx_hal_can.o(i.HAL_CAN_TxMailbox1CompleteCallback)
    i.HAL_CAN_TxMailbox2AbortCallback        0x0800184c   Section        0  stm32f1xx_hal_can.o(i.HAL_CAN_TxMailbox2AbortCallback)
    i.HAL_CAN_TxMailbox2CompleteCallback     0x0800184e   Section        0  stm32f1xx_hal_can.o(i.HAL_CAN_TxMailbox2CompleteCallback)
    i.HAL_CAN_WakeUpFromRxMsgCallback        0x08001850   Section        0  stm32f1xx_hal_can.o(i.HAL_CAN_WakeUpFromRxMsgCallback)
    i.HAL_DMA_Abort                          0x08001852   Section        0  stm32f1xx_hal_dma.o(i.HAL_DMA_Abort)
    i.HAL_DMA_Abort_IT                       0x08001898   Section        0  stm32f1xx_hal_dma.o(i.HAL_DMA_Abort_IT)
    i.HAL_Delay                              0x080019c8   Section        0  stm32f1xx_hal.o(i.HAL_Delay)
    i.HAL_GPIO_Init                          0x080019ec   Section        0  stm32f1xx_hal_gpio.o(i.HAL_GPIO_Init)
    i.HAL_GPIO_WritePin                      0x08001be4   Section        0  stm32f1xx_hal_gpio.o(i.HAL_GPIO_WritePin)
    i.HAL_GetTick                            0x08001bf0   Section        0  stm32f1xx_hal.o(i.HAL_GetTick)
    i.HAL_IncTick                            0x08001bfc   Section        0  stm32f1xx_hal.o(i.HAL_IncTick)
    i.HAL_Init                               0x08001c0c   Section        0  stm32f1xx_hal.o(i.HAL_Init)
    i.HAL_InitTick                           0x08001c30   Section        0  stm32f1xx_hal.o(i.HAL_InitTick)
    i.HAL_MspInit                            0x08001c70   Section        0  stm32f1xx_hal_msp.o(i.HAL_MspInit)
    i.HAL_NVIC_EnableIRQ                     0x08001cac   Section        0  stm32f1xx_hal_cortex.o(i.HAL_NVIC_EnableIRQ)
    i.HAL_NVIC_SetPriority                   0x08001cc8   Section        0  stm32f1xx_hal_cortex.o(i.HAL_NVIC_SetPriority)
    i.HAL_NVIC_SetPriorityGrouping           0x08001d08   Section        0  stm32f1xx_hal_cortex.o(i.HAL_NVIC_SetPriorityGrouping)
    i.HAL_RCCEx_GetPeriphCLKFreq             0x08001d2c   Section        0  stm32f1xx_hal_rcc_ex.o(i.HAL_RCCEx_GetPeriphCLKFreq)
    i.HAL_RCCEx_PeriphCLKConfig              0x08001e00   Section        0  stm32f1xx_hal_rcc_ex.o(i.HAL_RCCEx_PeriphCLKConfig)
    i.HAL_RCC_ClockConfig                    0x08001eec   Section        0  stm32f1xx_hal_rcc.o(i.HAL_RCC_ClockConfig)
    i.HAL_RCC_GetPCLK1Freq                   0x08002018   Section        0  stm32f1xx_hal_rcc.o(i.HAL_RCC_GetPCLK1Freq)
    i.HAL_RCC_GetPCLK2Freq                   0x08002038   Section        0  stm32f1xx_hal_rcc.o(i.HAL_RCC_GetPCLK2Freq)
    i.HAL_RCC_GetSysClockFreq                0x08002058   Section        0  stm32f1xx_hal_rcc.o(i.HAL_RCC_GetSysClockFreq)
    i.HAL_RCC_OscConfig                      0x080020c4   Section        0  stm32f1xx_hal_rcc.o(i.HAL_RCC_OscConfig)
    i.HAL_SYSTICK_Config                     0x080023e4   Section        0  stm32f1xx_hal_cortex.o(i.HAL_SYSTICK_Config)
    i.HAL_TIMEx_BreakCallback                0x0800240c   Section        0  stm32f1xx_hal_tim_ex.o(i.HAL_TIMEx_BreakCallback)
    i.HAL_TIMEx_CommutCallback               0x0800240e   Section        0  stm32f1xx_hal_tim_ex.o(i.HAL_TIMEx_CommutCallback)
    i.HAL_TIMEx_MasterConfigSynchronization  0x08002410   Section        0  stm32f1xx_hal_tim_ex.o(i.HAL_TIMEx_MasterConfigSynchronization)
    i.HAL_TIM_Base_Init                      0x0800248c   Section        0  stm32f1xx_hal_tim.o(i.HAL_TIM_Base_Init)
    i.HAL_TIM_Base_MspInit                   0x080024e8   Section        0  tim.o(i.HAL_TIM_Base_MspInit)
    i.HAL_TIM_Base_Start                     0x08002570   Section        0  stm32f1xx_hal_tim.o(i.HAL_TIM_Base_Start)
    i.HAL_TIM_Base_Start_IT                  0x080025d4   Section        0  stm32f1xx_hal_tim.o(i.HAL_TIM_Base_Start_IT)
    i.HAL_TIM_Base_Stop                      0x08002640   Section        0  stm32f1xx_hal_tim.o(i.HAL_TIM_Base_Stop)
    i.HAL_TIM_Base_Stop_IT                   0x08002666   Section        0  stm32f1xx_hal_tim.o(i.HAL_TIM_Base_Stop_IT)
    i.HAL_TIM_ConfigClockSource              0x08002696   Section        0  stm32f1xx_hal_tim.o(i.HAL_TIM_ConfigClockSource)
    i.HAL_TIM_IC_CaptureCallback             0x0800276c   Section        0  stm32f1xx_hal_tim.o(i.HAL_TIM_IC_CaptureCallback)
    i.HAL_TIM_IRQHandler                     0x0800276e   Section        0  stm32f1xx_hal_tim.o(i.HAL_TIM_IRQHandler)
    i.HAL_TIM_OC_DelayElapsedCallback        0x080028d4   Section        0  stm32f1xx_hal_tim.o(i.HAL_TIM_OC_DelayElapsedCallback)
    i.HAL_TIM_PWM_PulseFinishedCallback      0x080028d6   Section        0  stm32f1xx_hal_tim.o(i.HAL_TIM_PWM_PulseFinishedCallback)
    i.HAL_TIM_PeriodElapsedCallback          0x080028d8   Section        0  tim.o(i.HAL_TIM_PeriodElapsedCallback)
    i.HAL_TIM_TriggerCallback                0x08002930   Section        0  stm32f1xx_hal_tim.o(i.HAL_TIM_TriggerCallback)
    i.HAL_UARTEx_RxEventCallback             0x08002932   Section        0  stm32f1xx_hal_uart.o(i.HAL_UARTEx_RxEventCallback)
    i.HAL_UART_ErrorCallback                 0x08002934   Section        0  stm32f1xx_hal_uart.o(i.HAL_UART_ErrorCallback)
    i.HAL_UART_IRQHandler                    0x08002938   Section        0  stm32f1xx_hal_uart.o(i.HAL_UART_IRQHandler)
    i.HAL_UART_Init                          0x08002b44   Section        0  stm32f1xx_hal_uart.o(i.HAL_UART_Init)
    i.HAL_UART_MspInit                       0x08002ba8   Section        0  usart.o(i.HAL_UART_MspInit)
    i.HAL_UART_RxCpltCallback                0x08002c84   Section        0  usart.o(i.HAL_UART_RxCpltCallback)
    i.HAL_UART_Transmit                      0x08002cd4   Section        0  stm32f1xx_hal_uart.o(i.HAL_UART_Transmit)
    i.HAL_UART_TxCpltCallback                0x08002d86   Section        0  stm32f1xx_hal_uart.o(i.HAL_UART_TxCpltCallback)
    i.HardFault_Handler                      0x08002d88   Section        0  stm32f1xx_it.o(i.HardFault_Handler)
    i.IDS830_can_send                        0x08002d8c   Section        0  ids830can.o(i.IDS830_can_send)
    i.LinearActuator_read_CurrentandSpeed    0x08002db4   Section        0  ids830can.o(i.LinearActuator_read_CurrentandSpeed)
    i.LinearActuator_read_position           0x08002e9c   Section        0  ids830can.o(i.LinearActuator_read_position)
    i.LinearActuator_startRun_maxspeed_position 0x08002f2c   Section        0  ids830can.o(i.LinearActuator_startRun_maxspeed_position)
    i.MX_ADC1_Init                           0x08002fa4   Section        0  adc.o(i.MX_ADC1_Init)
    i.MX_CAN_Init                            0x08002ff4   Section        0  can.o(i.MX_CAN_Init)
    i.MX_GPIO_Init                           0x08003038   Section        0  gpio.o(i.MX_GPIO_Init)
    i.MX_TIM2_Init                           0x080030a8   Section        0  tim.o(i.MX_TIM2_Init)
    i.MX_TIM3_Init                           0x08003110   Section        0  tim.o(i.MX_TIM3_Init)
    i.MX_TIM4_Init                           0x08003178   Section        0  tim.o(i.MX_TIM4_Init)
    i.MX_USART1_UART_Init                    0x080031e0   Section        0  usart.o(i.MX_USART1_UART_Init)
    i.MX_USART3_UART_Init                    0x08003218   Section        0  usart.o(i.MX_USART3_UART_Init)
    i.MemManage_Handler                      0x08003250   Section        0  stm32f1xx_it.o(i.MemManage_Handler)
    i.NMI_Handler                            0x08003252   Section        0  stm32f1xx_it.o(i.NMI_Handler)
    i.PendSV_Handler                         0x08003254   Section        0  stm32f1xx_it.o(i.PendSV_Handler)
    i.SVC_Handler                            0x08003256   Section        0  stm32f1xx_it.o(i.SVC_Handler)
    i.SysTick_Handler                        0x08003258   Section        0  stm32f1xx_it.o(i.SysTick_Handler)
    i.SystemClock_Config                     0x0800325c   Section        0  main.o(i.SystemClock_Config)
    i.SystemInit                             0x080032d6   Section        0  system_stm32f1xx.o(i.SystemInit)
    i.TIM2_IRQHandler                        0x080032d8   Section        0  stm32f1xx_it.o(i.TIM2_IRQHandler)
    i.TIM3_IRQHandler                        0x080032e4   Section        0  stm32f1xx_it.o(i.TIM3_IRQHandler)
    i.TIM4_IRQHandler                        0x080032f0   Section        0  stm32f1xx_it.o(i.TIM4_IRQHandler)
    i.TIM_Base_SetConfig                     0x080032fc   Section        0  stm32f1xx_hal_tim.o(i.TIM_Base_SetConfig)
    i.TIM_ETR_SetConfig                      0x08003388   Section        0  stm32f1xx_hal_tim.o(i.TIM_ETR_SetConfig)
    i.TIM_ITRx_SetConfig                     0x0800339c   Section        0  stm32f1xx_hal_tim.o(i.TIM_ITRx_SetConfig)
    TIM_ITRx_SetConfig                       0x0800339d   Thumb Code    16  stm32f1xx_hal_tim.o(i.TIM_ITRx_SetConfig)
    i.TIM_TI1_ConfigInputStage               0x080033ac   Section        0  stm32f1xx_hal_tim.o(i.TIM_TI1_ConfigInputStage)
    TIM_TI1_ConfigInputStage                 0x080033ad   Thumb Code    34  stm32f1xx_hal_tim.o(i.TIM_TI1_ConfigInputStage)
    i.TIM_TI2_ConfigInputStage               0x080033ce   Section        0  stm32f1xx_hal_tim.o(i.TIM_TI2_ConfigInputStage)
    TIM_TI2_ConfigInputStage                 0x080033cf   Thumb Code    36  stm32f1xx_hal_tim.o(i.TIM_TI2_ConfigInputStage)
    i.UART_DMAAbortOnError                   0x080033f2   Section        0  stm32f1xx_hal_uart.o(i.UART_DMAAbortOnError)
    UART_DMAAbortOnError                     0x080033f3   Thumb Code    16  stm32f1xx_hal_uart.o(i.UART_DMAAbortOnError)
    i.UART_EndRxTransfer                     0x08003402   Section        0  stm32f1xx_hal_uart.o(i.UART_EndRxTransfer)
    UART_EndRxTransfer                       0x08003403   Thumb Code    48  stm32f1xx_hal_uart.o(i.UART_EndRxTransfer)
    i.UART_Receive_IT                        0x08003432   Section        0  stm32f1xx_hal_uart.o(i.UART_Receive_IT)
    UART_Receive_IT                          0x08003433   Thumb Code   182  stm32f1xx_hal_uart.o(i.UART_Receive_IT)
    i.UART_SetConfig                         0x080034e8   Section        0  stm32f1xx_hal_uart.o(i.UART_SetConfig)
    UART_SetConfig                           0x080034e9   Thumb Code   178  stm32f1xx_hal_uart.o(i.UART_SetConfig)
    i.UART_WaitOnFlagUntilTimeout            0x080035a0   Section        0  stm32f1xx_hal_uart.o(i.UART_WaitOnFlagUntilTimeout)
    UART_WaitOnFlagUntilTimeout              0x080035a1   Thumb Code   100  stm32f1xx_hal_uart.o(i.UART_WaitOnFlagUntilTimeout)
    i.USART1_IRQHandler                      0x08003604   Section        0  stm32f1xx_it.o(i.USART1_IRQHandler)
    i.USART3_IRQHandler                      0x08003610   Section        0  stm32f1xx_it.o(i.USART3_IRQHandler)
    i.USB_LP_CAN1_RX0_IRQHandler             0x0800361c   Section        0  stm32f1xx_it.o(i.USB_LP_CAN1_RX0_IRQHandler)
    i.UsageFault_Handler                     0x08003628   Section        0  stm32f1xx_it.o(i.UsageFault_Handler)
    i.__0printf                              0x0800362c   Section        0  printfa.o(i.__0printf)
    i.__ARM_fpclassify                       0x0800364c   Section        0  fpclassify.o(i.__ARM_fpclassify)
    i.__NVIC_SetPriority                     0x08003674   Section        0  stm32f1xx_hal_cortex.o(i.__NVIC_SetPriority)
    __NVIC_SetPriority                       0x08003675   Thumb Code    32  stm32f1xx_hal_cortex.o(i.__NVIC_SetPriority)
    i.__ieee754_rem_pio2                     0x08003694   Section        0  rred.o(i.__ieee754_rem_pio2)
    i.__kernel_cos                           0x08003a1c   Section        0  cos_i.o(i.__kernel_cos)
    i.__kernel_poly                          0x08003b18   Section        0  poly.o(i.__kernel_poly)
    i.__kernel_sin                           0x08003bc4   Section        0  sin_i.o(i.__kernel_sin)
    i.__mathlib_dbl_infnan                   0x08003cb0   Section        0  dunder.o(i.__mathlib_dbl_infnan)
    i.__mathlib_dbl_invalid                  0x08003cb6   Section        0  dunder.o(i.__mathlib_dbl_invalid)
    i.__mathlib_dbl_underflow                0x08003cc4   Section        0  dunder.o(i.__mathlib_dbl_underflow)
    i.__scatterload_copy                     0x08003cd4   Section       14  handlers.o(i.__scatterload_copy)
    i.__scatterload_null                     0x08003ce2   Section        2  handlers.o(i.__scatterload_null)
    i.__scatterload_zeroinit                 0x08003ce4   Section       14  handlers.o(i.__scatterload_zeroinit)
    i.__set_errno                            0x08003cf4   Section        0  errno.o(i.__set_errno)
    i._fp_digits                             0x08003d00   Section        0  printfa.o(i._fp_digits)
    _fp_digits                               0x08003d01   Thumb Code   366  printfa.o(i._fp_digits)
    i._printf_core                           0x08003e84   Section        0  printfa.o(i._printf_core)
    _printf_core                             0x08003e85   Thumb Code  1704  printfa.o(i._printf_core)
    i._printf_post_padding                   0x08004538   Section        0  printfa.o(i._printf_post_padding)
    _printf_post_padding                     0x08004539   Thumb Code    36  printfa.o(i._printf_post_padding)
    i._printf_pre_padding                    0x0800455c   Section        0  printfa.o(i._printf_pre_padding)
    _printf_pre_padding                      0x0800455d   Thumb Code    46  printfa.o(i._printf_pre_padding)
    i.angle_close_loop_with_speed            0x0800458c   Section        0  lkmoto.o(i.angle_close_loop_with_speed)
    i.can_send                               0x080046a0   Section        0  lkmoto.o(i.can_send)
    i.cos                                    0x080046cc   Section        0  cos.o(i.cos)
    i.fourier_series_traj                    0x08004768   Section        0  fourier_series_traj_exciting.o(i.fourier_series_traj)
    i.fputc                                  0x08004898   Section        0  usart.o(i.fputc)
    i.main                                   0x080048b0   Section        0  main.o(i.main)
    i.motor_run                              0x08004a44   Section        0  lkmoto.o(i.motor_run)
    i.pressure_SensorReading                 0x08004a68   Section        0  sensors_reading.o(i.pressure_SensorReading)
    i.readData_pointTopoint                  0x08004af0   Section        0  ids830can.o(i.readData_pointTopoint)
    i.read_angle                             0x08004b48   Section        0  lkmoto.o(i.read_angle)
    i.read_status2                           0x08004c1c   Section        0  lkmoto.o(i.read_status2)
    i.run_fourier_series_traj                0x08004cdc   Section        0  fourier_series_traj_exciting.o(i.run_fourier_series_traj)
    i.sin                                    0x08004ed4   Section        0  sin.o(i.sin)
    i.ske_base_position                      0x08004f74   Section        0  lkmoto.o(i.ske_base_position)
    i.traj_exciting_init                     0x08004fd0   Section        0  fourier_series_traj_exciting.o(i.traj_exciting_init)
    i.writeData_pointTopoint                 0x08005008   Section        0  ids830can.o(i.writeData_pointTopoint)
    .constdata                               0x08005060   Section       16  system_stm32f1xx.o(.constdata)
    .constdata                               0x08005070   Section        8  system_stm32f1xx.o(.constdata)
    .constdata                               0x08005078   Section       48  cos_i.o(.constdata)
    C                                        0x08005078   Data          48  cos_i.o(.constdata)
    .constdata                               0x080050a8   Section      200  rred.o(.constdata)
    pio2s                                    0x080050a8   Data          48  rred.o(.constdata)
    twooverpi                                0x080050d8   Data         152  rred.o(.constdata)
    .constdata                               0x08005170   Section       40  sin_i.o(.constdata)
    S                                        0x08005170   Data          40  sin_i.o(.constdata)
    .data                                    0x20000000   Section        4  usart.o(.data)
    .data                                    0x20000004   Section       20  ids830can.o(.data)
    txMailBox                                0x20000004   Data           4  ids830can.o(.data)
    .data                                    0x20000018   Section        4  sensors_reading.o(.data)
    .data                                    0x2000001c   Section      288  fourier_series_traj_exciting.o(.data)
    .data                                    0x2000013c   Section       32  lkmoto.o(.data)
    txMailBox                                0x2000013c   Data           4  lkmoto.o(.data)
    .data                                    0x2000015c   Section       12  stm32f1xx_hal.o(.data)
    .data                                    0x20000168   Section        4  system_stm32f1xx.o(.data)
    .data                                    0x2000016c   Section        4  stdout.o(.data)
    .data                                    0x20000170   Section        4  errno.o(.data)
    _errno                                   0x20000170   Data           4  errno.o(.data)
    .bss                                     0x20000174   Section       48  adc.o(.bss)
    .bss                                     0x200001a4   Section       24  can.o(.bss)
    .bss                                     0x200001bc   Section      108  can.o(.bss)
    .bss                                     0x20000228   Section      216  tim.o(.bss)
    .bss                                     0x20000300   Section     2536  usart.o(.bss)
    .bss                                     0x20000ce8   Section       56  fourier_series_traj_exciting.o(.bss)
    STACK                                    0x20000d20   Section     1024  startup_stm32f103xe.o(STACK)

    Global Symbols

    Symbol Name                              Value     Ov Type        Size  Object(Section)

    BuildAttributes$$THM_ISAv4$P$D$K$B$S$PE$A:L22UL41UL21$X:L11$S22US41US21$IEEE1$IW$USESV6$~STKCKD$USESV7$~SHL$OTIME$ROPI$IEEEX$EBA8$MICROLIB$REQ8$PRES8$EABIv2 0x00000000   Number         0  anon$$obj.o ABSOLUTE
    __ARM_use_no_argv                        0x00000000   Number         0  main.o ABSOLUTE
    _printf_a                                0x00000000   Number         0  stubs.o ABSOLUTE
    _printf_c                                0x00000000   Number         0  stubs.o ABSOLUTE
    _printf_charcount                        0x00000000   Number         0  stubs.o ABSOLUTE
    _printf_d                                0x00000000   Number         0  stubs.o ABSOLUTE
    _printf_e                                0x00000000   Number         0  stubs.o ABSOLUTE
    _printf_f                                0x00000000   Number         0  stubs.o ABSOLUTE
    _printf_flags                            0x00000000   Number         0  stubs.o ABSOLUTE
    _printf_fp_dec                           0x00000000   Number         0  stubs.o ABSOLUTE
    _printf_fp_hex                           0x00000000   Number         0  stubs.o ABSOLUTE
    _printf_g                                0x00000000   Number         0  stubs.o ABSOLUTE
    _printf_i                                0x00000000   Number         0  stubs.o ABSOLUTE
    _printf_int_dec                          0x00000000   Number         0  stubs.o ABSOLUTE
    _printf_l                                0x00000000   Number         0  stubs.o ABSOLUTE
    _printf_lc                               0x00000000   Number         0  stubs.o ABSOLUTE
    _printf_ll                               0x00000000   Number         0  stubs.o ABSOLUTE
    _printf_lld                              0x00000000   Number         0  stubs.o ABSOLUTE
    _printf_lli                              0x00000000   Number         0  stubs.o ABSOLUTE
    _printf_llo                              0x00000000   Number         0  stubs.o ABSOLUTE
    _printf_llu                              0x00000000   Number         0  stubs.o ABSOLUTE
    _printf_llx                              0x00000000   Number         0  stubs.o ABSOLUTE
    _printf_longlong_dec                     0x00000000   Number         0  stubs.o ABSOLUTE
    _printf_longlong_hex                     0x00000000   Number         0  stubs.o ABSOLUTE
    _printf_longlong_oct                     0x00000000   Number         0  stubs.o ABSOLUTE
    _printf_ls                               0x00000000   Number         0  stubs.o ABSOLUTE
    _printf_mbtowc                           0x00000000   Number         0  stubs.o ABSOLUTE
    _printf_n                                0x00000000   Number         0  stubs.o ABSOLUTE
    _printf_o                                0x00000000   Number         0  stubs.o ABSOLUTE
    _printf_p                                0x00000000   Number         0  stubs.o ABSOLUTE
    _printf_percent                          0x00000000   Number         0  stubs.o ABSOLUTE
    _printf_pre_padding                      0x00000000   Number         0  stubs.o ABSOLUTE
    _printf_return_value                     0x00000000   Number         0  stubs.o ABSOLUTE
    _printf_s                                0x00000000   Number         0  stubs.o ABSOLUTE
    _printf_sizespec                         0x00000000   Number         0  stubs.o ABSOLUTE
    _printf_str                              0x00000000   Number         0  stubs.o ABSOLUTE
    _printf_truncate_signed                  0x00000000   Number         0  stubs.o ABSOLUTE
    _printf_truncate_unsigned                0x00000000   Number         0  stubs.o ABSOLUTE
    _printf_u                                0x00000000   Number         0  stubs.o ABSOLUTE
    _printf_wc                               0x00000000   Number         0  stubs.o ABSOLUTE
    _printf_wctomb                           0x00000000   Number         0  stubs.o ABSOLUTE
    _printf_widthprec                        0x00000000   Number         0  stubs.o ABSOLUTE
    _printf_x                                0x00000000   Number         0  stubs.o ABSOLUTE
    __arm_fini_                               - Undefined Weak Reference
    __cpp_initialize__aeabi_                  - Undefined Weak Reference
    __cxa_finalize                            - Undefined Weak Reference
    _clock_init                               - Undefined Weak Reference
    _microlib_exit                            - Undefined Weak Reference
    __Vectors_Size                           0x00000130   Number         0  startup_stm32f103xe.o ABSOLUTE
    __Vectors                                0x08000000   Data           4  startup_stm32f103xe.o(RESET)
    __Vectors_End                            0x08000130   Data           0  startup_stm32f103xe.o(RESET)
    __main                                   0x08000131   Thumb Code     0  entry.o(.ARM.Collect$$$$00000000)
    _main_stk                                0x08000131   Thumb Code     0  entry2.o(.ARM.Collect$$$$00000001)
    _main_scatterload                        0x08000135   Thumb Code     0  entry5.o(.ARM.Collect$$$$00000004)
    __main_after_scatterload                 0x08000139   Thumb Code     0  entry5.o(.ARM.Collect$$$$00000004)
    _main_clock                              0x08000139   Thumb Code     0  entry7b.o(.ARM.Collect$$$$00000008)
    _main_cpp_init                           0x08000139   Thumb Code     0  entry8b.o(.ARM.Collect$$$$0000000A)
    _main_init                               0x08000139   Thumb Code     0  entry9a.o(.ARM.Collect$$$$0000000B)
    __rt_lib_shutdown_fini                   0x08000141   Thumb Code     0  entry12b.o(.ARM.Collect$$$$0000000E)
    __rt_final_cpp                           0x08000145   Thumb Code     0  entry10a.o(.ARM.Collect$$$$0000000F)
    __rt_final_exit                          0x08000145   Thumb Code     0  entry11a.o(.ARM.Collect$$$$00000011)
    Reset_Handler                            0x08000149   Thumb Code     8  startup_stm32f103xe.o(.text)
    ADC1_2_IRQHandler                        0x08000163   Thumb Code     0  startup_stm32f103xe.o(.text)
    ADC3_IRQHandler                          0x08000163   Thumb Code     0  startup_stm32f103xe.o(.text)
    CAN1_RX1_IRQHandler                      0x08000163   Thumb Code     0  startup_stm32f103xe.o(.text)
    CAN1_SCE_IRQHandler                      0x08000163   Thumb Code     0  startup_stm32f103xe.o(.text)
    DMA1_Channel1_IRQHandler                 0x08000163   Thumb Code     0  startup_stm32f103xe.o(.text)
    DMA1_Channel2_IRQHandler                 0x08000163   Thumb Code     0  startup_stm32f103xe.o(.text)
    DMA1_Channel3_IRQHandler                 0x08000163   Thumb Code     0  startup_stm32f103xe.o(.text)
    DMA1_Channel4_IRQHandler                 0x08000163   Thumb Code     0  startup_stm32f103xe.o(.text)
    DMA1_Channel5_IRQHandler                 0x08000163   Thumb Code     0  startup_stm32f103xe.o(.text)
    DMA1_Channel6_IRQHandler                 0x08000163   Thumb Code     0  startup_stm32f103xe.o(.text)
    DMA1_Channel7_IRQHandler                 0x08000163   Thumb Code     0  startup_stm32f103xe.o(.text)
    DMA2_Channel1_IRQHandler                 0x08000163   Thumb Code     0  startup_stm32f103xe.o(.text)
    DMA2_Channel2_IRQHandler                 0x08000163   Thumb Code     0  startup_stm32f103xe.o(.text)
    DMA2_Channel3_IRQHandler                 0x08000163   Thumb Code     0  startup_stm32f103xe.o(.text)
    DMA2_Channel4_5_IRQHandler               0x08000163   Thumb Code     0  startup_stm32f103xe.o(.text)
    EXTI0_IRQHandler                         0x08000163   Thumb Code     0  startup_stm32f103xe.o(.text)
    EXTI15_10_IRQHandler                     0x08000163   Thumb Code     0  startup_stm32f103xe.o(.text)
    EXTI1_IRQHandler                         0x08000163   Thumb Code     0  startup_stm32f103xe.o(.text)
    EXTI2_IRQHandler                         0x08000163   Thumb Code     0  startup_stm32f103xe.o(.text)
    EXTI3_IRQHandler                         0x08000163   Thumb Code     0  startup_stm32f103xe.o(.text)
    EXTI4_IRQHandler                         0x08000163   Thumb Code     0  startup_stm32f103xe.o(.text)
    EXTI9_5_IRQHandler                       0x08000163   Thumb Code     0  startup_stm32f103xe.o(.text)
    FLASH_IRQHandler                         0x08000163   Thumb Code     0  startup_stm32f103xe.o(.text)
    FSMC_IRQHandler                          0x08000163   Thumb Code     0  startup_stm32f103xe.o(.text)
    I2C1_ER_IRQHandler                       0x08000163   Thumb Code     0  startup_stm32f103xe.o(.text)
    I2C1_EV_IRQHandler                       0x08000163   Thumb Code     0  startup_stm32f103xe.o(.text)
    I2C2_ER_IRQHandler                       0x08000163   Thumb Code     0  startup_stm32f103xe.o(.text)
    I2C2_EV_IRQHandler                       0x08000163   Thumb Code     0  startup_stm32f103xe.o(.text)
    PVD_IRQHandler                           0x08000163   Thumb Code     0  startup_stm32f103xe.o(.text)
    RCC_IRQHandler                           0x08000163   Thumb Code     0  startup_stm32f103xe.o(.text)
    RTC_Alarm_IRQHandler                     0x08000163   Thumb Code     0  startup_stm32f103xe.o(.text)
    RTC_IRQHandler                           0x08000163   Thumb Code     0  startup_stm32f103xe.o(.text)
    SDIO_IRQHandler                          0x08000163   Thumb Code     0  startup_stm32f103xe.o(.text)
    SPI1_IRQHandler                          0x08000163   Thumb Code     0  startup_stm32f103xe.o(.text)
    SPI2_IRQHandler                          0x08000163   Thumb Code     0  startup_stm32f103xe.o(.text)
    SPI3_IRQHandler                          0x08000163   Thumb Code     0  startup_stm32f103xe.o(.text)
    TAMPER_IRQHandler                        0x08000163   Thumb Code     0  startup_stm32f103xe.o(.text)
    TIM1_BRK_IRQHandler                      0x08000163   Thumb Code     0  startup_stm32f103xe.o(.text)
    TIM1_CC_IRQHandler                       0x08000163   Thumb Code     0  startup_stm32f103xe.o(.text)
    TIM1_TRG_COM_IRQHandler                  0x08000163   Thumb Code     0  startup_stm32f103xe.o(.text)
    TIM1_UP_IRQHandler                       0x08000163   Thumb Code     0  startup_stm32f103xe.o(.text)
    TIM5_IRQHandler                          0x08000163   Thumb Code     0  startup_stm32f103xe.o(.text)
    TIM6_IRQHandler                          0x08000163   Thumb Code     0  startup_stm32f103xe.o(.text)
    TIM7_IRQHandler                          0x08000163   Thumb Code     0  startup_stm32f103xe.o(.text)
    TIM8_BRK_IRQHandler                      0x08000163   Thumb Code     0  startup_stm32f103xe.o(.text)
    TIM8_CC_IRQHandler                       0x08000163   Thumb Code     0  startup_stm32f103xe.o(.text)
    TIM8_TRG_COM_IRQHandler                  0x08000163   Thumb Code     0  startup_stm32f103xe.o(.text)
    TIM8_UP_IRQHandler                       0x08000163   Thumb Code     0  startup_stm32f103xe.o(.text)
    UART4_IRQHandler                         0x08000163   Thumb Code     0  startup_stm32f103xe.o(.text)
    UART5_IRQHandler                         0x08000163   Thumb Code     0  startup_stm32f103xe.o(.text)
    USART2_IRQHandler                        0x08000163   Thumb Code     0  startup_stm32f103xe.o(.text)
    USBWakeUp_IRQHandler                     0x08000163   Thumb Code     0  startup_stm32f103xe.o(.text)
    USB_HP_CAN1_TX_IRQHandler                0x08000163   Thumb Code     0  startup_stm32f103xe.o(.text)
    WWDG_IRQHandler                          0x08000163   Thumb Code     0  startup_stm32f103xe.o(.text)
    __aeabi_llsr                             0x0800016d   Thumb Code    32  llushr.o(.text)
    _ll_ushift_r                             0x0800016d   Thumb Code     0  llushr.o(.text)
    __aeabi_memset                           0x0800018d   Thumb Code    14  memseta.o(.text)
    __aeabi_memset4                          0x0800018d   Thumb Code     0  memseta.o(.text)
    __aeabi_memset8                          0x0800018d   Thumb Code     0  memseta.o(.text)
    __aeabi_memclr                           0x0800019b   Thumb Code     4  memseta.o(.text)
    __aeabi_memclr4                          0x0800019b   Thumb Code     0  memseta.o(.text)
    __aeabi_memclr8                          0x0800019b   Thumb Code     0  memseta.o(.text)
    _memset$wrapper                          0x0800019f   Thumb Code    18  memseta.o(.text)
    __aeabi_fadd                             0x080001b1   Thumb Code   164  fadd.o(.text)
    __aeabi_fsub                             0x08000255   Thumb Code     6  fadd.o(.text)
    __aeabi_frsub                            0x0800025b   Thumb Code     6  fadd.o(.text)
    __aeabi_fmul                             0x08000261   Thumb Code   100  fmul.o(.text)
    __aeabi_fdiv                             0x080002c5   Thumb Code   124  fdiv.o(.text)
    __ARM_scalbnf                            0x08000341   Thumb Code    24  fscalb.o(.text)
    scalbnf                                  0x08000341   Thumb Code     0  fscalb.o(.text)
    __aeabi_dadd                             0x08000359   Thumb Code   322  dadd.o(.text)
    __aeabi_dsub                             0x0800049b   Thumb Code     6  dadd.o(.text)
    __aeabi_drsub                            0x080004a1   Thumb Code     6  dadd.o(.text)
    __aeabi_dmul                             0x080004a7   Thumb Code   228  dmul.o(.text)
    __aeabi_ddiv                             0x0800058b   Thumb Code   222  ddiv.o(.text)
    __ARM_scalbn                             0x08000669   Thumb Code    46  dscalb.o(.text)
    scalbn                                   0x08000669   Thumb Code     0  dscalb.o(.text)
    __aeabi_i2f                              0x08000697   Thumb Code    18  fflti.o(.text)
    __aeabi_ui2f                             0x080006a9   Thumb Code    10  ffltui.o(.text)
    __aeabi_i2d                              0x080006b3   Thumb Code    34  dflti.o(.text)
    __aeabi_ui2d                             0x080006d5   Thumb Code    26  dfltui.o(.text)
    __aeabi_f2iz                             0x080006ef   Thumb Code    50  ffixi.o(.text)
    __aeabi_f2uiz                            0x08000721   Thumb Code    40  ffixui.o(.text)
    __aeabi_d2iz                             0x08000749   Thumb Code    62  dfixi.o(.text)
    __aeabi_d2uiz                            0x08000787   Thumb Code    50  dfixui.o(.text)
    __aeabi_f2d                              0x080007b9   Thumb Code    38  f2d.o(.text)
    __aeabi_d2f                              0x080007df   Thumb Code    56  d2f.o(.text)
    __aeabi_uidiv                            0x08000817   Thumb Code     0  uidiv.o(.text)
    __aeabi_uidivmod                         0x08000817   Thumb Code    44  uidiv.o(.text)
    __aeabi_uldivmod                         0x08000843   Thumb Code    98  uldiv.o(.text)
    __aeabi_llsl                             0x080008a5   Thumb Code    30  llshl.o(.text)
    _ll_shift_l                              0x080008a5   Thumb Code     0  llshl.o(.text)
    __aeabi_lasr                             0x080008c3   Thumb Code    36  llsshr.o(.text)
    _ll_sshift_r                             0x080008c3   Thumb Code     0  llsshr.o(.text)
    __I$use$fp                               0x080008e7   Thumb Code     0  iusefp.o(.text)
    _float_round                             0x080008e7   Thumb Code    18  fepilogue.o(.text)
    _float_epilogue                          0x080008f9   Thumb Code    92  fepilogue.o(.text)
    _double_round                            0x08000955   Thumb Code    30  depilogue.o(.text)
    _double_epilogue                         0x08000973   Thumb Code   156  depilogue.o(.text)
    __aeabi_d2ulz                            0x08000a0f   Thumb Code    48  dfixul.o(.text)
    __aeabi_cdrcmple                         0x08000a41   Thumb Code    48  cdrcmple.o(.text)
    __scatterload                            0x08000a71   Thumb Code    28  init.o(.text)
    __scatterload_rt2                        0x08000a71   Thumb Code     0  init.o(.text)
    __decompress                             0x08000a95   Thumb Code     0  __dczerorl.o(.text)
    __decompress0                            0x08000a95   Thumb Code    58  __dczerorl.o(.text)
    ADC_ConversionStop_Disable               0x08000ad1   Thumb Code    86  stm32f1xx_hal_adc.o(i.ADC_ConversionStop_Disable)
    ADC_Enable                               0x08000b29   Thumb Code   114  stm32f1xx_hal_adc.o(i.ADC_Enable)
    BusFault_Handler                         0x08000ba5   Thumb Code     2  stm32f1xx_it.o(i.BusFault_Handler)
    CAN_Filter_Init                          0x08000ba9   Thumb Code    78  can.o(i.CAN_Filter_Init)
    DebugMon_Handler                         0x08000bfd   Thumb Code     2  stm32f1xx_it.o(i.DebugMon_Handler)
    Delay_ms                                 0x08000bff   Thumb Code    22  tim.o(i.Delay_ms)
    Delay_us                                 0x08000c15   Thumb Code    44  tim.o(i.Delay_us)
    Error_Handler                            0x08000c45   Thumb Code     4  main.o(i.Error_Handler)
    HAL_ADC_ConfigChannel                    0x08000c49   Thumb Code   240  stm32f1xx_hal_adc.o(i.HAL_ADC_ConfigChannel)
    HAL_ADC_GetState                         0x08000d45   Thumb Code     4  stm32f1xx_hal_adc.o(i.HAL_ADC_GetState)
    HAL_ADC_GetValue                         0x08000d49   Thumb Code     6  stm32f1xx_hal_adc.o(i.HAL_ADC_GetValue)
    HAL_ADC_Init                             0x08000d51   Thumb Code   272  stm32f1xx_hal_adc.o(i.HAL_ADC_Init)
    HAL_ADC_MspInit                          0x08000e71   Thumb Code    76  adc.o(i.HAL_ADC_MspInit)
    HAL_ADC_PollForConversion                0x08000ec9   Thumb Code   304  stm32f1xx_hal_adc.o(i.HAL_ADC_PollForConversion)
    HAL_ADC_Start                            0x08001005   Thumb Code   184  stm32f1xx_hal_adc.o(i.HAL_ADC_Start)
    HAL_CAN_ActivateNotification             0x080010c5   Thumb Code    36  stm32f1xx_hal_can.o(i.HAL_CAN_ActivateNotification)
    HAL_CAN_AddTxMessage                     0x080010e9   Thumb Code   220  stm32f1xx_hal_can.o(i.HAL_CAN_AddTxMessage)
    HAL_CAN_ConfigFilter                     0x080011c5   Thumb Code   238  stm32f1xx_hal_can.o(i.HAL_CAN_ConfigFilter)
    HAL_CAN_ErrorCallback                    0x080012b3   Thumb Code     2  stm32f1xx_hal_can.o(i.HAL_CAN_ErrorCallback)
    HAL_CAN_GetRxMessage                     0x080012b5   Thumb Code   232  stm32f1xx_hal_can.o(i.HAL_CAN_GetRxMessage)
    HAL_CAN_IRQHandler                       0x0800139d   Thumb Code   508  stm32f1xx_hal_can.o(i.HAL_CAN_IRQHandler)
    HAL_CAN_Init                             0x08001599   Thumb Code   282  stm32f1xx_hal_can.o(i.HAL_CAN_Init)
    HAL_CAN_MspInit                          0x080016b5   Thumb Code   112  can.o(i.HAL_CAN_MspInit)
    HAL_CAN_RxFifo0FullCallback              0x08001731   Thumb Code     2  stm32f1xx_hal_can.o(i.HAL_CAN_RxFifo0FullCallback)
    HAL_CAN_RxFifo0MsgPendingCallback        0x08001735   Thumb Code   152  can.o(i.HAL_CAN_RxFifo0MsgPendingCallback)
    HAL_CAN_RxFifo1FullCallback              0x080017e5   Thumb Code     2  stm32f1xx_hal_can.o(i.HAL_CAN_RxFifo1FullCallback)
    HAL_CAN_RxFifo1MsgPendingCallback        0x080017e7   Thumb Code     2  stm32f1xx_hal_can.o(i.HAL_CAN_RxFifo1MsgPendingCallback)
    HAL_CAN_SleepCallback                    0x080017e9   Thumb Code     2  stm32f1xx_hal_can.o(i.HAL_CAN_SleepCallback)
    HAL_CAN_Start                            0x080017ed   Thumb Code    88  stm32f1xx_hal_can.o(i.HAL_CAN_Start)
    HAL_CAN_TxMailbox0AbortCallback          0x08001845   Thumb Code     2  stm32f1xx_hal_can.o(i.HAL_CAN_TxMailbox0AbortCallback)
    HAL_CAN_TxMailbox0CompleteCallback       0x08001847   Thumb Code     2  stm32f1xx_hal_can.o(i.HAL_CAN_TxMailbox0CompleteCallback)
    HAL_CAN_TxMailbox1AbortCallback          0x08001849   Thumb Code     2  stm32f1xx_hal_can.o(i.HAL_CAN_TxMailbox1AbortCallback)
    HAL_CAN_TxMailbox1CompleteCallback       0x0800184b   Thumb Code     2  stm32f1xx_hal_can.o(i.HAL_CAN_TxMailbox1CompleteCallback)
    HAL_CAN_TxMailbox2AbortCallback          0x0800184d   Thumb Code     2  stm32f1xx_hal_can.o(i.HAL_CAN_TxMailbox2AbortCallback)
    HAL_CAN_TxMailbox2CompleteCallback       0x0800184f   Thumb Code     2  stm32f1xx_hal_can.o(i.HAL_CAN_TxMailbox2CompleteCallback)
    HAL_CAN_WakeUpFromRxMsgCallback          0x08001851   Thumb Code     2  stm32f1xx_hal_can.o(i.HAL_CAN_WakeUpFromRxMsgCallback)
    HAL_DMA_Abort                            0x08001853   Thumb Code    70  stm32f1xx_hal_dma.o(i.HAL_DMA_Abort)
    HAL_DMA_Abort_IT                         0x08001899   Thumb Code   296  stm32f1xx_hal_dma.o(i.HAL_DMA_Abort_IT)
    HAL_Delay                                0x080019c9   Thumb Code    32  stm32f1xx_hal.o(i.HAL_Delay)
    HAL_GPIO_Init                            0x080019ed   Thumb Code   462  stm32f1xx_hal_gpio.o(i.HAL_GPIO_Init)
    HAL_GPIO_WritePin                        0x08001be5   Thumb Code    10  stm32f1xx_hal_gpio.o(i.HAL_GPIO_WritePin)
    HAL_GetTick                              0x08001bf1   Thumb Code     6  stm32f1xx_hal.o(i.HAL_GetTick)
    HAL_IncTick                              0x08001bfd   Thumb Code    12  stm32f1xx_hal.o(i.HAL_IncTick)
    HAL_Init                                 0x08001c0d   Thumb Code    32  stm32f1xx_hal.o(i.HAL_Init)
    HAL_InitTick                             0x08001c31   Thumb Code    54  stm32f1xx_hal.o(i.HAL_InitTick)
    HAL_MspInit                              0x08001c71   Thumb Code    52  stm32f1xx_hal_msp.o(i.HAL_MspInit)
    HAL_NVIC_EnableIRQ                       0x08001cad   Thumb Code    26  stm32f1xx_hal_cortex.o(i.HAL_NVIC_EnableIRQ)
    HAL_NVIC_SetPriority                     0x08001cc9   Thumb Code    60  stm32f1xx_hal_cortex.o(i.HAL_NVIC_SetPriority)
    HAL_NVIC_SetPriorityGrouping             0x08001d09   Thumb Code    26  stm32f1xx_hal_cortex.o(i.HAL_NVIC_SetPriorityGrouping)
    HAL_RCCEx_GetPeriphCLKFreq               0x08001d2d   Thumb Code   180  stm32f1xx_hal_rcc_ex.o(i.HAL_RCCEx_GetPeriphCLKFreq)
    HAL_RCCEx_PeriphCLKConfig                0x08001e01   Thumb Code   224  stm32f1xx_hal_rcc_ex.o(i.HAL_RCCEx_PeriphCLKConfig)
    HAL_RCC_ClockConfig                      0x08001eed   Thumb Code   280  stm32f1xx_hal_rcc.o(i.HAL_RCC_ClockConfig)
    HAL_RCC_GetPCLK1Freq                     0x08002019   Thumb Code    20  stm32f1xx_hal_rcc.o(i.HAL_RCC_GetPCLK1Freq)
    HAL_RCC_GetPCLK2Freq                     0x08002039   Thumb Code    20  stm32f1xx_hal_rcc.o(i.HAL_RCC_GetPCLK2Freq)
    HAL_RCC_GetSysClockFreq                  0x08002059   Thumb Code    74  stm32f1xx_hal_rcc.o(i.HAL_RCC_GetSysClockFreq)
    HAL_RCC_OscConfig                        0x080020c5   Thumb Code   778  stm32f1xx_hal_rcc.o(i.HAL_RCC_OscConfig)
    HAL_SYSTICK_Config                       0x080023e5   Thumb Code    40  stm32f1xx_hal_cortex.o(i.HAL_SYSTICK_Config)
    HAL_TIMEx_BreakCallback                  0x0800240d   Thumb Code     2  stm32f1xx_hal_tim_ex.o(i.HAL_TIMEx_BreakCallback)
    HAL_TIMEx_CommutCallback                 0x0800240f   Thumb Code     2  stm32f1xx_hal_tim_ex.o(i.HAL_TIMEx_CommutCallback)
    HAL_TIMEx_MasterConfigSynchronization    0x08002411   Thumb Code   104  stm32f1xx_hal_tim_ex.o(i.HAL_TIMEx_MasterConfigSynchronization)
    HAL_TIM_Base_Init                        0x0800248d   Thumb Code    90  stm32f1xx_hal_tim.o(i.HAL_TIM_Base_Init)
    HAL_TIM_Base_MspInit                     0x080024e9   Thumb Code   122  tim.o(i.HAL_TIM_Base_MspInit)
    HAL_TIM_Base_Start                       0x08002571   Thumb Code    78  stm32f1xx_hal_tim.o(i.HAL_TIM_Base_Start)
    HAL_TIM_Base_Start_IT                    0x080025d5   Thumb Code    88  stm32f1xx_hal_tim.o(i.HAL_TIM_Base_Start_IT)
    HAL_TIM_Base_Stop                        0x08002641   Thumb Code    38  stm32f1xx_hal_tim.o(i.HAL_TIM_Base_Stop)
    HAL_TIM_Base_Stop_IT                     0x08002667   Thumb Code    48  stm32f1xx_hal_tim.o(i.HAL_TIM_Base_Stop_IT)
    HAL_TIM_ConfigClockSource                0x08002697   Thumb Code   214  stm32f1xx_hal_tim.o(i.HAL_TIM_ConfigClockSource)
    HAL_TIM_IC_CaptureCallback               0x0800276d   Thumb Code     2  stm32f1xx_hal_tim.o(i.HAL_TIM_IC_CaptureCallback)
    HAL_TIM_IRQHandler                       0x0800276f   Thumb Code   358  stm32f1xx_hal_tim.o(i.HAL_TIM_IRQHandler)
    HAL_TIM_OC_DelayElapsedCallback          0x080028d5   Thumb Code     2  stm32f1xx_hal_tim.o(i.HAL_TIM_OC_DelayElapsedCallback)
    HAL_TIM_PWM_PulseFinishedCallback        0x080028d7   Thumb Code     2  stm32f1xx_hal_tim.o(i.HAL_TIM_PWM_PulseFinishedCallback)
    HAL_TIM_PeriodElapsedCallback            0x080028d9   Thumb Code    74  tim.o(i.HAL_TIM_PeriodElapsedCallback)
    HAL_TIM_TriggerCallback                  0x08002931   Thumb Code     2  stm32f1xx_hal_tim.o(i.HAL_TIM_TriggerCallback)
    HAL_UARTEx_RxEventCallback               0x08002933   Thumb Code     2  stm32f1xx_hal_uart.o(i.HAL_UARTEx_RxEventCallback)
    HAL_UART_ErrorCallback                   0x08002935   Thumb Code     2  stm32f1xx_hal_uart.o(i.HAL_UART_ErrorCallback)
    HAL_UART_IRQHandler                      0x08002939   Thumb Code   520  stm32f1xx_hal_uart.o(i.HAL_UART_IRQHandler)
    HAL_UART_Init                            0x08002b45   Thumb Code    98  stm32f1xx_hal_uart.o(i.HAL_UART_Init)
    HAL_UART_MspInit                         0x08002ba9   Thumb Code   198  usart.o(i.HAL_UART_MspInit)
    HAL_UART_RxCpltCallback                  0x08002c85   Thumb Code    62  usart.o(i.HAL_UART_RxCpltCallback)
    HAL_UART_Transmit                        0x08002cd5   Thumb Code   178  stm32f1xx_hal_uart.o(i.HAL_UART_Transmit)
    HAL_UART_TxCpltCallback                  0x08002d87   Thumb Code     2  stm32f1xx_hal_uart.o(i.HAL_UART_TxCpltCallback)
    HardFault_Handler                        0x08002d89   Thumb Code     2  stm32f1xx_it.o(i.HardFault_Handler)
    IDS830_can_send                          0x08002d8d   Thumb Code    28  ids830can.o(i.IDS830_can_send)
    LinearActuator_read_CurrentandSpeed      0x08002db5   Thumb Code   146  ids830can.o(i.LinearActuator_read_CurrentandSpeed)
    LinearActuator_read_position             0x08002e9d   Thumb Code    94  ids830can.o(i.LinearActuator_read_position)
    LinearActuator_startRun_maxspeed_position 0x08002f2d   Thumb Code   106  ids830can.o(i.LinearActuator_startRun_maxspeed_position)
    MX_ADC1_Init                             0x08002fa5   Thumb Code    70  adc.o(i.MX_ADC1_Init)
    MX_CAN_Init                              0x08002ff5   Thumb Code    60  can.o(i.MX_CAN_Init)
    MX_GPIO_Init                             0x08003039   Thumb Code   102  gpio.o(i.MX_GPIO_Init)
    MX_TIM2_Init                             0x080030a9   Thumb Code   100  tim.o(i.MX_TIM2_Init)
    MX_TIM3_Init                             0x08003111   Thumb Code    94  tim.o(i.MX_TIM3_Init)
    MX_TIM4_Init                             0x08003179   Thumb Code    96  tim.o(i.MX_TIM4_Init)
    MX_USART1_UART_Init                      0x080031e1   Thumb Code    48  usart.o(i.MX_USART1_UART_Init)
    MX_USART3_UART_Init                      0x08003219   Thumb Code    48  usart.o(i.MX_USART3_UART_Init)
    MemManage_Handler                        0x08003251   Thumb Code     2  stm32f1xx_it.o(i.MemManage_Handler)
    NMI_Handler                              0x08003253   Thumb Code     2  stm32f1xx_it.o(i.NMI_Handler)
    PendSV_Handler                           0x08003255   Thumb Code     2  stm32f1xx_it.o(i.PendSV_Handler)
    SVC_Handler                              0x08003257   Thumb Code     2  stm32f1xx_it.o(i.SVC_Handler)
    SysTick_Handler                          0x08003259   Thumb Code     4  stm32f1xx_it.o(i.SysTick_Handler)
    SystemClock_Config                       0x0800325d   Thumb Code   122  main.o(i.SystemClock_Config)
    SystemInit                               0x080032d7   Thumb Code     2  system_stm32f1xx.o(i.SystemInit)
    TIM2_IRQHandler                          0x080032d9   Thumb Code     6  stm32f1xx_it.o(i.TIM2_IRQHandler)
    TIM3_IRQHandler                          0x080032e5   Thumb Code     6  stm32f1xx_it.o(i.TIM3_IRQHandler)
    TIM4_IRQHandler                          0x080032f1   Thumb Code     6  stm32f1xx_it.o(i.TIM4_IRQHandler)
    TIM_Base_SetConfig                       0x080032fd   Thumb Code   120  stm32f1xx_hal_tim.o(i.TIM_Base_SetConfig)
    TIM_ETR_SetConfig                        0x08003389   Thumb Code    20  stm32f1xx_hal_tim.o(i.TIM_ETR_SetConfig)
    USART1_IRQHandler                        0x08003605   Thumb Code     6  stm32f1xx_it.o(i.USART1_IRQHandler)
    USART3_IRQHandler                        0x08003611   Thumb Code     6  stm32f1xx_it.o(i.USART3_IRQHandler)
    USB_LP_CAN1_RX0_IRQHandler               0x0800361d   Thumb Code     6  stm32f1xx_it.o(i.USB_LP_CAN1_RX0_IRQHandler)
    UsageFault_Handler                       0x08003629   Thumb Code     2  stm32f1xx_it.o(i.UsageFault_Handler)
    __0printf                                0x0800362d   Thumb Code    22  printfa.o(i.__0printf)
    __1printf                                0x0800362d   Thumb Code     0  printfa.o(i.__0printf)
    __2printf                                0x0800362d   Thumb Code     0  printfa.o(i.__0printf)
    __c89printf                              0x0800362d   Thumb Code     0  printfa.o(i.__0printf)
    printf                                   0x0800362d   Thumb Code     0  printfa.o(i.__0printf)
    __ARM_fpclassify                         0x0800364d   Thumb Code    40  fpclassify.o(i.__ARM_fpclassify)
    __ieee754_rem_pio2                       0x08003695   Thumb Code   828  rred.o(i.__ieee754_rem_pio2)
    __kernel_cos                             0x08003a1d   Thumb Code   230  cos_i.o(i.__kernel_cos)
    __kernel_poly                            0x08003b19   Thumb Code   170  poly.o(i.__kernel_poly)
    __kernel_sin                             0x08003bc5   Thumb Code   224  sin_i.o(i.__kernel_sin)
    __mathlib_dbl_infnan                     0x08003cb1   Thumb Code     6  dunder.o(i.__mathlib_dbl_infnan)
    __mathlib_dbl_invalid                    0x08003cb7   Thumb Code    12  dunder.o(i.__mathlib_dbl_invalid)
    __mathlib_dbl_underflow                  0x08003cc5   Thumb Code    10  dunder.o(i.__mathlib_dbl_underflow)
    __scatterload_copy                       0x08003cd5   Thumb Code    14  handlers.o(i.__scatterload_copy)
    __scatterload_null                       0x08003ce3   Thumb Code     2  handlers.o(i.__scatterload_null)
    __scatterload_zeroinit                   0x08003ce5   Thumb Code    14  handlers.o(i.__scatterload_zeroinit)
    __set_errno                              0x08003cf5   Thumb Code     6  errno.o(i.__set_errno)
    angle_close_loop_with_speed              0x0800458d   Thumb Code   234  lkmoto.o(i.angle_close_loop_with_speed)
    can_send                                 0x080046a1   Thumb Code    32  lkmoto.o(i.can_send)
    cos                                      0x080046cd   Thumb Code   148  cos.o(i.cos)
    fourier_series_traj                      0x08004769   Thumb Code   286  fourier_series_traj_exciting.o(i.fourier_series_traj)
    fputc                                    0x08004899   Thumb Code    20  usart.o(i.fputc)
    main                                     0x080048b1   Thumb Code   342  main.o(i.main)
    motor_run                                0x08004a45   Thumb Code    28  lkmoto.o(i.motor_run)
    pressure_SensorReading                   0x08004a69   Thumb Code    88  sensors_reading.o(i.pressure_SensorReading)
    readData_pointTopoint                    0x08004af1   Thumb Code    78  ids830can.o(i.readData_pointTopoint)
    read_angle                               0x08004b49   Thumb Code   150  lkmoto.o(i.read_angle)
    read_status2                             0x08004c1d   Thumb Code   122  lkmoto.o(i.read_status2)
    run_fourier_series_traj                  0x08004cdd   Thumb Code   468  fourier_series_traj_exciting.o(i.run_fourier_series_traj)
    sin                                      0x08004ed5   Thumb Code   150  sin.o(i.sin)
    ske_base_position                        0x08004f75   Thumb Code    88  lkmoto.o(i.ske_base_position)
    traj_exciting_init                       0x08004fd1   Thumb Code    48  fourier_series_traj_exciting.o(i.traj_exciting_init)
    writeData_pointTopoint                   0x08005009   Thumb Code    78  ids830can.o(i.writeData_pointTopoint)
    AHBPrescTable                            0x08005060   Data          16  system_stm32f1xx.o(.constdata)
    APBPrescTable                            0x08005070   Data           8  system_stm32f1xx.o(.constdata)
    Region$$Table$$Base                      0x08005198   Number         0  anon$$obj.o(Region$$Table)
    Region$$Table$$Limit                     0x080051b8   Number         0  anon$$obj.o(Region$$Table)
    temp_rx                                  0x20000000   Data           1  usart.o(.data)
    USART3_RX_STA                            0x20000002   Data           2  usart.o(.data)
    ids830_position                          0x20000008   Data           8  ids830can.o(.data)
    ids830_currentAndspeed                   0x20000010   Data           8  ids830can.o(.data)
    ADC_Pressure_Value                       0x20000018   Data           4  sensors_reading.o(.data)
    traj_order                               0x2000001c   Data           1  fourier_series_traj_exciting.o(.data)
    dof                                      0x2000001d   Data           1  fourier_series_traj_exciting.o(.data)
    traj_n                                   0x2000001e   Data           1  fourier_series_traj_exciting.o(.data)
    motor_control_k                          0x20000020   Data           4  fourier_series_traj_exciting.o(.data)
    control_interval_time                    0x20000024   Data           4  fourier_series_traj_exciting.o(.data)
    traj_f                                   0x20000028   Data           4  fourier_series_traj_exciting.o(.data)
    traj_wf                                  0x2000002c   Data           4  fourier_series_traj_exciting.o(.data)
    traj_param                               0x20000030   Data         268  fourier_series_traj_exciting.o(.data)
    circleAngle                              0x20000140   Data           4  lkmoto.o(.data)
    CAN_motor_data                           0x20000144   Data           8  lkmoto.o(.data)
    CAN_motor_angle                          0x2000014c   Data           8  lkmoto.o(.data)
    CAN_motor_currentAndspeed                0x20000154   Data           8  lkmoto.o(.data)
    uwTickFreq                               0x2000015c   Data           1  stm32f1xx_hal.o(.data)
    uwTickPrio                               0x20000160   Data           4  stm32f1xx_hal.o(.data)
    uwTick                                   0x20000164   Data           4  stm32f1xx_hal.o(.data)
    SystemCoreClock                          0x20000168   Data           4  system_stm32f1xx.o(.data)
    __stdout                                 0x2000016c   Data           4  stdout.o(.data)
    hadc1                                    0x20000174   Data          48  adc.o(.bss)
    hCAN1_TxHeader                           0x200001a4   Data          24  can.o(.bss)
    hCAN1_RxHeader                           0x200001bc   Data          28  can.o(.bss)
    sFilterConfig                            0x200001d8   Data          40  can.o(.bss)
    hcan                                     0x20000200   Data          40  can.o(.bss)
    htim2                                    0x20000228   Data          72  tim.o(.bss)
    htim3                                    0x20000270   Data          72  tim.o(.bss)
    htim4                                    0x200002b8   Data          72  tim.o(.bss)
    USART3_RX_BUF                            0x20000300   Data         800  usart.o(.bss)
    USART3_TX_BUF                            0x20000620   Data         800  usart.o(.bss)
    USART1_TX_BUF                            0x20000940   Data         800  usart.o(.bss)
    huart1                                   0x20000c60   Data          68  usart.o(.bss)
    huart3                                   0x20000ca4   Data          68  usart.o(.bss)
    q                                        0x20000ce8   Data          28  fourier_series_traj_exciting.o(.bss)
    q_last                                   0x20000d04   Data          28  fourier_series_traj_exciting.o(.bss)
    __initial_sp                             0x20001120   Data           0  startup_stm32f103xe.o(STACK)



==============================================================================

Memory Map of the image

  Image Entry point : 0x08000131

  Load Region LR_IROM1 (Base: 0x08000000, Size: 0x0000532c, Max: 0x00080000, ABSOLUTE, COMPRESSED[0x000052dc])

    Execution Region ER_IROM1 (Exec base: 0x08000000, Load base: 0x08000000, Size: 0x000051b8, Max: 0x00080000, ABSOLUTE)

    Exec Addr    Load Addr    Size         Type   Attr      Idx    E Section Name        Object

    0x08000000   0x08000000   0x00000130   Data   RO            3    RESET               startup_stm32f103xe.o
    0x08000130   0x08000130   0x00000000   Code   RO         3964  * .ARM.Collect$$$$00000000  mc_w.l(entry.o)
    0x08000130   0x08000130   0x00000004   Code   RO         4328    .ARM.Collect$$$$00000001  mc_w.l(entry2.o)
    0x08000134   0x08000134   0x00000004   Code   RO         4331    .ARM.Collect$$$$00000004  mc_w.l(entry5.o)
    0x08000138   0x08000138   0x00000000   Code   RO         4333    .ARM.Collect$$$$00000008  mc_w.l(entry7b.o)
    0x08000138   0x08000138   0x00000000   Code   RO         4335    .ARM.Collect$$$$0000000A  mc_w.l(entry8b.o)
    0x08000138   0x08000138   0x00000008   Code   RO         4336    .ARM.Collect$$$$0000000B  mc_w.l(entry9a.o)
    0x08000140   0x08000140   0x00000004   Code   RO         4343    .ARM.Collect$$$$0000000E  mc_w.l(entry12b.o)
    0x08000144   0x08000144   0x00000000   Code   RO         4338    .ARM.Collect$$$$0000000F  mc_w.l(entry10a.o)
    0x08000144   0x08000144   0x00000000   Code   RO         4340    .ARM.Collect$$$$00000011  mc_w.l(entry11a.o)
    0x08000144   0x08000144   0x00000004   Code   RO         4329    .ARM.Collect$$$$00002712  mc_w.l(entry2.o)
    0x08000148   0x08000148   0x00000024   Code   RO            4    .text               startup_stm32f103xe.o
    0x0800016c   0x0800016c   0x00000020   Code   RO         3967    .text               mc_w.l(llushr.o)
    0x0800018c   0x0800018c   0x00000024   Code   RO         3969    .text               mc_w.l(memseta.o)
    0x080001b0   0x080001b0   0x000000b0   Code   RO         4264    .text               mf_w.l(fadd.o)
    0x08000260   0x08000260   0x00000064   Code   RO         4266    .text               mf_w.l(fmul.o)
    0x080002c4   0x080002c4   0x0000007c   Code   RO         4268    .text               mf_w.l(fdiv.o)
    0x08000340   0x08000340   0x00000018   Code   RO         4270    .text               mf_w.l(fscalb.o)
    0x08000358   0x08000358   0x0000014e   Code   RO         4272    .text               mf_w.l(dadd.o)
    0x080004a6   0x080004a6   0x000000e4   Code   RO         4274    .text               mf_w.l(dmul.o)
    0x0800058a   0x0800058a   0x000000de   Code   RO         4276    .text               mf_w.l(ddiv.o)
    0x08000668   0x08000668   0x0000002e   Code   RO         4278    .text               mf_w.l(dscalb.o)
    0x08000696   0x08000696   0x00000012   Code   RO         4280    .text               mf_w.l(fflti.o)
    0x080006a8   0x080006a8   0x0000000a   Code   RO         4282    .text               mf_w.l(ffltui.o)
    0x080006b2   0x080006b2   0x00000022   Code   RO         4284    .text               mf_w.l(dflti.o)
    0x080006d4   0x080006d4   0x0000001a   Code   RO         4286    .text               mf_w.l(dfltui.o)
    0x080006ee   0x080006ee   0x00000032   Code   RO         4288    .text               mf_w.l(ffixi.o)
    0x08000720   0x08000720   0x00000028   Code   RO         4290    .text               mf_w.l(ffixui.o)
    0x08000748   0x08000748   0x0000003e   Code   RO         4292    .text               mf_w.l(dfixi.o)
    0x08000786   0x08000786   0x00000032   Code   RO         4294    .text               mf_w.l(dfixui.o)
    0x080007b8   0x080007b8   0x00000026   Code   RO         4296    .text               mf_w.l(f2d.o)
    0x080007de   0x080007de   0x00000038   Code   RO         4298    .text               mf_w.l(d2f.o)
    0x08000816   0x08000816   0x0000002c   Code   RO         4345    .text               mc_w.l(uidiv.o)
    0x08000842   0x08000842   0x00000062   Code   RO         4347    .text               mc_w.l(uldiv.o)
    0x080008a4   0x080008a4   0x0000001e   Code   RO         4349    .text               mc_w.l(llshl.o)
    0x080008c2   0x080008c2   0x00000024   Code   RO         4351    .text               mc_w.l(llsshr.o)
    0x080008e6   0x080008e6   0x00000000   Code   RO         4366    .text               mc_w.l(iusefp.o)
    0x080008e6   0x080008e6   0x0000006e   Code   RO         4367    .text               mf_w.l(fepilogue.o)
    0x08000954   0x08000954   0x000000ba   Code   RO         4369    .text               mf_w.l(depilogue.o)
    0x08000a0e   0x08000a0e   0x00000030   Code   RO         4371    .text               mf_w.l(dfixul.o)
    0x08000a3e   0x08000a3e   0x00000002   PAD
    0x08000a40   0x08000a40   0x00000030   Code   RO         4373    .text               mf_w.l(cdrcmple.o)
    0x08000a70   0x08000a70   0x00000024   Code   RO         4379    .text               mc_w.l(init.o)
    0x08000a94   0x08000a94   0x0000003a   Code   RO         4389    .text               mc_w.l(__dczerorl.o)
    0x08000ace   0x08000ace   0x00000002   PAD
    0x08000ad0   0x08000ad0   0x00000056   Code   RO         1098    i.ADC_ConversionStop_Disable  stm32f1xx_hal_adc.o
    0x08000b26   0x08000b26   0x00000002   PAD
    0x08000b28   0x08000b28   0x0000007c   Code   RO         1102    i.ADC_Enable        stm32f1xx_hal_adc.o
    0x08000ba4   0x08000ba4   0x00000002   Code   RO          477    i.BusFault_Handler  stm32f1xx_it.o
    0x08000ba6   0x08000ba6   0x00000002   PAD
    0x08000ba8   0x08000ba8   0x00000054   Code   RO          257    i.CAN_Filter_Init   can.o
    0x08000bfc   0x08000bfc   0x00000002   Code   RO          478    i.DebugMon_Handler  stm32f1xx_it.o
    0x08000bfe   0x08000bfe   0x00000016   Code   RO          315    i.Delay_ms          tim.o
    0x08000c14   0x08000c14   0x00000030   Code   RO          316    i.Delay_us          tim.o
    0x08000c44   0x08000c44   0x00000004   Code   RO           13    i.Error_Handler     main.o
    0x08000c48   0x08000c48   0x000000fc   Code   RO         1104    i.HAL_ADC_ConfigChannel  stm32f1xx_hal_adc.o
    0x08000d44   0x08000d44   0x00000004   Code   RO         1110    i.HAL_ADC_GetState  stm32f1xx_hal_adc.o
    0x08000d48   0x08000d48   0x00000006   Code   RO         1111    i.HAL_ADC_GetValue  stm32f1xx_hal_adc.o
    0x08000d4e   0x08000d4e   0x00000002   PAD
    0x08000d50   0x08000d50   0x00000120   Code   RO         1113    i.HAL_ADC_Init      stm32f1xx_hal_adc.o
    0x08000e70   0x08000e70   0x00000058   Code   RO          216    i.HAL_ADC_MspInit   adc.o
    0x08000ec8   0x08000ec8   0x0000013c   Code   RO         1117    i.HAL_ADC_PollForConversion  stm32f1xx_hal_adc.o
    0x08001004   0x08001004   0x000000c0   Code   RO         1119    i.HAL_ADC_Start     stm32f1xx_hal_adc.o
    0x080010c4   0x080010c4   0x00000024   Code   RO         2350    i.HAL_CAN_ActivateNotification  stm32f1xx_hal_can.o
    0x080010e8   0x080010e8   0x000000dc   Code   RO         2351    i.HAL_CAN_AddTxMessage  stm32f1xx_hal_can.o
    0x080011c4   0x080011c4   0x000000ee   Code   RO         2352    i.HAL_CAN_ConfigFilter  stm32f1xx_hal_can.o
    0x080012b2   0x080012b2   0x00000002   Code   RO         2355    i.HAL_CAN_ErrorCallback  stm32f1xx_hal_can.o
    0x080012b4   0x080012b4   0x000000e8   Code   RO         2358    i.HAL_CAN_GetRxMessage  stm32f1xx_hal_can.o
    0x0800139c   0x0800139c   0x000001fc   Code   RO         2362    i.HAL_CAN_IRQHandler  stm32f1xx_hal_can.o
    0x08001598   0x08001598   0x0000011a   Code   RO         2363    i.HAL_CAN_Init      stm32f1xx_hal_can.o
    0x080016b2   0x080016b2   0x00000002   PAD
    0x080016b4   0x080016b4   0x0000007c   Code   RO          259    i.HAL_CAN_MspInit   can.o
    0x08001730   0x08001730   0x00000002   Code   RO         2370    i.HAL_CAN_RxFifo0FullCallback  stm32f1xx_hal_can.o
    0x08001732   0x08001732   0x00000002   PAD
    0x08001734   0x08001734   0x000000b0   Code   RO          260    i.HAL_CAN_RxFifo0MsgPendingCallback  can.o
    0x080017e4   0x080017e4   0x00000002   Code   RO         2372    i.HAL_CAN_RxFifo1FullCallback  stm32f1xx_hal_can.o
    0x080017e6   0x080017e6   0x00000002   Code   RO         2373    i.HAL_CAN_RxFifo1MsgPendingCallback  stm32f1xx_hal_can.o
    0x080017e8   0x080017e8   0x00000002   Code   RO         2374    i.HAL_CAN_SleepCallback  stm32f1xx_hal_can.o
    0x080017ea   0x080017ea   0x00000002   PAD
    0x080017ec   0x080017ec   0x00000058   Code   RO         2375    i.HAL_CAN_Start     stm32f1xx_hal_can.o
    0x08001844   0x08001844   0x00000002   Code   RO         2377    i.HAL_CAN_TxMailbox0AbortCallback  stm32f1xx_hal_can.o
    0x08001846   0x08001846   0x00000002   Code   RO         2378    i.HAL_CAN_TxMailbox0CompleteCallback  stm32f1xx_hal_can.o
    0x08001848   0x08001848   0x00000002   Code   RO         2379    i.HAL_CAN_TxMailbox1AbortCallback  stm32f1xx_hal_can.o
    0x0800184a   0x0800184a   0x00000002   Code   RO         2380    i.HAL_CAN_TxMailbox1CompleteCallback  stm32f1xx_hal_can.o
    0x0800184c   0x0800184c   0x00000002   Code   RO         2381    i.HAL_CAN_TxMailbox2AbortCallback  stm32f1xx_hal_can.o
    0x0800184e   0x0800184e   0x00000002   Code   RO         2382    i.HAL_CAN_TxMailbox2CompleteCallback  stm32f1xx_hal_can.o
    0x08001850   0x08001850   0x00000002   Code   RO         2384    i.HAL_CAN_WakeUpFromRxMsgCallback  stm32f1xx_hal_can.o
    0x08001852   0x08001852   0x00000046   Code   RO         1753    i.HAL_DMA_Abort     stm32f1xx_hal_dma.o
    0x08001898   0x08001898   0x00000130   Code   RO         1754    i.HAL_DMA_Abort_IT  stm32f1xx_hal_dma.o
    0x080019c8   0x080019c8   0x00000024   Code   RO         1381    i.HAL_Delay         stm32f1xx_hal.o
    0x080019ec   0x080019ec   0x000001f8   Code   RO         1689    i.HAL_GPIO_Init     stm32f1xx_hal_gpio.o
    0x08001be4   0x08001be4   0x0000000a   Code   RO         1693    i.HAL_GPIO_WritePin  stm32f1xx_hal_gpio.o
    0x08001bee   0x08001bee   0x00000002   PAD
    0x08001bf0   0x08001bf0   0x0000000c   Code   RO         1385    i.HAL_GetTick       stm32f1xx_hal.o
    0x08001bfc   0x08001bfc   0x00000010   Code   RO         1391    i.HAL_IncTick       stm32f1xx_hal.o
    0x08001c0c   0x08001c0c   0x00000024   Code   RO         1392    i.HAL_Init          stm32f1xx_hal.o
    0x08001c30   0x08001c30   0x00000040   Code   RO         1393    i.HAL_InitTick      stm32f1xx_hal.o
    0x08001c70   0x08001c70   0x0000003c   Code   RO          589    i.HAL_MspInit       stm32f1xx_hal_msp.o
    0x08001cac   0x08001cac   0x0000001a   Code   RO         1849    i.HAL_NVIC_EnableIRQ  stm32f1xx_hal_cortex.o
    0x08001cc6   0x08001cc6   0x00000002   PAD
    0x08001cc8   0x08001cc8   0x00000040   Code   RO         1855    i.HAL_NVIC_SetPriority  stm32f1xx_hal_cortex.o
    0x08001d08   0x08001d08   0x00000024   Code   RO         1856    i.HAL_NVIC_SetPriorityGrouping  stm32f1xx_hal_cortex.o
    0x08001d2c   0x08001d2c   0x000000d4   Code   RO         1651    i.HAL_RCCEx_GetPeriphCLKFreq  stm32f1xx_hal_rcc_ex.o
    0x08001e00   0x08001e00   0x000000ec   Code   RO         1652    i.HAL_RCCEx_PeriphCLKConfig  stm32f1xx_hal_rcc_ex.o
    0x08001eec   0x08001eec   0x0000012c   Code   RO         1549    i.HAL_RCC_ClockConfig  stm32f1xx_hal_rcc.o
    0x08002018   0x08002018   0x00000020   Code   RO         1556    i.HAL_RCC_GetPCLK1Freq  stm32f1xx_hal_rcc.o
    0x08002038   0x08002038   0x00000020   Code   RO         1557    i.HAL_RCC_GetPCLK2Freq  stm32f1xx_hal_rcc.o
    0x08002058   0x08002058   0x0000006c   Code   RO         1558    i.HAL_RCC_GetSysClockFreq  stm32f1xx_hal_rcc.o
    0x080020c4   0x080020c4   0x00000320   Code   RO         1561    i.HAL_RCC_OscConfig  stm32f1xx_hal_rcc.o
    0x080023e4   0x080023e4   0x00000028   Code   RO         1860    i.HAL_SYSTICK_Config  stm32f1xx_hal_cortex.o
    0x0800240c   0x0800240c   0x00000002   Code   RO         3289    i.HAL_TIMEx_BreakCallback  stm32f1xx_hal_tim_ex.o
    0x0800240e   0x0800240e   0x00000002   Code   RO         3290    i.HAL_TIMEx_CommutCallback  stm32f1xx_hal_tim_ex.o
    0x08002410   0x08002410   0x0000007c   Code   RO         3308    i.HAL_TIMEx_MasterConfigSynchronization  stm32f1xx_hal_tim_ex.o
    0x0800248c   0x0800248c   0x0000005a   Code   RO         2585    i.HAL_TIM_Base_Init  stm32f1xx_hal_tim.o
    0x080024e6   0x080024e6   0x00000002   PAD
    0x080024e8   0x080024e8   0x00000088   Code   RO          318    i.HAL_TIM_Base_MspInit  tim.o
    0x08002570   0x08002570   0x00000064   Code   RO         2588    i.HAL_TIM_Base_Start  stm32f1xx_hal_tim.o
    0x080025d4   0x080025d4   0x0000006c   Code   RO         2590    i.HAL_TIM_Base_Start_IT  stm32f1xx_hal_tim.o
    0x08002640   0x08002640   0x00000026   Code   RO         2591    i.HAL_TIM_Base_Stop  stm32f1xx_hal_tim.o
    0x08002666   0x08002666   0x00000030   Code   RO         2593    i.HAL_TIM_Base_Stop_IT  stm32f1xx_hal_tim.o
    0x08002696   0x08002696   0x000000d6   Code   RO         2594    i.HAL_TIM_ConfigClockSource  stm32f1xx_hal_tim.o
    0x0800276c   0x0800276c   0x00000002   Code   RO         2619    i.HAL_TIM_IC_CaptureCallback  stm32f1xx_hal_tim.o
    0x0800276e   0x0800276e   0x00000166   Code   RO         2633    i.HAL_TIM_IRQHandler  stm32f1xx_hal_tim.o
    0x080028d4   0x080028d4   0x00000002   Code   RO         2636    i.HAL_TIM_OC_DelayElapsedCallback  stm32f1xx_hal_tim.o
    0x080028d6   0x080028d6   0x00000002   Code   RO         2663    i.HAL_TIM_PWM_PulseFinishedCallback  stm32f1xx_hal_tim.o
    0x080028d8   0x080028d8   0x00000058   Code   RO          319    i.HAL_TIM_PeriodElapsedCallback  tim.o
    0x08002930   0x08002930   0x00000002   Code   RO         2676    i.HAL_TIM_TriggerCallback  stm32f1xx_hal_tim.o
    0x08002932   0x08002932   0x00000002   Code   RO         3567    i.HAL_UARTEx_RxEventCallback  stm32f1xx_hal_uart.o
    0x08002934   0x08002934   0x00000002   Code   RO         3581    i.HAL_UART_ErrorCallback  stm32f1xx_hal_uart.o
    0x08002936   0x08002936   0x00000002   PAD
    0x08002938   0x08002938   0x0000020c   Code   RO         3584    i.HAL_UART_IRQHandler  stm32f1xx_hal_uart.o
    0x08002b44   0x08002b44   0x00000062   Code   RO         3585    i.HAL_UART_Init     stm32f1xx_hal_uart.o
    0x08002ba6   0x08002ba6   0x00000002   PAD
    0x08002ba8   0x08002ba8   0x000000dc   Code   RO          392    i.HAL_UART_MspInit  usart.o
    0x08002c84   0x08002c84   0x00000050   Code   RO          393    i.HAL_UART_RxCpltCallback  usart.o
    0x08002cd4   0x08002cd4   0x000000b2   Code   RO         3593    i.HAL_UART_Transmit  stm32f1xx_hal_uart.o
    0x08002d86   0x08002d86   0x00000002   Code   RO         3596    i.HAL_UART_TxCpltCallback  stm32f1xx_hal_uart.o
    0x08002d88   0x08002d88   0x00000002   Code   RO          479    i.HardFault_Handler  stm32f1xx_it.o
    0x08002d8a   0x08002d8a   0x00000002   PAD
    0x08002d8c   0x08002d8c   0x00000028   Code   RO          694    i.IDS830_can_send   ids830can.o
    0x08002db4   0x08002db4   0x000000e8   Code   RO          695    i.LinearActuator_read_CurrentandSpeed  ids830can.o
    0x08002e9c   0x08002e9c   0x00000090   Code   RO          696    i.LinearActuator_read_position  ids830can.o
    0x08002f2c   0x08002f2c   0x00000078   Code   RO          698    i.LinearActuator_startRun_maxspeed_position  ids830can.o
    0x08002fa4   0x08002fa4   0x00000050   Code   RO          217    i.MX_ADC1_Init      adc.o
    0x08002ff4   0x08002ff4   0x00000044   Code   RO          261    i.MX_CAN_Init       can.o
    0x08003038   0x08003038   0x00000070   Code   RO          191    i.MX_GPIO_Init      gpio.o
    0x080030a8   0x080030a8   0x00000068   Code   RO          320    i.MX_TIM2_Init      tim.o
    0x08003110   0x08003110   0x00000068   Code   RO          321    i.MX_TIM3_Init      tim.o
    0x08003178   0x08003178   0x00000068   Code   RO          322    i.MX_TIM4_Init      tim.o
    0x080031e0   0x080031e0   0x00000038   Code   RO          394    i.MX_USART1_UART_Init  usart.o
    0x08003218   0x08003218   0x00000038   Code   RO          395    i.MX_USART3_UART_Init  usart.o
    0x08003250   0x08003250   0x00000002   Code   RO          480    i.MemManage_Handler  stm32f1xx_it.o
    0x08003252   0x08003252   0x00000002   Code   RO          481    i.NMI_Handler       stm32f1xx_it.o
    0x08003254   0x08003254   0x00000002   Code   RO          482    i.PendSV_Handler    stm32f1xx_it.o
    0x08003256   0x08003256   0x00000002   Code   RO          483    i.SVC_Handler       stm32f1xx_it.o
    0x08003258   0x08003258   0x00000004   Code   RO          484    i.SysTick_Handler   stm32f1xx_it.o
    0x0800325c   0x0800325c   0x0000007a   Code   RO           14    i.SystemClock_Config  main.o
    0x080032d6   0x080032d6   0x00000002   Code   RO         3914    i.SystemInit        system_stm32f1xx.o
    0x080032d8   0x080032d8   0x0000000c   Code   RO          485    i.TIM2_IRQHandler   stm32f1xx_it.o
    0x080032e4   0x080032e4   0x0000000c   Code   RO          486    i.TIM3_IRQHandler   stm32f1xx_it.o
    0x080032f0   0x080032f0   0x0000000c   Code   RO          487    i.TIM4_IRQHandler   stm32f1xx_it.o
    0x080032fc   0x080032fc   0x0000008c   Code   RO         2678    i.TIM_Base_SetConfig  stm32f1xx_hal_tim.o
    0x08003388   0x08003388   0x00000014   Code   RO         2689    i.TIM_ETR_SetConfig  stm32f1xx_hal_tim.o
    0x0800339c   0x0800339c   0x00000010   Code   RO         2690    i.TIM_ITRx_SetConfig  stm32f1xx_hal_tim.o
    0x080033ac   0x080033ac   0x00000022   Code   RO         2696    i.TIM_TI1_ConfigInputStage  stm32f1xx_hal_tim.o
    0x080033ce   0x080033ce   0x00000024   Code   RO         2698    i.TIM_TI2_ConfigInputStage  stm32f1xx_hal_tim.o
    0x080033f2   0x080033f2   0x00000010   Code   RO         3598    i.UART_DMAAbortOnError  stm32f1xx_hal_uart.o
    0x08003402   0x08003402   0x00000030   Code   RO         3608    i.UART_EndRxTransfer  stm32f1xx_hal_uart.o
    0x08003432   0x08003432   0x000000b6   Code   RO         3610    i.UART_Receive_IT   stm32f1xx_hal_uart.o
    0x080034e8   0x080034e8   0x000000b8   Code   RO         3611    i.UART_SetConfig    stm32f1xx_hal_uart.o
    0x080035a0   0x080035a0   0x00000064   Code   RO         3614    i.UART_WaitOnFlagUntilTimeout  stm32f1xx_hal_uart.o
    0x08003604   0x08003604   0x0000000c   Code   RO          488    i.USART1_IRQHandler  stm32f1xx_it.o
    0x08003610   0x08003610   0x0000000c   Code   RO          489    i.USART3_IRQHandler  stm32f1xx_it.o
    0x0800361c   0x0800361c   0x0000000c   Code   RO          490    i.USB_LP_CAN1_RX0_IRQHandler  stm32f1xx_it.o
    0x08003628   0x08003628   0x00000002   Code   RO          491    i.UsageFault_Handler  stm32f1xx_it.o
    0x0800362a   0x0800362a   0x00000002   PAD
    0x0800362c   0x0800362c   0x00000020   Code   RO         4208    i.__0printf         mc_w.l(printfa.o)
    0x0800364c   0x0800364c   0x00000028   Code   RO         4375    i.__ARM_fpclassify  m_ws.l(fpclassify.o)
    0x08003674   0x08003674   0x00000020   Code   RO         1862    i.__NVIC_SetPriority  stm32f1xx_hal_cortex.o
    0x08003694   0x08003694   0x00000388   Code   RO         4317    i.__ieee754_rem_pio2  m_ws.l(rred.o)
    0x08003a1c   0x08003a1c   0x000000fc   Code   RO         4300    i.__kernel_cos      m_ws.l(cos_i.o)
    0x08003b18   0x08003b18   0x000000aa   Code   RO         4377    i.__kernel_poly     m_ws.l(poly.o)
    0x08003bc2   0x08003bc2   0x00000002   PAD
    0x08003bc4   0x08003bc4   0x000000ec   Code   RO         4322    i.__kernel_sin      m_ws.l(sin_i.o)
    0x08003cb0   0x08003cb0   0x00000006   Code   RO         4304    i.__mathlib_dbl_infnan  m_ws.l(dunder.o)
    0x08003cb6   0x08003cb6   0x0000000c   Code   RO         4306    i.__mathlib_dbl_invalid  m_ws.l(dunder.o)
    0x08003cc2   0x08003cc2   0x00000002   PAD
    0x08003cc4   0x08003cc4   0x00000010   Code   RO         4309    i.__mathlib_dbl_underflow  m_ws.l(dunder.o)
    0x08003cd4   0x08003cd4   0x0000000e   Code   RO         4383    i.__scatterload_copy  mc_w.l(handlers.o)
    0x08003ce2   0x08003ce2   0x00000002   Code   RO         4384    i.__scatterload_null  mc_w.l(handlers.o)
    0x08003ce4   0x08003ce4   0x0000000e   Code   RO         4385    i.__scatterload_zeroinit  mc_w.l(handlers.o)
    0x08003cf2   0x08003cf2   0x00000002   PAD
    0x08003cf4   0x08003cf4   0x0000000c   Code   RO         4361    i.__set_errno       mc_w.l(errno.o)
    0x08003d00   0x08003d00   0x00000184   Code   RO         4215    i._fp_digits        mc_w.l(printfa.o)
    0x08003e84   0x08003e84   0x000006b4   Code   RO         4216    i._printf_core      mc_w.l(printfa.o)
    0x08004538   0x08004538   0x00000024   Code   RO         4217    i._printf_post_padding  mc_w.l(printfa.o)
    0x0800455c   0x0800455c   0x0000002e   Code   RO         4218    i._printf_pre_padding  mc_w.l(printfa.o)
    0x0800458a   0x0800458a   0x00000002   PAD
    0x0800458c   0x0800458c   0x00000114   Code   RO          863    i.angle_close_loop_with_speed  lkmoto.o
    0x080046a0   0x080046a0   0x0000002c   Code   RO          865    i.can_send          lkmoto.o
    0x080046cc   0x080046cc   0x0000009c   Code   RO         3949    i.cos               m_ws.l(cos.o)
    0x08004768   0x08004768   0x00000130   Code   RO          812    i.fourier_series_traj  fourier_series_traj_exciting.o
    0x08004898   0x08004898   0x00000018   Code   RO          397    i.fputc             usart.o
    0x080048b0   0x080048b0   0x00000194   Code   RO           15    i.main              main.o
    0x08004a44   0x08004a44   0x00000024   Code   RO          868    i.motor_run         lkmoto.o
    0x08004a68   0x08004a68   0x00000088   Code   RO          778    i.pressure_SensorReading  sensors_reading.o
    0x08004af0   0x08004af0   0x00000058   Code   RO          700    i.readData_pointTopoint  ids830can.o
    0x08004b48   0x08004b48   0x000000d4   Code   RO          872    i.read_angle        lkmoto.o
    0x08004c1c   0x08004c1c   0x000000c0   Code   RO          877    i.read_status2      lkmoto.o
    0x08004cdc   0x08004cdc   0x000001f8   Code   RO          813    i.run_fourier_series_traj  fourier_series_traj_exciting.o
    0x08004ed4   0x08004ed4   0x000000a0   Code   RO         3957    i.sin               m_ws.l(sin.o)
    0x08004f74   0x08004f74   0x0000005c   Code   RO          879    i.ske_base_position  lkmoto.o
    0x08004fd0   0x08004fd0   0x00000038   Code   RO          814    i.traj_exciting_init  fourier_series_traj_exciting.o
    0x08005008   0x08005008   0x00000058   Code   RO          703    i.writeData_pointTopoint  ids830can.o
    0x08005060   0x08005060   0x00000010   Data   RO         3915    .constdata          system_stm32f1xx.o
    0x08005070   0x08005070   0x00000008   Data   RO         3916    .constdata          system_stm32f1xx.o
    0x08005078   0x08005078   0x00000030   Data   RO         4301    .constdata          m_ws.l(cos_i.o)
    0x080050a8   0x080050a8   0x000000c8   Data   RO         4319    .constdata          m_ws.l(rred.o)
    0x08005170   0x08005170   0x00000028   Data   RO         4323    .constdata          m_ws.l(sin_i.o)
    0x08005198   0x08005198   0x00000020   Data   RO         4381    Region$$Table       anon$$obj.o


    Execution Region RW_IRAM1 (Exec base: 0x20000000, Load base: 0x080051b8, Size: 0x00001120, Max: 0x00010000, ABSOLUTE, COMPRESSED[0x00000124])

    Exec Addr    Load Addr    Size         Type   Attr      Idx    E Section Name        Object

    0x20000000   COMPRESSED   0x00000004   Data   RW          401    .data               usart.o
    0x20000004   COMPRESSED   0x00000014   Data   RW          704    .data               ids830can.o
    0x20000018   COMPRESSED   0x00000004   Data   RW          779    .data               sensors_reading.o
    0x2000001c   COMPRESSED   0x00000120   Data   RW          817    .data               fourier_series_traj_exciting.o
    0x2000013c   COMPRESSED   0x00000020   Data   RW          888    .data               lkmoto.o
    0x2000015c   COMPRESSED   0x0000000c   Data   RW         1399    .data               stm32f1xx_hal.o
    0x20000168   COMPRESSED   0x00000004   Data   RW         3917    .data               system_stm32f1xx.o
    0x2000016c   COMPRESSED   0x00000004   Data   RW         4344    .data               mc_w.l(stdout.o)
    0x20000170   COMPRESSED   0x00000004   Data   RW         4362    .data               mc_w.l(errno.o)
    0x20000174        -       0x00000030   Zero   RW          218    .bss                adc.o
    0x200001a4        -       0x00000018   Zero   RW          262    .bss                can.o
    0x200001bc        -       0x0000006c   Zero   RW          263    .bss                can.o
    0x20000228        -       0x000000d8   Zero   RW          323    .bss                tim.o
    0x20000300        -       0x000009e8   Zero   RW          400    .bss                usart.o
    0x20000ce8        -       0x00000038   Zero   RW          815    .bss                fourier_series_traj_exciting.o
    0x20000d20        -       0x00000400   Zero   RW            1    STACK               startup_stm32f103xe.o


==============================================================================

Image component sizes


      Code (inc. data)   RO Data    RW Data    ZI Data      Debug   Object Name

       168         22          0          0         48       1637   adc.o
       452         50          0          0        132       3397   can.o
       864         62          0        288         56       3481   fourier_series_traj_exciting.o
       112         10          0          0          0        907   gpio.o
       712        182          0         20          0       4677   ids830can.o
       852        210          0         32          0       4804   lkmoto.o
       530         62          0          0          0     513484   main.o
       136         48          0          4          0        790   sensors_reading.o
        36          8        304          0       1024        800   startup_stm32f103xe.o
       164         28          0         12          0       6497   stm32f1xx_hal.o
      1268         58          0          0          0       7119   stm32f1xx_hal_adc.o
      1628          0          0          0          0      13607   stm32f1xx_hal_can.o
       198         14          0          0          0      28931   stm32f1xx_hal_cortex.o
       374          8          0          0          0       1827   stm32f1xx_hal_dma.o
       514         42          0          0          0       2896   stm32f1xx_hal_gpio.o
        60          8          0          0          0        866   stm32f1xx_hal_msp.o
      1272        100          0          0          0       5180   stm32f1xx_hal_rcc.o
       448         44          0          0          0       2561   stm32f1xx_hal_rcc_ex.o
      1210         62          0          0          0      11449   stm32f1xx_hal_tim.o
       128         20          0          0          0       2361   stm32f1xx_hal_tim_ex.o
      1336         10          0          0          0       9126   stm32f1xx_hal_uart.o
        92         36          0          0          0       6457   stm32f1xx_it.o
         2          0         24          4          0       1107   system_stm32f1xx.o
       606         54          0          0        216       4762   tim.o
       436         60          0          4       2536       5497   usart.o

    ----------------------------------------------------------------------
     13624       1198        360        364       4012     644220   Object Totals
         0          0         32          0          0          0   (incl. Generated)
        26          0          0          0          0          0   (incl. Padding)

    ----------------------------------------------------------------------

      Code (inc. data)   RO Data    RW Data    ZI Data      Debug   Library Member Name

       156          8          0          0          0        104   cos.o
       252         22         48          0          0        124   cos_i.o
        34          6          0          0          0        204   dunder.o
        40          0          0          0          0         68   fpclassify.o
       170          0          0          0          0         96   poly.o
       904         76        200          0          0        140   rred.o
       160         10          0          0          0        108   sin.o
       236         12         40          0          0        128   sin_i.o
        58          0          0          0          0          0   __dczerorl.o
         0          0          0          0          0          0   entry.o
         0          0          0          0          0          0   entry10a.o
         0          0          0          0          0          0   entry11a.o
         4          0          0          0          0          0   entry12b.o
         8          4          0          0          0          0   entry2.o
         4          0          0          0          0          0   entry5.o
         0          0          0          0          0          0   entry7b.o
         0          0          0          0          0          0   entry8b.o
         8          4          0          0          0          0   entry9a.o
        12          6          0          4          0         68   errno.o
        30          0          0          0          0          0   handlers.o
        36          8          0          0          0         68   init.o
         0          0          0          0          0          0   iusefp.o
        30          0          0          0          0         68   llshl.o
        36          0          0          0          0         68   llsshr.o
        32          0          0          0          0         68   llushr.o
        36          0          0          0          0        108   memseta.o
      2218         90          0          0          0        464   printfa.o
         0          0          0          4          0          0   stdout.o
        44          0          0          0          0         80   uidiv.o
        98          0          0          0          0         92   uldiv.o
        48          0          0          0          0         68   cdrcmple.o
        56          0          0          0          0         88   d2f.o
       334          0          0          0          0        148   dadd.o
       222          0          0          0          0        100   ddiv.o
       186          0          0          0          0        176   depilogue.o
        62          0          0          0          0         80   dfixi.o
        50          0          0          0          0         76   dfixui.o
        48          0          0          0          0         68   dfixul.o
        34          0          0          0          0         76   dflti.o
        26          0          0          0          0         76   dfltui.o
       228          0          0          0          0         96   dmul.o
        46          0          0          0          0         80   dscalb.o
        38          0          0          0          0         68   f2d.o
       176          0          0          0          0        140   fadd.o
       124          0          0          0          0         88   fdiv.o
       110          0          0          0          0        168   fepilogue.o
        50          0          0          0          0         68   ffixi.o
        40          0          0          0          0         68   ffixui.o
        18          0          0          0          0         68   fflti.o
        10          0          0          0          0         68   ffltui.o
       100          0          0          0          0         76   fmul.o
        24          0          0          0          0         68   fscalb.o

    ----------------------------------------------------------------------
      6648        246        288          8          0       4068   Library Totals
        12          0          0          0          0          0   (incl. Padding)

    ----------------------------------------------------------------------

      Code (inc. data)   RO Data    RW Data    ZI Data      Debug   Library Name

      1952        134        288          0          0        972   m_ws.l
      2654        112          0          8          0       1084   mc_w.l
      2030          0          0          0          0       2012   mf_w.l

    ----------------------------------------------------------------------
      6648        246        288          8          0       4068   Library Totals

    ----------------------------------------------------------------------

==============================================================================


      Code (inc. data)   RO Data    RW Data    ZI Data      Debug   

     20272       1444        648        372       4012     639576   Grand Totals
     20272       1444        648        292       4012     639576   ELF Image Totals (compressed)
     20272       1444        648        292          0          0   ROM Totals

==============================================================================

    Total RO  Size (Code + RO Data)                20920 (  20.43kB)
    Total RW  Size (RW Data + ZI Data)              4384 (   4.28kB)
    Total ROM Size (Code + RO Data + RW Data)      21212 (  20.71kB)

==============================================================================

