<html>
<body>
<pre>
<h1>µVision Build Log</h1>
<h2>Tool Versions:</h2>
IDE-Version: ¦ÌVision V5.18.0.0
Copyright (C) 2016 ARM Ltd and ARM Germany GmbH. All rights reserved.
License Information: jj Administrator, jj, LIC=65ISZ-J71JQ-JJY6S-LZLFV-6KJDQ-8DB0H
 
Tool Versions:
Toolchain:       MDK-ARM Plus  Version: 5.14.0.0
Toolchain Path:  d:\Keil_v5\ARM\ARMCC\Bin
C Compiler:      Armcc.exe V5.05 update 1 (build 106)
Assembler:       Armasm.exe V5.05 update 1 (build 106)
Linker/Locator:  ArmLink.exe V5.05 update 1 (build 106)
Library Manager: ArmAr.exe V5.05 update 1 (build 106)
Hex Converter:   FromElf.exe V5.05 update 1 (build 106)
CPU DLL:         SARMCM3.DLL V5.14.0.0
Dialog DLL:      DCM.DLL V1.13.1.0
Target DLL:      CMSIS_AGDI.dll V1.21.0.0
Dialog DLL:      TCM.DLL V1.14.4.0
 
<h2>Project:</h2>
E:\github\my_repo\skeleton_gravity_compensation\MDK-ARM\LKmotors_CAN.uvprojx
Project File Date:  10/05/2023

<h2>Output:</h2>
*** Using Compiler 'V5.05 update 1 (build 106)', folder: 'd:\Keil_v5\ARM\ARMCC\Bin'
Build target 'LKmotors_CAN'
compiling ids830can.c...
compiling lkmoto.c...
..\Core\Src\lkmoto.c(505): warning:  #177-D: variable "motor_speed_float" was declared but never referenced
  	float motor_current_float=0, motor_speed_float=0;
..\Core\Src\lkmoto.c: 1 warning, 0 errors
linking...
Program Size: Code=19872 RO-data=648 RW-data=368 ZI-data=1544  
FromELF: creating hex file...
"LKmotors_CAN\LKmotors_CAN.axf" - 0 Error(s), 1 Warning(s).

<h2>Software Packages used:</h2>

Package Vendor: ARM
                http://www.keil.com/pack/ARM.CMSIS.4.2.0.pack
                ARM::CMSIS:CORE:3.40.0
                CMSIS (Cortex Microcontroller Software Interface Standard)
   * Component: CORE Version: 3.40.0

<h2>Collection of Component include folders:</h2>
  E:\github\my_repo\skeleton_gravity_compensation\MDK-ARM\RTE
  d:\Keil_v5\ARM\PACK\ARM\CMSIS\4.2.0\CMSIS\Include
  d:\Keil_v5\ARM\PACK\Keil\STM32F1xx_DFP\2.2.0\Device\Include

<h2>Collection of Component Files used:</h2>

   * Component: ARM::CMSIS:CORE:3.40.0
      Source file:   CMSIS\UserCodeTemplates\ARM\ITM_Retarget.c
Build Time Elapsed:  00:00:01
</pre>
</body>
</html>
