Component: ARM Compiler 5.05 update 1 (build 106) Tool: armlink [4d0efa]

==============================================================================

Section Cross References

    startup_stm32f103xe.o(RESET) refers to startup_stm32f103xe.o(STACK) for __initial_sp
    startup_stm32f103xe.o(RESET) refers to startup_stm32f103xe.o(.text) for Reset_Handler
    startup_stm32f103xe.o(RESET) refers to stm32f1xx_it.o(i.NMI_Handler) for NMI_Handler
    startup_stm32f103xe.o(RESET) refers to stm32f1xx_it.o(i.HardFault_Handler) for HardFault_Handler
    startup_stm32f103xe.o(RESET) refers to stm32f1xx_it.o(i.MemManage_Handler) for MemManage_Handler
    startup_stm32f103xe.o(RESET) refers to stm32f1xx_it.o(i.BusFault_Handler) for BusFault_Handler
    startup_stm32f103xe.o(RESET) refers to stm32f1xx_it.o(i.UsageFault_Handler) for UsageFault_Handler
    startup_stm32f103xe.o(RESET) refers to stm32f1xx_it.o(i.SVC_Handler) for SVC_Handler
    startup_stm32f103xe.o(RESET) refers to stm32f1xx_it.o(i.DebugMon_Handler) for DebugMon_Handler
    startup_stm32f103xe.o(RESET) refers to stm32f1xx_it.o(i.PendSV_Handler) for PendSV_Handler
    startup_stm32f103xe.o(RESET) refers to stm32f1xx_it.o(i.SysTick_Handler) for SysTick_Handler
    startup_stm32f103xe.o(RESET) refers to stm32f1xx_it.o(i.USB_LP_CAN1_RX0_IRQHandler) for USB_LP_CAN1_RX0_IRQHandler
    startup_stm32f103xe.o(RESET) refers to stm32f1xx_it.o(i.TIM2_IRQHandler) for TIM2_IRQHandler
    startup_stm32f103xe.o(RESET) refers to stm32f1xx_it.o(i.TIM3_IRQHandler) for TIM3_IRQHandler
    startup_stm32f103xe.o(RESET) refers to stm32f1xx_it.o(i.TIM4_IRQHandler) for TIM4_IRQHandler
    startup_stm32f103xe.o(RESET) refers to stm32f1xx_it.o(i.USART1_IRQHandler) for USART1_IRQHandler
    startup_stm32f103xe.o(RESET) refers to stm32f1xx_it.o(i.USART3_IRQHandler) for USART3_IRQHandler
    startup_stm32f103xe.o(.text) refers to system_stm32f1xx.o(i.SystemInit) for SystemInit
    startup_stm32f103xe.o(.text) refers to entry.o(.ARM.Collect$$$$00000000) for __main
    lkmoto.o(i.angle_close_loop) refers to lkmoto.o(i.can_send) for can_send
    lkmoto.o(i.angle_close_loop) refers to tim.o(i.Delay_ms) for Delay_ms
    lkmoto.o(i.angle_close_loop4) refers to lkmoto.o(i.can_send) for can_send
    lkmoto.o(i.angle_close_loop_with_direction) refers to lkmoto.o(i.can_send) for can_send
    lkmoto.o(i.angle_close_loop_with_direction_and_angle_and_max_speed) refers to lkmoto.o(i.can_send) for can_send
    lkmoto.o(i.angle_close_loop_with_direction_and_angle_and_max_speed) refers to tim.o(i.Delay_ms) for Delay_ms
    lkmoto.o(i.angle_close_loop_with_direction_and_speed) refers to lkmoto.o(i.can_send) for can_send
    lkmoto.o(i.angle_close_loop_with_direction_and_speed) refers to tim.o(i.Delay_ms) for Delay_ms
    lkmoto.o(i.angle_close_loop_with_speed) refers to f2d.o(.text) for __aeabi_f2d
    lkmoto.o(i.angle_close_loop_with_speed) refers to dmul.o(.text) for __aeabi_dmul
    lkmoto.o(i.angle_close_loop_with_speed) refers to dfixi.o(.text) for __aeabi_d2iz
    lkmoto.o(i.angle_close_loop_with_speed) refers to ffixui.o(.text) for __aeabi_f2uiz
    lkmoto.o(i.angle_close_loop_with_speed) refers to dfltui.o(.text) for __aeabi_ui2d
    lkmoto.o(i.angle_close_loop_with_speed) refers to dscalb.o(.text) for __ARM_scalbn
    lkmoto.o(i.angle_close_loop_with_speed) refers to printfa.o(i.__0printf) for __2printf
    lkmoto.o(i.angle_close_loop_with_speed) refers to lkmoto.o(i.can_send) for can_send
    lkmoto.o(i.can_send) refers to stm32f1xx_hal_can.o(i.HAL_CAN_AddTxMessage) for HAL_CAN_AddTxMessage
    lkmoto.o(i.can_send) refers to can.o(.bss) for hCAN1_TxHeader
    lkmoto.o(i.can_send) refers to lkmoto.o(.data) for .data
    lkmoto.o(i.can_send) refers to can.o(.bss) for hcan
    lkmoto.o(i.clear_error) refers to lkmoto.o(i.can_send) for can_send
    lkmoto.o(i.motor_close) refers to lkmoto.o(i.can_send) for can_send
    lkmoto.o(i.motor_run) refers to lkmoto.o(i.can_send) for can_send
    lkmoto.o(i.motor_run) refers to tim.o(i.Delay_ms) for Delay_ms
    lkmoto.o(i.motor_stop) refers to lkmoto.o(i.can_send) for can_send
    lkmoto.o(i.read_5torque_current) refers to lkmoto.o(i.read_status2) for read_status2
    lkmoto.o(i.read_5torque_current) refers to tim.o(i.Delay_ms) for Delay_ms
    lkmoto.o(i.read_5torque_current) refers to printfa.o(i.__0printf) for __2printf
    lkmoto.o(i.read_acc) refers to lkmoto.o(i.can_send) for can_send
    lkmoto.o(i.read_angle) refers to lkmoto.o(i.can_send) for can_send
    lkmoto.o(i.read_angle) refers to tim.o(i.Delay_ms) for Delay_ms
    lkmoto.o(i.read_angle) refers to dflti.o(.text) for __aeabi_i2d
    lkmoto.o(i.read_angle) refers to ddiv.o(.text) for __aeabi_ddiv
    lkmoto.o(i.read_angle) refers to d2f.o(.text) for __aeabi_d2f
    lkmoto.o(i.read_angle) refers to printfa.o(i.__0printf) for __2printf
    lkmoto.o(i.read_angle) refers to f2d.o(.text) for __aeabi_f2d
    lkmoto.o(i.read_angle) refers to lkmoto.o(.data) for .data
[...]
    ESP8266\\esp8266.c                       0x00000000   Number         0  esp8266.o ABSOLUTE
    ESP8266\esp8266.c                        0x00000000   Number         0  esp8266.o ABSOLUTE
    IDS830_CAN\\ids830can.c                  0x00000000   Number         0  ids830can.o ABSOLUTE
    IDS830_CAN\ids830can.c                   0x00000000   Number         0  ids830can.o ABSOLUTE
    Sensors_reading\Sensors_reading.c        0x00000000   Number         0  sensors_reading.o ABSOLUTE
    Sensors_reading\\Sensors_reading.c       0x00000000   Number         0  sensors_reading.o ABSOLUTE
    cdrcmple.s                               0x00000000   Number         0  cdrcmple.o ABSOLUTE
    dc.s                                     0x00000000   Number         0  dc.o ABSOLUTE
    handlers.s                               0x00000000   Number         0  handlers.o ABSOLUTE
    init.s                                   0x00000000   Number         0  init.o ABSOLUTE
    startup_stm32f103xe.s                    0x00000000   Number         0  startup_stm32f103xe.o ABSOLUTE
    traj_exciting\\fourier_series_traj_exciting.c 0x00000000   Number         0  fourier_series_traj_exciting.o ABSOLUTE
    traj_exciting\fourier_series_traj_exciting.c 0x00000000   Number         0  fourier_series_traj_exciting.o ABSOLUTE
    RESET                                    0x08000000   Section      304  startup_stm32f103xe.o(RESET)
    .ARM.Collect$$$$00000000                 0x08000130   Section        0  entry.o(.ARM.Collect$$$$00000000)
    .ARM.Collect$$$$00000001                 0x08000130   Section        4  entry2.o(.ARM.Collect$$$$00000001)
    .ARM.Collect$$$$00000004                 0x08000134   Section        4  entry5.o(.ARM.Collect$$$$00000004)
    .ARM.Collect$$$$00000008                 0x08000138   Section        0  entry7b.o(.ARM.Collect$$$$00000008)
    .ARM.Collect$$$$0000000A                 0x08000138   Section        0  entry8b.o(.ARM.Collect$$$$0000000A)
    .ARM.Collect$$$$0000000B                 0x08000138   Section        8  entry9a.o(.ARM.Collect$$$$0000000B)
    .ARM.Collect$$$$0000000D                 0x08000140   Section        0  entry10a.o(.ARM.Collect$$$$0000000D)
    .ARM.Collect$$$$0000000F                 0x08000140   Section        0  entry11a.o(.ARM.Collect$$$$0000000F)
    .ARM.Collect$$$$00002712                 0x08000140   Section        4  entry2.o(.ARM.Collect$$$$00002712)
    __lit__00000000                          0x08000140   Data           4  entry2.o(.ARM.Collect$$$$00002712)
    .text                                    0x08000144   Section       36  startup_stm32f103xe.o(.text)
    .text                                    0x08000168   Section        0  llushr.o(.text)
    .text                                    0x08000188   Section        0  memseta.o(.text)
    .text                                    0x080001ac   Section        0  fadd.o(.text)
    .text                                    0x0800025c   Section        0  fmul.o(.text)
    .text                                    0x080002c0   Section        0  fdiv.o(.text)
    .text                                    0x0800033c   Section        0  fscalb.o(.text)
    .text                                    0x08000354   Section        0  dadd.o(.text)
    .text                                    0x080004a2   Section        0  dmul.o(.text)
    .text                                    0x08000586   Section        0  ddiv.o(.text)
    .text                                    0x08000664   Section        0  dscalb.o(.text)
    .text                                    0x08000692   Section        0  fflti.o(.text)
    .text                                    0x080006a4   Section        0  ffltui.o(.text)
    .text                                    0x080006ae   Section        0  dflti.o(.text)
    .text                                    0x080006d0   Section        0  dfltui.o(.text)
    .text                                    0x080006ea   Section        0  ffixi.o(.text)
    .text                                    0x0800071c   Section        0  ffixui.o(.text)
    .text                                    0x08000744   Section        0  dfixi.o(.text)
    .text                                    0x08000782   Section        0  dfixui.o(.text)
    .text                                    0x080007b4   Section        0  f2d.o(.text)
    .text                                    0x080007da   Section        0  d2f.o(.text)
    .text                                    0x08000812   Section        0  uidiv.o(.text)
    .text                                    0x0800083e   Section        0  uldiv.o(.text)
    .text                                    0x080008a0   Section        0  llshl.o(.text)
    .text                                    0x080008be   Section        0  llsshr.o(.text)
    .text                                    0x080008e2   Section        0  fepilogue.o(.text)
    .text                                    0x080008e2   Section        0  iusefp.o(.text)
    .text                                    0x08000950   Section        0  depilogue.o(.text)
    .text                                    0x08000a0a   Section        0  dfixul.o(.text)
    .text                                    0x08000a3c   Section       48  cdrcmple.o(.text)
    .text                                    0x08000a6c   Section       36  init.o(.text)
    .text                                    0x08000a90   Section        0  __dczerorl.o(.text)
    i.ADC_ConversionStop_Disable             0x08000acc   Section        0  stm32f1xx_hal_adc.o(i.ADC_ConversionStop_Disable)
    i.ADC_Enable                             0x08000b24   Section        0  stm32f1xx_hal_adc.o(i.ADC_Enable)
    i.BusFault_Handler                       0x08000ba0   Section        0  stm32f1xx_it.o(i.BusFault_Handler)
    i.CAN_Filter_Init                        0x08000ba4   Section        0  can.o(i.CAN_Filter_Init)
    i.DebugMon_Handler                       0x08000bf8   Section        0  stm32f1xx_it.o(i.DebugMon_Handler)
    i.Delay_ms                               0x08000bfa   Section        0  tim.o(i.Delay_ms)
    i.Delay_us                               0x08000c10   Section        0  tim.o(i.Delay_us)
    i.Error_Handler                          0x08000c40   Section        0  main.o(i.Error_Handler)
    i.HAL_ADC_ConfigChannel                  0x08000c44   Section        0  stm32f1xx_hal_adc.o(i.HAL_ADC_ConfigChannel)
    i.HAL_ADC_GetState                       0x08000d40   Section        0  stm32f1xx_hal_adc.o(i.HAL_ADC_GetState)
    i.HAL_ADC_GetValue                       0x08000d44   Section        0  stm32f1xx_hal_adc.o(i.HAL_ADC_GetValue)
    i.HAL_ADC_Init                           0x08000d4c   Section        0  stm32f1xx_hal_adc.o(i.HAL_ADC_Init)
    i.HAL_ADC_MspInit                        0x08000e70   Section        0  adc.o(i.HAL_ADC_MspInit)
    i.HAL_ADC_PollForConversion              0x08000ec8   Section        0  stm32f1xx_hal_adc.o(i.HAL_ADC_PollForConversion)
    i.HAL_ADC_Start                          0x08001004   Section        0  stm32f1xx_hal_adc.o(i.HAL_ADC_Start)
    i.HAL_CAN_ActivateNotification           0x080010c4   Section        0  stm32f1xx_hal_can.o(i.HAL_CAN_ActivateNotification)
    i.HAL_CAN_AddTxMessage                   0x080010e8   Section        0  stm32f1xx_hal_can.o(i.HAL_CAN_AddTxMessage)
    i.HAL_CAN_ConfigFilter                   0x080011b0   Section        0  stm32f1xx_hal_can.o(i.HAL_CAN_ConfigFilter)
    i.HAL_CAN_ErrorCallback                  0x0800129e   Section        0  stm32f1xx_hal_can.o(i.HAL_CAN_ErrorCallback)
    i.HAL_CAN_GetRxMessage                   0x080012a0   Section        0  stm32f1xx_hal_can.o(i.HAL_CAN_GetRxMessage)
    i.HAL_CAN_IRQHandler                     0x08001388   Section        0  stm32f1xx_hal_can.o(i.HAL_CAN_IRQHandler)
    i.HAL_CAN_Init                           0x08001584   Section        0  stm32f1xx_hal_can.o(i.HAL_CAN_Init)
    i.HAL_CAN_MspInit                        0x080016a0   Section        0  can.o(i.HAL_CAN_MspInit)
    i.HAL_CAN_RxFifo0FullCallback            0x0800171c   Section        0  stm32f1xx_hal_can.o(i.HAL_CAN_RxFifo0FullCallback)
    i.HAL_CAN_RxFifo0MsgPendingCallback      0x08001720   Section        0  can.o(i.HAL_CAN_RxFifo0MsgPendingCallback)
    i.HAL_CAN_RxFifo1FullCallback            0x080017d0   Section        0  stm32f1xx_hal_can.o(i.HAL_CAN_RxFifo1FullCallback)
    i.HAL_CAN_RxFifo1MsgPendingCallback      0x080017d2   Section        0  stm32f1xx_hal_can.o(i.HAL_CAN_RxFifo1MsgPendingCallback)
    i.HAL_CAN_SleepCallback                  0x080017d4   Section        0  stm32f1xx_hal_can.o(i.HAL_CAN_SleepCallback)
    i.HAL_CAN_Start                          0x080017d8   Section        0  stm32f1xx_hal_can.o(i.HAL_CAN_Start)
    i.HAL_CAN_TxMailbox0AbortCallback        0x08001830   Section        0  stm32f1xx_hal_can.o(i.HAL_CAN_TxMailbox0AbortCallback)
    i.HAL_CAN_TxMailbox0CompleteCallback     0x08001832   Section        0  stm32f1xx_hal_can.o(i.HAL_CAN_TxMailbox0CompleteCallback)
    i.HAL_CAN_TxMailbox1AbortCallback        0x08001834   Section        0  stm32f1xx_hal_can.o(i.HAL_CAN_TxMailbox1AbortCallback)
    i.HAL_CAN_TxMailbox1CompleteCallback     0x08001836   Section        0  stm32f1xx_hal_can.o(i.HAL_CAN_TxMailbox1CompleteCallback)
    i.HAL_CAN_TxMailbox2AbortCallback        0x08001838   Section        0  stm32f1xx_hal_can.o(i.HAL_CAN_TxMailbox2AbortCallback)
    i.HAL_CAN_TxMailbox2CompleteCallback     0x0800183a   Section        0  stm32f1xx_hal_can.o(i.HAL_CAN_TxMailbox2CompleteCallback)
    i.HAL_CAN_WakeUpFromRxMsgCallback        0x0800183c   Section        0  stm32f1xx_hal_can.o(i.HAL_CAN_WakeUpFromRxMsgCallback)
    i.HAL_DMA_Abort                          0x0800183e   Section        0  stm32f1xx_hal_dma.o(i.HAL_DMA_Abort)
    i.HAL_DMA_Abort_IT                       0x08001884   Section        0  stm32f1xx_hal_dma.o(i.HAL_DMA_Abort_IT)
    i.HAL_Delay                              0x080019b4   Section        0  stm32f1xx_hal.o(i.HAL_Delay)
    i.HAL_GPIO_Init                          0x080019d8   Section        0  stm32f1xx_hal_gpio.o(i.HAL_GPIO_Init)
    i.HAL_GPIO_WritePin                      0x08001bd0   Section        0  stm32f1xx_hal_gpio.o(i.HAL_GPIO_WritePin)
    i.HAL_GetTick                            0x08001bdc   Section        0  stm32f1xx_hal.o(i.HAL_GetTick)
    i.HAL_IncTick                            0x08001be8   Section        0  stm32f1xx_hal.o(i.HAL_IncTick)
    i.HAL_Init                               0x08001bf8   Section        0  stm32f1xx_hal.o(i.HAL_Init)
    i.HAL_InitTick                           0x08001c1c   Section        0  stm32f1xx_hal.o(i.HAL_InitTick)
    i.HAL_MspInit                            0x08001c5c   Section        0  stm32f1xx_hal_msp.o(i.HAL_MspInit)
    i.HAL_NVIC_EnableIRQ                     0x08001c98   Section        0  stm32f1xx_hal_cortex.o(i.HAL_NVIC_EnableIRQ)
    i.HAL_NVIC_SetPriority                   0x08001cb4   Section        0  stm32f1xx_hal_cortex.o(i.HAL_NVIC_SetPriority)
    i.HAL_NVIC_SetPriorityGrouping           0x08001cf4   Section        0  stm32f1xx_hal_cortex.o(i.HAL_NVIC_SetPriorityGrouping)
    i.HAL_RCCEx_GetPeriphCLKFreq             0x08001d18   Section        0  stm32f1xx_hal_rcc_ex.o(i.HAL_RCCEx_GetPeriphCLKFreq)
    i.HAL_RCCEx_PeriphCLKConfig              0x08001dec   Section        0  stm32f1xx_hal_rcc_ex.o(i.HAL_RCCEx_PeriphCLKConfig)
    i.HAL_RCC_ClockConfig                    0x08001ed8   Section        0  stm32f1xx_hal_rcc.o(i.HAL_RCC_ClockConfig)
    i.HAL_RCC_GetPCLK1Freq                   0x08002004   Section        0  stm32f1xx_hal_rcc.o(i.HAL_RCC_GetPCLK1Freq)
    i.HAL_RCC_GetPCLK2Freq                   0x08002024   Section        0  stm32f1xx_hal_rcc.o(i.HAL_RCC_GetPCLK2Freq)
    i.HAL_RCC_GetSysClockFreq                0x08002044   Section        0  stm32f1xx_hal_rcc.o(i.HAL_RCC_GetSysClockFreq)
    i.HAL_RCC_OscConfig                      0x080020b0   Section        0  stm32f1xx_hal_rcc.o(i.HAL_RCC_OscConfig)
    i.HAL_SYSTICK_Config                     0x080023d0   Section        0  stm32f1xx_hal_cortex.o(i.HAL_SYSTICK_Config)
    i.HAL_TIMEx_BreakCallback                0x080023f8   Section        0  stm32f1xx_hal_tim_ex.o(i.HAL_TIMEx_BreakCallback)
    i.HAL_TIMEx_CommutCallback               0x080023fa   Section        0  stm32f1xx_hal_tim_ex.o(i.HAL_TIMEx_CommutCallback)
    i.HAL_TIMEx_MasterConfigSynchronization  0x080023fc   Section        0  stm32f1xx_hal_tim_ex.o(i.HAL_TIMEx_MasterConfigSynchronization)
    i.HAL_TIM_Base_Init                      0x08002478   Section        0  stm32f1xx_hal_tim.o(i.HAL_TIM_Base_Init)
    i.HAL_TIM_Base_MspInit                   0x080024d4   Section        0  tim.o(i.HAL_TIM_Base_MspInit)
    i.HAL_TIM_Base_Start                     0x0800255c   Section        0  stm32f1xx_hal_tim.o(i.HAL_TIM_Base_Start)
    i.HAL_TIM_Base_Start_IT                  0x080025c0   Section        0  stm32f1xx_hal_tim.o(i.HAL_TIM_Base_Start_IT)
    i.HAL_TIM_Base_Stop                      0x0800262c   Section        0  stm32f1xx_hal_tim.o(i.HAL_TIM_Base_Stop)
    i.HAL_TIM_Base_Stop_IT                   0x08002652   Section        0  stm32f1xx_hal_tim.o(i.HAL_TIM_Base_Stop_IT)
    i.HAL_TIM_ConfigClockSource              0x08002682   Section        0  stm32f1xx_hal_tim.o(i.HAL_TIM_ConfigClockSource)
    i.HAL_TIM_IC_CaptureCallback             0x08002758   Section        0  stm32f1xx_hal_tim.o(i.HAL_TIM_IC_CaptureCallback)
    i.HAL_TIM_IRQHandler                     0x0800275a   Section        0  stm32f1xx_hal_tim.o(i.HAL_TIM_IRQHandler)
    i.HAL_TIM_OC_DelayElapsedCallback        0x080028c0   Section        0  stm32f1xx_hal_tim.o(i.HAL_TIM_OC_DelayElapsedCallback)
    i.HAL_TIM_PWM_PulseFinishedCallback      0x080028c2   Section        0  stm32f1xx_hal_tim.o(i.HAL_TIM_PWM_PulseFinishedCallback)
    i.HAL_TIM_PeriodElapsedCallback          0x080028c4   Section        0  tim.o(i.HAL_TIM_PeriodElapsedCallback)
    i.HAL_TIM_TriggerCallback                0x0800291c   Section        0  stm32f1xx_hal_tim.o(i.HAL_TIM_TriggerCallback)
    i.HAL_UARTEx_RxEventCallback             0x0800291e   Section        0  stm32f1xx_hal_uart.o(i.HAL_UARTEx_RxEventCallback)
    i.HAL_UART_ErrorCallback                 0x08002920   Section        0  stm32f1xx_hal_uart.o(i.HAL_UART_ErrorCallback)
    i.HAL_UART_IRQHandler                    0x08002924   Section        0  stm32f1xx_hal_uart.o(i.HAL_UART_IRQHandler)
    i.HAL_UART_Init                          0x08002b30   Section        0  stm32f1xx_hal_uart.o(i.HAL_UART_Init)
    i.HAL_UART_MspInit                       0x08002b94   Section        0  usart.o(i.HAL_UART_MspInit)
    i.HAL_UART_Receive_IT                    0x08002c70   Section        0  stm32f1xx_hal_uart.o(i.HAL_UART_Receive_IT)
    i.HAL_UART_RxCpltCallback                0x08002c9c   Section        0  usart.o(i.HAL_UART_RxCpltCallback)
    i.HAL_UART_Transmit                      0x08002cec   Section        0  stm32f1xx_hal_uart.o(i.HAL_UART_Transmit)
    i.HAL_UART_TxCpltCallback                0x08002d9e   Section        0  stm32f1xx_hal_uart.o(i.HAL_UART_TxCpltCallback)
    i.HardFault_Handler                      0x08002da0   Section        0  stm32f1xx_it.o(i.HardFault_Handler)
    i.IDS830_can_send                        0x08002da4   Section        0  ids830can.o(i.IDS830_can_send)
    i.LinearActuator_read_CurrentandSpeed    0x08002dcc   Section        0  ids830can.o(i.LinearActuator_read_CurrentandSpeed)
    i.LinearActuator_read_position           0x08002eb4   Section        0  ids830can.o(i.LinearActuator_read_position)
    i.LinearActuator_startRun_maxspeed_position 0x08002f44   Section        0  ids830can.o(i.LinearActuator_startRun_maxspeed_position)
    i.MX_ADC1_Init                           0x08002fb4   Section        0  adc.o(i.MX_ADC1_Init)
    i.MX_CAN_Init                            0x08003004   Section        0  can.o(i.MX_CAN_Init)
    i.MX_GPIO_Init                           0x08003048   Section        0  gpio.o(i.MX_GPIO_Init)
    i.MX_TIM2_Init                           0x080030b8   Section        0  tim.o(i.MX_TIM2_Init)
    i.MX_TIM3_Init                           0x08003120   Section        0  tim.o(i.MX_TIM3_Init)
    i.MX_TIM4_Init                           0x08003188   Section        0  tim.o(i.MX_TIM4_Init)
    i.MX_USART1_UART_Init                    0x080031f0   Section        0  usart.o(i.MX_USART1_UART_Init)
    i.MX_USART3_UART_Init                    0x08003228   Section        0  usart.o(i.MX_USART3_UART_Init)
    i.MemManage_Handler                      0x08003260   Section        0  stm32f1xx_it.o(i.MemManage_Handler)
    i.NMI_Handler                            0x08003262   Section        0  stm32f1xx_it.o(i.NMI_Handler)
    i.PendSV_Handler                         0x08003264   Section        0  stm32f1xx_it.o(i.PendSV_Handler)
    i.SVC_Handler                            0x08003266   Section        0  stm32f1xx_it.o(i.SVC_Handler)
    i.SysTick_Handler                        0x08003268   Section        0  stm32f1xx_it.o(i.SysTick_Handler)
    i.SystemClock_Config                     0x0800326c   Section        0  main.o(i.SystemClock_Config)
    i.SystemInit                             0x080032e6   Section        0  system_stm32f1xx.o(i.SystemInit)
    i.TIM2_IRQHandler                        0x080032e8   Section        0  stm32f1xx_it.o(i.TIM2_IRQHandler)
    i.TIM3_IRQHandler                        0x080032f4   Section        0  stm32f1xx_it.o(i.TIM3_IRQHandler)
    i.TIM4_IRQHandler                        0x08003300   Section        0  stm32f1xx_it.o(i.TIM4_IRQHandler)
    i.TIM_Base_SetConfig                     0x0800330c   Section        0  stm32f1xx_hal_tim.o(i.TIM_Base_SetConfig)
    i.TIM_ETR_SetConfig                      0x08003398   Section        0  stm32f1xx_hal_tim.o(i.TIM_ETR_SetConfig)
    i.TIM_ITRx_SetConfig                     0x080033ac   Section        0  stm32f1xx_hal_tim.o(i.TIM_ITRx_SetConfig)
    TIM_ITRx_SetConfig                       0x080033ad   Thumb Code    16  stm32f1xx_hal_tim.o(i.TIM_ITRx_SetConfig)
    i.TIM_TI1_ConfigInputStage               0x080033bc   Section        0  stm32f1xx_hal_tim.o(i.TIM_TI1_ConfigInputStage)
    TIM_TI1_ConfigInputStage                 0x080033bd   Thumb Code    34  stm32f1xx_hal_tim.o(i.TIM_TI1_ConfigInputStage)
    i.TIM_TI2_ConfigInputStage               0x080033de   Section        0  stm32f1xx_hal_tim.o(i.TIM_TI2_ConfigInputStage)
    TIM_TI2_ConfigInputStage                 0x080033df   Thumb Code    36  stm32f1xx_hal_tim.o(i.TIM_TI2_ConfigInputStage)
    i.UART_DMAAbortOnError                   0x08003402   Section        0  stm32f1xx_hal_uart.o(i.UART_DMAAbortOnError)
    UART_DMAAbortOnError                     0x08003403   Thumb Code    16  stm32f1xx_hal_uart.o(i.UART_DMAAbortOnError)
    i.UART_EndRxTransfer                     0x08003412   Section        0  stm32f1xx_hal_uart.o(i.UART_EndRxTransfer)
    UART_EndRxTransfer                       0x08003413   Thumb Code    48  stm32f1xx_hal_uart.o(i.UART_EndRxTransfer)
    i.UART_Receive_IT                        0x08003442   Section        0  stm32f1xx_hal_uart.o(i.UART_Receive_IT)
    UART_Receive_IT                          0x08003443   Thumb Code   182  stm32f1xx_hal_uart.o(i.UART_Receive_IT)
    i.UART_SetConfig                         0x080034f8   Section        0  stm32f1xx_hal_uart.o(i.UART_SetConfig)
    UART_SetConfig                           0x080034f9   Thumb Code   178  stm32f1xx_hal_uart.o(i.UART_SetConfig)
    i.UART_Start_Receive_IT                  0x080035b0   Section        0  stm32f1xx_hal_uart.o(i.UART_Start_Receive_IT)
    i.UART_WaitOnFlagUntilTimeout            0x080035e6   Section        0  stm32f1xx_hal_uart.o(i.UART_WaitOnFlagUntilTimeout)
    UART_WaitOnFlagUntilTimeout              0x080035e7   Thumb Code   100  stm32f1xx_hal_uart.o(i.UART_WaitOnFlagUntilTimeout)
    i.USART1_IRQHandler                      0x0800364c   Section        0  stm32f1xx_it.o(i.USART1_IRQHandler)
    i.USART3_IRQHandler                      0x08003658   Section        0  stm32f1xx_it.o(i.USART3_IRQHandler)
    i.USB_LP_CAN1_RX0_IRQHandler             0x08003664   Section        0  stm32f1xx_it.o(i.USB_LP_CAN1_RX0_IRQHandler)
    i.UsageFault_Handler                     0x08003670   Section        0  stm32f1xx_it.o(i.UsageFault_Handler)
    i.__0printf                              0x08003674   Section        0  printfa.o(i.__0printf)
    i.__ARM_fpclassify                       0x08003694   Section        0  fpclassify.o(i.__ARM_fpclassify)
    i.__NVIC_SetPriority                     0x080036bc   Section        0  stm32f1xx_hal_cortex.o(i.__NVIC_SetPriority)
    __NVIC_SetPriority                       0x080036bd   Thumb Code    32  stm32f1xx_hal_cortex.o(i.__NVIC_SetPriority)
    i.__ieee754_rem_pio2                     0x080036dc   Section        0  rred.o(i.__ieee754_rem_pio2)
    i.__kernel_cos                           0x08003a64   Section        0  cos_i.o(i.__kernel_cos)
    i.__kernel_poly                          0x08003b60   Section        0  poly.o(i.__kernel_poly)
    i.__kernel_sin                           0x08003c0c   Section        0  sin_i.o(i.__kernel_sin)
    i.__mathlib_dbl_infnan                   0x08003cf8   Section        0  dunder.o(i.__mathlib_dbl_infnan)
    i.__mathlib_dbl_invalid                  0x08003cfe   Section        0  dunder.o(i.__mathlib_dbl_invalid)
    i.__mathlib_dbl_underflow                0x08003d0c   Section        0  dunder.o(i.__mathlib_dbl_underflow)
    i.__scatterload_copy                     0x08003d1c   Section       14  handlers.o(i.__scatterload_copy)
    i.__scatterload_null                     0x08003d2a   Section        2  handlers.o(i.__scatterload_null)
    i.__scatterload_zeroinit                 0x08003d2c   Section       14  handlers.o(i.__scatterload_zeroinit)
    i.__set_errno                            0x08003d3c   Section        0  errno.o(i.__set_errno)
    i._fp_digits                             0x08003d48   Section        0  printfa.o(i._fp_digits)
    _fp_digits                               0x08003d49   Thumb Code   334  printfa.o(i._fp_digits)
    i._printf_core                           0x08003eac   Section        0  printfa.o(i._printf_core)
    _printf_core                             0x08003ead   Thumb Code  1744  printfa.o(i._printf_core)
    i._printf_post_padding                   0x08004588   Section        0  printfa.o(i._printf_post_padding)
    _printf_post_padding                     0x08004589   Thumb Code    36  printfa.o(i._printf_post_padding)
    i._printf_pre_padding                    0x080045ac   Section        0  printfa.o(i._printf_pre_padding)
    _printf_pre_padding                      0x080045ad   Thumb Code    46  printfa.o(i._printf_pre_padding)
    i.angle_close_loop_with_speed            0x080045dc   Section        0  lkmoto.o(i.angle_close_loop_with_speed)
    i.can_send                               0x080046e8   Section        0  lkmoto.o(i.can_send)
    i.cos                                    0x08004714   Section        0  cos.o(i.cos)
    i.fourier_series_traj                    0x080047b0   Section        0  fourier_series_traj_exciting.o(i.fourier_series_traj)
    i.fputc                                  0x080048e0   Section        0  usart.o(i.fputc)
    i.main                                   0x080048f8   Section        0  main.o(i.main)
    i.motor_run                              0x08004a9c   Section        0  lkmoto.o(i.motor_run)
    i.pressure_SensorReading                 0x08004ac0   Section        0  sensors_reading.o(i.pressure_SensorReading)
    i.readData_pointTopoint                  0x08004b48   Section        0  ids830can.o(i.readData_pointTopoint)
    i.read_angle                             0x08004ba0   Section        0  lkmoto.o(i.read_angle)
    i.read_status2                           0x08004c74   Section        0  lkmoto.o(i.read_status2)
    i.run_fourier_series_traj                0x08004d34   Section        0  fourier_series_traj_exciting.o(i.run_fourier_series_traj)
    i.sin                                    0x08004f2c   Section        0  sin.o(i.sin)
    i.ske_base_position                      0x08004fcc   Section        0  lkmoto.o(i.ske_base_position)
    i.traj_exciting_init                     0x08005028   Section        0  fourier_series_traj_exciting.o(i.traj_exciting_init)
    i.writeData_pointTopoint                 0x08005060   Section        0  ids830can.o(i.writeData_pointTopoint)
    .constdata                               0x080050b8   Section       16  system_stm32f1xx.o(.constdata)
    .constdata                               0x080050c8   Section        8  system_stm32f1xx.o(.constdata)
    .constdata                               0x080050d0   Section       48  cos_i.o(.constdata)
    C                                        0x080050d0   Data          48  cos_i.o(.constdata)
    .constdata                               0x08005100   Section      200  rred.o(.constdata)
    pio2s                                    0x08005100   Data          48  rred.o(.constdata)
    twooverpi                                0x08005130   Data         152  rred.o(.constdata)
    .constdata                               0x080051c8   Section       40  sin_i.o(.constdata)
    S                                        0x080051c8   Data          40  sin_i.o(.constdata)
    .data                                    0x20000000   Section       32  lkmoto.o(.data)
    txMailBox                                0x20000000   Data           4  lkmoto.o(.data)
    .data                                    0x20000020   Section       20  ids830can.o(.data)
    txMailBox                                0x20000020   Data           4  ids830can.o(.data)
    .data                                    0x20000034   Section      288  fourier_series_traj_exciting.o(.data)
    .data                                    0x20000154   Section        4  sensors_reading.o(.data)
    .data                                    0x20000158   Section        4  usart.o(.data)
    .data                                    0x2000015c   Section       12  stm32f1xx_hal.o(.data)
    .data                                    0x20000168   Section        4  system_stm32f1xx.o(.data)
    .data                                    0x2000016c   Section        4  stdout.o(.data)
    .data                                    0x20000170   Section        4  errno.o(.data)
    _errno                                   0x20000170   Data           4  errno.o(.data)
    .bss                                     0x20000174   Section       56  fourier_series_traj_exciting.o(.bss)
    .bss                                     0x200001ac   Section       48  adc.o(.bss)
    .bss                                     0x200001dc   Section       24  can.o(.bss)
    .bss                                     0x200001f4   Section      108  can.o(.bss)
    .bss                                     0x20000260   Section      216  tim.o(.bss)
    .bss                                     0x20000338   Section     2536  usart.o(.bss)
    STACK                                    0x20000d20   Section     1024  startup_stm32f103xe.o(STACK)

    Global Symbols

    Symbol Name                              Value     Ov Type        Size  Object(Section)

    BuildAttributes$$THM_ISAv4$P$D$K$B$S$PE$A:L22UL41UL21$X:L11$S22US41US21$IEEE1$IW$USESV6$~STKCKD$USESV7$~SHL$OTIME$ROPI$IEEEX$EBA8$MICROLIB$REQ8$PRES8$EABIv2 0x00000000   Number         0  anon$$obj.o ABSOLUTE
    __ARM_use_no_argv                        0x00000000   Number         0  main.o ABSOLUTE
    _printf_a                                0x00000000   Number         0  stubs.o ABSOLUTE
    _printf_c                                0x00000000   Number         0  stubs.o ABSOLUTE
    _printf_charcount                        0x00000000   Number         0  stubs.o ABSOLUTE
    _printf_d                                0x00000000   Number         0  stubs.o ABSOLUTE
    _printf_e                                0x00000000   Number         0  stubs.o ABSOLUTE
    _printf_f                                0x00000000   Number         0  stubs.o ABSOLUTE
    _printf_flags                            0x00000000   Number         0  stubs.o ABSOLUTE
    _printf_fp_dec                           0x00000000   Number         0  stubs.o ABSOLUTE
    _printf_fp_hex                           0x00000000   Number         0  stubs.o ABSOLUTE
    _printf_g                                0x00000000   Number         0  stubs.o ABSOLUTE
    _printf_i                                0x00000000   Number         0  stubs.o ABSOLUTE
    _printf_int_dec                          0x00000000   Number         0  stubs.o ABSOLUTE
    _printf_l                                0x00000000   Number         0  stubs.o ABSOLUTE
    _printf_lc                               0x00000000   Number         0  stubs.o ABSOLUTE
    _printf_ll                               0x00000000   Number         0  stubs.o ABSOLUTE
    _printf_lld                              0x00000000   Number         0  stubs.o ABSOLUTE
    _printf_lli                              0x00000000   Number         0  stubs.o ABSOLUTE
    _printf_llo                              0x00000000   Number         0  stubs.o ABSOLUTE
    _printf_llu                              0x00000000   Number         0  stubs.o ABSOLUTE
    _printf_llx                              0x00000000   Number         0  stubs.o ABSOLUTE
    _printf_longlong_dec                     0x00000000   Number         0  stubs.o ABSOLUTE
    _printf_longlong_hex                     0x00000000   Number         0  stubs.o ABSOLUTE
    _printf_longlong_oct                     0x00000000   Number         0  stubs.o ABSOLUTE
    _printf_ls                               0x00000000   Number         0  stubs.o ABSOLUTE
    _printf_mbtowc                           0x00000000   Number         0  stubs.o ABSOLUTE
    _printf_n                                0x00000000   Number         0  stubs.o ABSOLUTE
    _printf_o                                0x00000000   Number         0  stubs.o ABSOLUTE
    _printf_p                                0x00000000   Number         0  stubs.o ABSOLUTE
    _printf_percent                          0x00000000   Number         0  stubs.o ABSOLUTE
    _printf_pre_padding                      0x00000000   Number         0  stubs.o ABSOLUTE
    _printf_return_value                     0x00000000   Number         0  stubs.o ABSOLUTE
    _printf_s                                0x00000000   Number         0  stubs.o ABSOLUTE
    _printf_sizespec                         0x00000000   Number         0  stubs.o ABSOLUTE
    _printf_str                              0x00000000   Number         0  stubs.o ABSOLUTE
    _printf_truncate_signed                  0x00000000   Number         0  stubs.o ABSOLUTE
    _printf_truncate_unsigned                0x00000000   Number         0  stubs.o ABSOLUTE
    _printf_u                                0x00000000   Number         0  stubs.o ABSOLUTE
    _printf_wc                               0x00000000   Number         0  stubs.o ABSOLUTE
    _printf_wctomb                           0x00000000   Number         0  stubs.o ABSOLUTE
    _printf_widthprec                        0x00000000   Number         0  stubs.o ABSOLUTE
    _printf_x                                0x00000000   Number         0  stubs.o ABSOLUTE
    __cpp_initialize__aeabi_                  - Undefined Weak Reference
    __cxa_finalize                            - Undefined Weak Reference
    _clock_init                               - Undefined Weak Reference
    _microlib_exit                            - Undefined Weak Reference
    __Vectors_Size                           0x00000130   Number         0  startup_stm32f103xe.o ABSOLUTE
    __Vectors                                0x08000000   Data           4  startup_stm32f103xe.o(RESET)
    __Vectors_End                            0x08000130   Data           0  startup_stm32f103xe.o(RESET)
    __main                                   0x08000131   Thumb Code     0  entry.o(.ARM.Collect$$$$00000000)
    _main_stk                                0x08000131   Thumb Code     0  entry2.o(.ARM.Collect$$$$00000001)
    _main_scatterload                        0x08000135   Thumb Code     0  entry5.o(.ARM.Collect$$$$00000004)
    __main_after_scatterload                 0x08000139   Thumb Code     0  entry5.o(.ARM.Collect$$$$00000004)
    _main_clock                              0x08000139   Thumb Code     0  entry7b.o(.ARM.Collect$$$$00000008)
    _main_cpp_init                           0x08000139   Thumb Code     0  entry8b.o(.ARM.Collect$$$$0000000A)
    _main_init                               0x08000139   Thumb Code     0  entry9a.o(.ARM.Collect$$$$0000000B)
    __rt_final_cpp                           0x08000141   Thumb Code     0  entry10a.o(.ARM.Collect$$$$0000000D)
    __rt_final_exit                          0x08000141   Thumb Code     0  entry11a.o(.ARM.Collect$$$$0000000F)
    Reset_Handler                            0x08000145   Thumb Code     8  startup_stm32f103xe.o(.text)
    ADC1_2_IRQHandler                        0x0800015f   Thumb Code     0  startup_stm32f103xe.o(.text)
    ADC3_IRQHandler                          0x0800015f   Thumb Code     0  startup_stm32f103xe.o(.text)
    CAN1_RX1_IRQHandler                      0x0800015f   Thumb Code     0  startup_stm32f103xe.o(.text)
    CAN1_SCE_IRQHandler                      0x0800015f   Thumb Code     0  startup_stm32f103xe.o(.text)
    DMA1_Channel1_IRQHandler                 0x0800015f   Thumb Code     0  startup_stm32f103xe.o(.text)
    DMA1_Channel2_IRQHandler                 0x0800015f   Thumb Code     0  startup_stm32f103xe.o(.text)
    DMA1_Channel3_IRQHandler                 0x0800015f   Thumb Code     0  startup_stm32f103xe.o(.text)
    DMA1_Channel4_IRQHandler                 0x0800015f   Thumb Code     0  startup_stm32f103xe.o(.text)
    DMA1_Channel5_IRQHandler                 0x0800015f   Thumb Code     0  startup_stm32f103xe.o(.text)
    DMA1_Channel6_IRQHandler                 0x0800015f   Thumb Code     0  startup_stm32f103xe.o(.text)
    DMA1_Channel7_IRQHandler                 0x0800015f   Thumb Code     0  startup_stm32f103xe.o(.text)
    DMA2_Channel1_IRQHandler                 0x0800015f   Thumb Code     0  startup_stm32f103xe.o(.text)
    DMA2_Channel2_IRQHandler                 0x0800015f   Thumb Code     0  startup_stm32f103xe.o(.text)
    DMA2_Channel3_IRQHandler                 0x0800015f   Thumb Code     0  startup_stm32f103xe.o(.text)
    DMA2_Channel4_5_IRQHandler               0x0800015f   Thumb Code     0  startup_stm32f103xe.o(.text)
    EXTI0_IRQHandler                         0x0800015f   Thumb Code     0  startup_stm32f103xe.o(.text)
    EXTI15_10_IRQHandler                     0x0800015f   Thumb Code     0  startup_stm32f103xe.o(.text)
    EXTI1_IRQHandler                         0x0800015f   Thumb Code     0  startup_stm32f103xe.o(.text)
    EXTI2_IRQHandler                         0x0800015f   Thumb Code     0  startup_stm32f103xe.o(.text)
    EXTI3_IRQHandler                         0x0800015f   Thumb Code     0  startup_stm32f103xe.o(.text)
    EXTI4_IRQHandler                         0x0800015f   Thumb Code     0  startup_stm32f103xe.o(.text)
    EXTI9_5_IRQHandler                       0x0800015f   Thumb Code     0  startup_stm32f103xe.o(.text)
    FLASH_IRQHandler                         0x0800015f   Thumb Code     0  startup_stm32f103xe.o(.text)
    FSMC_IRQHandler                          0x0800015f   Thumb Code     0  startup_stm32f103xe.o(.text)
    I2C1_ER_IRQHandler                       0x0800015f   Thumb Code     0  startup_stm32f103xe.o(.text)
    I2C1_EV_IRQHandler                       0x0800015f   Thumb Code     0  startup_stm32f103xe.o(.text)
    I2C2_ER_IRQHandler                       0x0800015f   Thumb Code     0  startup_stm32f103xe.o(.text)
    I2C2_EV_IRQHandler                       0x0800015f   Thumb Code     0  startup_stm32f103xe.o(.text)
    PVD_IRQHandler                           0x0800015f   Thumb Code     0  startup_stm32f103xe.o(.text)
    RCC_IRQHandler                           0x0800015f   Thumb Code     0  startup_stm32f103xe.o(.text)
    RTC_Alarm_IRQHandler                     0x0800015f   Thumb Code     0  startup_stm32f103xe.o(.text)
    RTC_IRQHandler                           0x0800015f   Thumb Code     0  startup_stm32f103xe.o(.text)
    SDIO_IRQHandler                          0x0800015f   Thumb Code     0  startup_stm32f103xe.o(.text)
    SPI1_IRQHandler                          0x0800015f   Thumb Code     0  startup_stm32f103xe.o(.text)
    SPI2_IRQHandler                          0x0800015f   Thumb Code     0  startup_stm32f103xe.o(.text)
    SPI3_IRQHandler                          0x0800015f   Thumb Code     0  startup_stm32f103xe.o(.text)
    TAMPER_IRQHandler                        0x0800015f   Thumb Code     0  startup_stm32f103xe.o(.text)
    TIM1_BRK_IRQHandler                      0x0800015f   Thumb Code     0  startup_stm32f103xe.o(.text)
    TIM1_CC_IRQHandler                       0x0800015f   Thumb Code     0  startup_stm32f103xe.o(.text)
    TIM1_TRG_COM_IRQHandler                  0x0800015f   Thumb Code     0  startup_stm32f103xe.o(.text)
    TIM1_UP_IRQHandler                       0x0800015f   Thumb Code     0  startup_stm32f103xe.o(.text)
    TIM5_IRQHandler                          0x0800015f   Thumb Code     0  startup_stm32f103xe.o(.text)
    TIM6_IRQHandler                          0x0800015f   Thumb Code     0  startup_stm32f103xe.o(.text)
    TIM7_IRQHandler                          0x0800015f   Thumb Code     0  startup_stm32f103xe.o(.text)
    TIM8_BRK_IRQHandler                      0x0800015f   Thumb Code     0  startup_stm32f103xe.o(.text)
    TIM8_CC_IRQHandler                       0x0800015f   Thumb Code     0  startup_stm32f103xe.o(.text)
    TIM8_TRG_COM_IRQHandler                  0x0800015f   Thumb Code     0  startup_stm32f103xe.o(.text)
    TIM8_UP_IRQHandler                       0x0800015f   Thumb Code     0  startup_stm32f103xe.o(.text)
    UART4_IRQHandler                         0x0800015f   Thumb Code     0  startup_stm32f103xe.o(.text)
    UART5_IRQHandler                         0x0800015f   Thumb Code     0  startup_stm32f103xe.o(.text)
    USART2_IRQHandler                        0x0800015f   Thumb Code     0  startup_stm32f103xe.o(.text)
    USBWakeUp_IRQHandler                     0x0800015f   Thumb Code     0  startup_stm32f103xe.o(.text)
    USB_HP_CAN1_TX_IRQHandler                0x0800015f   Thumb Code     0  startup_stm32f103xe.o(.text)
    WWDG_IRQHandler                          0x0800015f   Thumb Code     0  startup_stm32f103xe.o(.text)
    __aeabi_llsr                             0x08000169   Thumb Code    32  llushr.o(.text)
    _ll_ushift_r                             0x08000169   Thumb Code     0  llushr.o(.text)
    __aeabi_memset                           0x08000189   Thumb Code    14  memseta.o(.text)
    __aeabi_memset4                          0x08000189   Thumb Code     0  memseta.o(.text)
    __aeabi_memset8                          0x08000189   Thumb Code     0  memseta.o(.text)
    __aeabi_memclr                           0x08000197   Thumb Code     4  memseta.o(.text)
    __aeabi_memclr4                          0x08000197   Thumb Code     0  memseta.o(.text)
    __aeabi_memclr8                          0x08000197   Thumb Code     0  memseta.o(.text)
    _memset$wrapper                          0x0800019b   Thumb Code    18  memseta.o(.text)
    __aeabi_fadd                             0x080001ad   Thumb Code   164  fadd.o(.text)
    __aeabi_fsub                             0x08000251   Thumb Code     6  fadd.o(.text)
    __aeabi_frsub                            0x08000257   Thumb Code     6  fadd.o(.text)
    __aeabi_fmul                             0x0800025d   Thumb Code   100  fmul.o(.text)
    __aeabi_fdiv                             0x080002c1   Thumb Code   124  fdiv.o(.text)
    __ARM_scalbnf                            0x0800033d   Thumb Code    24  fscalb.o(.text)
    scalbnf                                  0x0800033d   Thumb Code     0  fscalb.o(.text)
    __aeabi_dadd                             0x08000355   Thumb Code   322  dadd.o(.text)
    __aeabi_dsub                             0x08000497   Thumb Code     6  dadd.o(.text)
    __aeabi_drsub                            0x0800049d   Thumb Code     6  dadd.o(.text)
    __aeabi_dmul                             0x080004a3   Thumb Code   228  dmul.o(.text)
    __aeabi_ddiv                             0x08000587   Thumb Code   222  ddiv.o(.text)
    __ARM_scalbn                             0x08000665   Thumb Code    46  dscalb.o(.text)
    scalbn                                   0x08000665   Thumb Code     0  dscalb.o(.text)
    __aeabi_i2f                              0x08000693   Thumb Code    18  fflti.o(.text)
    __aeabi_ui2f                             0x080006a5   Thumb Code    10  ffltui.o(.text)
    __aeabi_i2d                              0x080006af   Thumb Code    34  dflti.o(.text)
    __aeabi_ui2d                             0x080006d1   Thumb Code    26  dfltui.o(.text)
    __aeabi_f2iz                             0x080006eb   Thumb Code    50  ffixi.o(.text)
    __aeabi_f2uiz                            0x0800071d   Thumb Code    40  ffixui.o(.text)
    __aeabi_d2iz                             0x08000745   Thumb Code    62  dfixi.o(.text)
    __aeabi_d2uiz                            0x08000783   Thumb Code    50  dfixui.o(.text)
    __aeabi_f2d                              0x080007b5   Thumb Code    38  f2d.o(.text)
    __aeabi_d2f                              0x080007db   Thumb Code    56  d2f.o(.text)
    __aeabi_uidiv                            0x08000813   Thumb Code     0  uidiv.o(.text)
    __aeabi_uidivmod                         0x08000813   Thumb Code    44  uidiv.o(.text)
    __aeabi_uldivmod                         0x0800083f   Thumb Code    98  uldiv.o(.text)
    __aeabi_llsl                             0x080008a1   Thumb Code    30  llshl.o(.text)
    _ll_shift_l                              0x080008a1   Thumb Code     0  llshl.o(.text)
    __aeabi_lasr                             0x080008bf   Thumb Code    36  llsshr.o(.text)
    _ll_sshift_r                             0x080008bf   Thumb Code     0  llsshr.o(.text)
    __I$use$fp                               0x080008e3   Thumb Code     0  iusefp.o(.text)
    _float_round                             0x080008e3   Thumb Code    18  fepilogue.o(.text)
    _float_epilogue                          0x080008f5   Thumb Code    92  fepilogue.o(.text)
    _double_round                            0x08000951   Thumb Code    30  depilogue.o(.text)
    _double_epilogue                         0x0800096f   Thumb Code   156  depilogue.o(.text)
    __aeabi_d2ulz                            0x08000a0b   Thumb Code    48  dfixul.o(.text)
    __aeabi_cdrcmple                         0x08000a3d   Thumb Code    48  cdrcmple.o(.text)
    __scatterload                            0x08000a6d   Thumb Code    28  init.o(.text)
    __scatterload_rt2                        0x08000a6d   Thumb Code     0  init.o(.text)
    __decompress                             0x08000a91   Thumb Code     0  __dczerorl.o(.text)
    __decompress0                            0x08000a91   Thumb Code    58  __dczerorl.o(.text)
    ADC_ConversionStop_Disable               0x08000acd   Thumb Code    86  stm32f1xx_hal_adc.o(i.ADC_ConversionStop_Disable)
    ADC_Enable                               0x08000b25   Thumb Code   114  stm32f1xx_hal_adc.o(i.ADC_Enable)
    BusFault_Handler                         0x08000ba1   Thumb Code     2  stm32f1xx_it.o(i.BusFault_Handler)
    CAN_Filter_Init                          0x08000ba5   Thumb Code    78  can.o(i.CAN_Filter_Init)
    DebugMon_Handler                         0x08000bf9   Thumb Code     2  stm32f1xx_it.o(i.DebugMon_Handler)
    Delay_ms                                 0x08000bfb   Thumb Code    22  tim.o(i.Delay_ms)
    Delay_us                                 0x08000c11   Thumb Code    44  tim.o(i.Delay_us)
    Error_Handler                            0x08000c41   Thumb Code     4  main.o(i.Error_Handler)
    HAL_ADC_ConfigChannel                    0x08000c45   Thumb Code   240  stm32f1xx_hal_adc.o(i.HAL_ADC_ConfigChannel)
    HAL_ADC_GetState                         0x08000d41   Thumb Code     4  stm32f1xx_hal_adc.o(i.HAL_ADC_GetState)
    HAL_ADC_GetValue                         0x08000d45   Thumb Code     6  stm32f1xx_hal_adc.o(i.HAL_ADC_GetValue)
    HAL_ADC_Init                             0x08000d4d   Thumb Code   276  stm32f1xx_hal_adc.o(i.HAL_ADC_Init)
    HAL_ADC_MspInit                          0x08000e71   Thumb Code    76  adc.o(i.HAL_ADC_MspInit)
    HAL_ADC_PollForConversion                0x08000ec9   Thumb Code   304  stm32f1xx_hal_adc.o(i.HAL_ADC_PollForConversion)
    HAL_ADC_Start                            0x08001005   Thumb Code   184  stm32f1xx_hal_adc.o(i.HAL_ADC_Start)
    HAL_CAN_ActivateNotification             0x080010c5   Thumb Code    36  stm32f1xx_hal_can.o(i.HAL_CAN_ActivateNotification)
    HAL_CAN_AddTxMessage                     0x080010e9   Thumb Code   200  stm32f1xx_hal_can.o(i.HAL_CAN_AddTxMessage)
    HAL_CAN_ConfigFilter                     0x080011b1   Thumb Code   238  stm32f1xx_hal_can.o(i.HAL_CAN_ConfigFilter)
    HAL_CAN_ErrorCallback                    0x0800129f   Thumb Code     2  stm32f1xx_hal_can.o(i.HAL_CAN_ErrorCallback)
    HAL_CAN_GetRxMessage                     0x080012a1   Thumb Code   232  stm32f1xx_hal_can.o(i.HAL_CAN_GetRxMessage)
    HAL_CAN_IRQHandler                       0x08001389   Thumb Code   508  stm32f1xx_hal_can.o(i.HAL_CAN_IRQHandler)
    HAL_CAN_Init                             0x08001585   Thumb Code   282  stm32f1xx_hal_can.o(i.HAL_CAN_Init)
    HAL_CAN_MspInit                          0x080016a1   Thumb Code   112  can.o(i.HAL_CAN_MspInit)
    HAL_CAN_RxFifo0FullCallback              0x0800171d   Thumb Code     2  stm32f1xx_hal_can.o(i.HAL_CAN_RxFifo0FullCallback)
    HAL_CAN_RxFifo0MsgPendingCallback        0x08001721   Thumb Code   152  can.o(i.HAL_CAN_RxFifo0MsgPendingCallback)
    HAL_CAN_RxFifo1FullCallback              0x080017d1   Thumb Code     2  stm32f1xx_hal_can.o(i.HAL_CAN_RxFifo1FullCallback)
    HAL_CAN_RxFifo1MsgPendingCallback        0x080017d3   Thumb Code     2  stm32f1xx_hal_can.o(i.HAL_CAN_RxFifo1MsgPendingCallback)
    HAL_CAN_SleepCallback                    0x080017d5   Thumb Code     2  stm32f1xx_hal_can.o(i.HAL_CAN_SleepCallback)
    HAL_CAN_Start                            0x080017d9   Thumb Code    88  stm32f1xx_hal_can.o(i.HAL_CAN_Start)
    HAL_CAN_TxMailbox0AbortCallback          0x08001831   Thumb Code     2  stm32f1xx_hal_can.o(i.HAL_CAN_TxMailbox0AbortCallback)
    HAL_CAN_TxMailbox0CompleteCallback       0x08001833   Thumb Code     2  stm32f1xx_hal_can.o(i.HAL_CAN_TxMailbox0CompleteCallback)
    HAL_CAN_TxMailbox1AbortCallback          0x08001835   Thumb Code     2  stm32f1xx_hal_can.o(i.HAL_CAN_TxMailbox1AbortCallback)
    HAL_CAN_TxMailbox1CompleteCallback       0x08001837   Thumb Code     2  stm32f1xx_hal_can.o(i.HAL_CAN_TxMailbox1CompleteCallback)
    HAL_CAN_TxMailbox2AbortCallback          0x08001839   Thumb Code     2  stm32f1xx_hal_can.o(i.HAL_CAN_TxMailbox2AbortCallback)
    HAL_CAN_TxMailbox2CompleteCallback       0x0800183b   Thumb Code     2  stm32f1xx_hal_can.o(i.HAL_CAN_TxMailbox2CompleteCallback)
    HAL_CAN_WakeUpFromRxMsgCallback          0x0800183d   Thumb Code     2  stm32f1xx_hal_can.o(i.HAL_CAN_WakeUpFromRxMsgCallback)
    HAL_DMA_Abort                            0x0800183f   Thumb Code    70  stm32f1xx_hal_dma.o(i.HAL_DMA_Abort)
    HAL_DMA_Abort_IT                         0x08001885   Thumb Code   296  stm32f1xx_hal_dma.o(i.HAL_DMA_Abort_IT)
    HAL_Delay                                0x080019b5   Thumb Code    32  stm32f1xx_hal.o(i.HAL_Delay)
    HAL_GPIO_Init                            0x080019d9   Thumb Code   462  stm32f1xx_hal_gpio.o(i.HAL_GPIO_Init)
    HAL_GPIO_WritePin                        0x08001bd1   Thumb Code    10  stm32f1xx_hal_gpio.o(i.HAL_GPIO_WritePin)
    HAL_GetTick                              0x08001bdd   Thumb Code     6  stm32f1xx_hal.o(i.HAL_GetTick)
    HAL_IncTick                              0x08001be9   Thumb Code    12  stm32f1xx_hal.o(i.HAL_IncTick)
    HAL_Init                                 0x08001bf9   Thumb Code    32  stm32f1xx_hal.o(i.HAL_Init)
    HAL_InitTick                             0x08001c1d   Thumb Code    54  stm32f1xx_hal.o(i.HAL_InitTick)
    HAL_MspInit                              0x08001c5d   Thumb Code    52  stm32f1xx_hal_msp.o(i.HAL_MspInit)
    HAL_NVIC_EnableIRQ                       0x08001c99   Thumb Code    26  stm32f1xx_hal_cortex.o(i.HAL_NVIC_EnableIRQ)
    HAL_NVIC_SetPriority                     0x08001cb5   Thumb Code    60  stm32f1xx_hal_cortex.o(i.HAL_NVIC_SetPriority)
    HAL_NVIC_SetPriorityGrouping             0x08001cf5   Thumb Code    26  stm32f1xx_hal_cortex.o(i.HAL_NVIC_SetPriorityGrouping)
    HAL_RCCEx_GetPeriphCLKFreq               0x08001d19   Thumb Code   180  stm32f1xx_hal_rcc_ex.o(i.HAL_RCCEx_GetPeriphCLKFreq)
    HAL_RCCEx_PeriphCLKConfig                0x08001ded   Thumb Code   224  stm32f1xx_hal_rcc_ex.o(i.HAL_RCCEx_PeriphCLKConfig)
    HAL_RCC_ClockConfig                      0x08001ed9   Thumb Code   280  stm32f1xx_hal_rcc.o(i.HAL_RCC_ClockConfig)
    HAL_RCC_GetPCLK1Freq                     0x08002005   Thumb Code    20  stm32f1xx_hal_rcc.o(i.HAL_RCC_GetPCLK1Freq)
    HAL_RCC_GetPCLK2Freq                     0x08002025   Thumb Code    20  stm32f1xx_hal_rcc.o(i.HAL_RCC_GetPCLK2Freq)
    HAL_RCC_GetSysClockFreq                  0x08002045   Thumb Code    74  stm32f1xx_hal_rcc.o(i.HAL_RCC_GetSysClockFreq)
    HAL_RCC_OscConfig                        0x080020b1   Thumb Code   778  stm32f1xx_hal_rcc.o(i.HAL_RCC_OscConfig)
    HAL_SYSTICK_Config                       0x080023d1   Thumb Code    40  stm32f1xx_hal_cortex.o(i.HAL_SYSTICK_Config)
    HAL_TIMEx_BreakCallback                  0x080023f9   Thumb Code     2  stm32f1xx_hal_tim_ex.o(i.HAL_TIMEx_BreakCallback)
    HAL_TIMEx_CommutCallback                 0x080023fb   Thumb Code     2  stm32f1xx_hal_tim_ex.o(i.HAL_TIMEx_CommutCallback)
    HAL_TIMEx_MasterConfigSynchronization    0x080023fd   Thumb Code   104  stm32f1xx_hal_tim_ex.o(i.HAL_TIMEx_MasterConfigSynchronization)
    HAL_TIM_Base_Init                        0x08002479   Thumb Code    90  stm32f1xx_hal_tim.o(i.HAL_TIM_Base_Init)
    HAL_TIM_Base_MspInit                     0x080024d5   Thumb Code   122  tim.o(i.HAL_TIM_Base_MspInit)
    HAL_TIM_Base_Start                       0x0800255d   Thumb Code    78  stm32f1xx_hal_tim.o(i.HAL_TIM_Base_Start)
    HAL_TIM_Base_Start_IT                    0x080025c1   Thumb Code    88  stm32f1xx_hal_tim.o(i.HAL_TIM_Base_Start_IT)
    HAL_TIM_Base_Stop                        0x0800262d   Thumb Code    38  stm32f1xx_hal_tim.o(i.HAL_TIM_Base_Stop)
    HAL_TIM_Base_Stop_IT                     0x08002653   Thumb Code    48  stm32f1xx_hal_tim.o(i.HAL_TIM_Base_Stop_IT)
    HAL_TIM_ConfigClockSource                0x08002683   Thumb Code   214  stm32f1xx_hal_tim.o(i.HAL_TIM_ConfigClockSource)
    HAL_TIM_IC_CaptureCallback               0x08002759   Thumb Code     2  stm32f1xx_hal_tim.o(i.HAL_TIM_IC_CaptureCallback)
    HAL_TIM_IRQHandler                       0x0800275b   Thumb Code   358  stm32f1xx_hal_tim.o(i.HAL_TIM_IRQHandler)
    HAL_TIM_OC_DelayElapsedCallback          0x080028c1   Thumb Code     2  stm32f1xx_hal_tim.o(i.HAL_TIM_OC_DelayElapsedCallback)
    HAL_TIM_PWM_PulseFinishedCallback        0x080028c3   Thumb Code     2  stm32f1xx_hal_tim.o(i.HAL_TIM_PWM_PulseFinishedCallback)
    HAL_TIM_PeriodElapsedCallback            0x080028c5   Thumb Code    74  tim.o(i.HAL_TIM_PeriodElapsedCallback)
    HAL_TIM_TriggerCallback                  0x0800291d   Thumb Code     2  stm32f1xx_hal_tim.o(i.HAL_TIM_TriggerCallback)
    HAL_UARTEx_RxEventCallback               0x0800291f   Thumb Code     2  stm32f1xx_hal_uart.o(i.HAL_UARTEx_RxEventCallback)
    HAL_UART_ErrorCallback                   0x08002921   Thumb Code     2  stm32f1xx_hal_uart.o(i.HAL_UART_ErrorCallback)
    HAL_UART_IRQHandler                      0x08002925   Thumb Code   520  stm32f1xx_hal_uart.o(i.HAL_UART_IRQHandler)
    HAL_UART_Init                            0x08002b31   Thumb Code    98  stm32f1xx_hal_uart.o(i.HAL_UART_Init)
    HAL_UART_MspInit                         0x08002b95   Thumb Code   198  usart.o(i.HAL_UART_MspInit)
    HAL_UART_Receive_IT                      0x08002c71   Thumb Code    42  stm32f1xx_hal_uart.o(i.HAL_UART_Receive_IT)
    HAL_UART_RxCpltCallback                  0x08002c9d   Thumb Code    62  usart.o(i.HAL_UART_RxCpltCallback)
    HAL_UART_Transmit                        0x08002ced   Thumb Code   178  stm32f1xx_hal_uart.o(i.HAL_UART_Transmit)
    HAL_UART_TxCpltCallback                  0x08002d9f   Thumb Code     2  stm32f1xx_hal_uart.o(i.HAL_UART_TxCpltCallback)
    HardFault_Handler                        0x08002da1   Thumb Code     2  stm32f1xx_it.o(i.HardFault_Handler)
    IDS830_can_send                          0x08002da5   Thumb Code    28  ids830can.o(i.IDS830_can_send)
    LinearActuator_read_CurrentandSpeed      0x08002dcd   Thumb Code   146  ids830can.o(i.LinearActuator_read_CurrentandSpeed)
    LinearActuator_read_position             0x08002eb5   Thumb Code    94  ids830can.o(i.LinearActuator_read_position)
    LinearActuator_startRun_maxspeed_position 0x08002f45   Thumb Code    98  ids830can.o(i.LinearActuator_startRun_maxspeed_position)
    MX_ADC1_Init                             0x08002fb5   Thumb Code    70  adc.o(i.MX_ADC1_Init)
    MX_CAN_Init                              0x08003005   Thumb Code    60  can.o(i.MX_CAN_Init)
    MX_GPIO_Init                             0x08003049   Thumb Code   102  gpio.o(i.MX_GPIO_Init)
    MX_TIM2_Init                             0x080030b9   Thumb Code   100  tim.o(i.MX_TIM2_Init)
    MX_TIM3_Init                             0x08003121   Thumb Code    94  tim.o(i.MX_TIM3_Init)
    MX_TIM4_Init                             0x08003189   Thumb Code    96  tim.o(i.MX_TIM4_Init)
    MX_USART1_UART_Init                      0x080031f1   Thumb Code    48  usart.o(i.MX_USART1_UART_Init)
    MX_USART3_UART_Init                      0x08003229   Thumb Code    48  usart.o(i.MX_USART3_UART_Init)
    MemManage_Handler                        0x08003261   Thumb Code     2  stm32f1xx_it.o(i.MemManage_Handler)
    NMI_Handler                              0x08003263   Thumb Code     2  stm32f1xx_it.o(i.NMI_Handler)
    PendSV_Handler                           0x08003265   Thumb Code     2  stm32f1xx_it.o(i.PendSV_Handler)
    SVC_Handler                              0x08003267   Thumb Code     2  stm32f1xx_it.o(i.SVC_Handler)
    SysTick_Handler                          0x08003269   Thumb Code     4  stm32f1xx_it.o(i.SysTick_Handler)
    SystemClock_Config                       0x0800326d   Thumb Code   122  main.o(i.SystemClock_Config)
    SystemInit                               0x080032e7   Thumb Code     2  system_stm32f1xx.o(i.SystemInit)
    TIM2_IRQHandler                          0x080032e9   Thumb Code     6  stm32f1xx_it.o(i.TIM2_IRQHandler)
    TIM3_IRQHandler                          0x080032f5   Thumb Code     6  stm32f1xx_it.o(i.TIM3_IRQHandler)
    TIM4_IRQHandler                          0x08003301   Thumb Code     6  stm32f1xx_it.o(i.TIM4_IRQHandler)
    TIM_Base_SetConfig                       0x0800330d   Thumb Code   120  stm32f1xx_hal_tim.o(i.TIM_Base_SetConfig)
    TIM_ETR_SetConfig                        0x08003399   Thumb Code    20  stm32f1xx_hal_tim.o(i.TIM_ETR_SetConfig)
    UART_Start_Receive_IT                    0x080035b1   Thumb Code    54  stm32f1xx_hal_uart.o(i.UART_Start_Receive_IT)
    USART1_IRQHandler                        0x0800364d   Thumb Code     6  stm32f1xx_it.o(i.USART1_IRQHandler)
    USART3_IRQHandler                        0x08003659   Thumb Code     6  stm32f1xx_it.o(i.USART3_IRQHandler)
    USB_LP_CAN1_RX0_IRQHandler               0x08003665   Thumb Code     6  stm32f1xx_it.o(i.USB_LP_CAN1_RX0_IRQHandler)
    UsageFault_Handler                       0x08003671   Thumb Code     2  stm32f1xx_it.o(i.UsageFault_Handler)
    __0printf                                0x08003675   Thumb Code    22  printfa.o(i.__0printf)
    __1printf                                0x08003675   Thumb Code     0  printfa.o(i.__0printf)
    __2printf                                0x08003675   Thumb Code     0  printfa.o(i.__0printf)
    __c89printf                              0x08003675   Thumb Code     0  printfa.o(i.__0printf)
    printf                                   0x08003675   Thumb Code     0  printfa.o(i.__0printf)
    __ARM_fpclassify                         0x08003695   Thumb Code    40  fpclassify.o(i.__ARM_fpclassify)
    __ieee754_rem_pio2                       0x080036dd   Thumb Code   828  rred.o(i.__ieee754_rem_pio2)
    __kernel_cos                             0x08003a65   Thumb Code   230  cos_i.o(i.__kernel_cos)
    __kernel_poly                            0x08003b61   Thumb Code   170  poly.o(i.__kernel_poly)
    __kernel_sin                             0x08003c0d   Thumb Code   224  sin_i.o(i.__kernel_sin)
    __mathlib_dbl_infnan                     0x08003cf9   Thumb Code     6  dunder.o(i.__mathlib_dbl_infnan)
    __mathlib_dbl_invalid                    0x08003cff   Thumb Code    12  dunder.o(i.__mathlib_dbl_invalid)
    __mathlib_dbl_underflow                  0x08003d0d   Thumb Code    10  dunder.o(i.__mathlib_dbl_underflow)
    __scatterload_copy                       0x08003d1d   Thumb Code    14  handlers.o(i.__scatterload_copy)
    __scatterload_null                       0x08003d2b   Thumb Code     2  handlers.o(i.__scatterload_null)
    __scatterload_zeroinit                   0x08003d2d   Thumb Code    14  handlers.o(i.__scatterload_zeroinit)
    __set_errno                              0x08003d3d   Thumb Code     6  errno.o(i.__set_errno)
    angle_close_loop_with_speed              0x080045dd   Thumb Code   228  lkmoto.o(i.angle_close_loop_with_speed)
    can_send                                 0x080046e9   Thumb Code    32  lkmoto.o(i.can_send)
    cos                                      0x08004715   Thumb Code   148  cos.o(i.cos)
    fourier_series_traj                      0x080047b1   Thumb Code   286  fourier_series_traj_exciting.o(i.fourier_series_traj)
    fputc                                    0x080048e1   Thumb Code    20  usart.o(i.fputc)
    main                                     0x080048f9   Thumb Code   352  main.o(i.main)
    motor_run                                0x08004a9d   Thumb Code    28  lkmoto.o(i.motor_run)
    pressure_SensorReading                   0x08004ac1   Thumb Code    88  sensors_reading.o(i.pressure_SensorReading)
    readData_pointTopoint                    0x08004b49   Thumb Code    78  ids830can.o(i.readData_pointTopoint)
    read_angle                               0x08004ba1   Thumb Code   150  lkmoto.o(i.read_angle)
    read_status2                             0x08004c75   Thumb Code   122  lkmoto.o(i.read_status2)
    run_fourier_series_traj                  0x08004d35   Thumb Code   468  fourier_series_traj_exciting.o(i.run_fourier_series_traj)
    sin                                      0x08004f2d   Thumb Code   150  sin.o(i.sin)
    ske_base_position                        0x08004fcd   Thumb Code    88  lkmoto.o(i.ske_base_position)
    traj_exciting_init                       0x08005029   Thumb Code    48  fourier_series_traj_exciting.o(i.traj_exciting_init)
    writeData_pointTopoint                   0x08005061   Thumb Code    78  ids830can.o(i.writeData_pointTopoint)
    AHBPrescTable                            0x080050b8   Data          16  system_stm32f1xx.o(.constdata)
    APBPrescTable                            0x080050c8   Data           8  system_stm32f1xx.o(.constdata)
    Region$$Table$$Base                      0x080051f0   Number         0  anon$$obj.o(Region$$Table)
    Region$$Table$$Limit                     0x08005210   Number         0  anon$$obj.o(Region$$Table)
    circleAngle                              0x20000004   Data           4  lkmoto.o(.data)
    CAN_motor_data                           0x20000008   Data           8  lkmoto.o(.data)
    CAN_motor_angle                          0x20000010   Data           8  lkmoto.o(.data)
    CAN_motor_currentAndspeed                0x20000018   Data           8  lkmoto.o(.data)
    ids830_position                          0x20000024   Data           8  ids830can.o(.data)
    ids830_currentAndspeed                   0x2000002c   Data           8  ids830can.o(.data)
    traj_order                               0x20000034   Data           1  fourier_series_traj_exciting.o(.data)
    dof                                      0x20000035   Data           1  fourier_series_traj_exciting.o(.data)
    traj_n                                   0x20000036   Data           1  fourier_series_traj_exciting.o(.data)
    motor_control_k                          0x20000038   Data           4  fourier_series_traj_exciting.o(.data)
    control_interval_time                    0x2000003c   Data           4  fourier_series_traj_exciting.o(.data)
    traj_f                                   0x20000040   Data           4  fourier_series_traj_exciting.o(.data)
    traj_wf                                  0x20000044   Data           4  fourier_series_traj_exciting.o(.data)
    traj_param                               0x20000048   Data         268  fourier_series_traj_exciting.o(.data)
    ADC_Pressure_Value                       0x20000154   Data           4  sensors_reading.o(.data)
    temp_rx                                  0x20000158   Data           1  usart.o(.data)
    USART3_RX_STA                            0x2000015a   Data           2  usart.o(.data)
    uwTickFreq                               0x2000015c   Data           1  stm32f1xx_hal.o(.data)
    uwTickPrio                               0x20000160   Data           4  stm32f1xx_hal.o(.data)
    uwTick                                   0x20000164   Data           4  stm32f1xx_hal.o(.data)
    SystemCoreClock                          0x20000168   Data           4  system_stm32f1xx.o(.data)
    __stdout                                 0x2000016c   Data           4  stdout.o(.data)
    q                                        0x20000174   Data          28  fourier_series_traj_exciting.o(.bss)
    q_last                                   0x20000190   Data          28  fourier_series_traj_exciting.o(.bss)
    hadc1                                    0x200001ac   Data          48  adc.o(.bss)
    hCAN1_TxHeader                           0x200001dc   Data          24  can.o(.bss)
    hCAN1_RxHeader                           0x200001f4   Data          28  can.o(.bss)
    sFilterConfig                            0x20000210   Data          40  can.o(.bss)
    hcan                                     0x20000238   Data          40  can.o(.bss)
    htim2                                    0x20000260   Data          72  tim.o(.bss)
    htim3                                    0x200002a8   Data          72  tim.o(.bss)
    htim4                                    0x200002f0   Data          72  tim.o(.bss)
    USART3_RX_BUF                            0x20000338   Data         800  usart.o(.bss)
    USART3_TX_BUF                            0x20000658   Data         800  usart.o(.bss)
    USART1_TX_BUF                            0x20000978   Data         800  usart.o(.bss)
    huart1                                   0x20000c98   Data          68  usart.o(.bss)
    huart3                                   0x20000cdc   Data          68  usart.o(.bss)
    __initial_sp                             0x20001120   Data           0  startup_stm32f103xe.o(STACK)



==============================================================================

Memory Map of the image

  Image Entry point : 0x08000131

  Load Region LR_IROM1 (Base: 0x08000000, Size: 0x00005384, Max: 0x00080000, ABSOLUTE, COMPRESSED[0x00005330])

    Execution Region ER_IROM1 (Base: 0x08000000, Size: 0x00005210, Max: 0x00080000, ABSOLUTE)

    Base Addr    Size         Type   Attr      Idx    E Section Name        Object

    0x08000000   0x00000130   Data   RO            3    RESET               startup_stm32f103xe.o
    0x08000130   0x00000000   Code   RO         3964  * .ARM.Collect$$$$00000000  mc_w.l(entry.o)
    0x08000130   0x00000004   Code   RO         4328    .ARM.Collect$$$$00000001  mc_w.l(entry2.o)
    0x08000134   0x00000004   Code   RO         4331    .ARM.Collect$$$$00000004  mc_w.l(entry5.o)
    0x08000138   0x00000000   Code   RO         4333    .ARM.Collect$$$$00000008  mc_w.l(entry7b.o)
    0x08000138   0x00000000   Code   RO         4335    .ARM.Collect$$$$0000000A  mc_w.l(entry8b.o)
    0x08000138   0x00000008   Code   RO         4336    .ARM.Collect$$$$0000000B  mc_w.l(entry9a.o)
    0x08000140   0x00000000   Code   RO         4338    .ARM.Collect$$$$0000000D  mc_w.l(entry10a.o)
    0x08000140   0x00000000   Code   RO         4340    .ARM.Collect$$$$0000000F  mc_w.l(entry11a.o)
    0x08000140   0x00000004   Code   RO         4329    .ARM.Collect$$$$00002712  mc_w.l(entry2.o)
    0x08000144   0x00000024   Code   RO            4    .text               startup_stm32f103xe.o
    0x08000168   0x00000020   Code   RO         3967    .text               mc_w.l(llushr.o)
    0x08000188   0x00000024   Code   RO         3969    .text               mc_w.l(memseta.o)
    0x080001ac   0x000000b0   Code   RO         4264    .text               mf_w.l(fadd.o)
    0x0800025c   0x00000064   Code   RO         4266    .text               mf_w.l(fmul.o)
    0x080002c0   0x0000007c   Code   RO         4268    .text               mf_w.l(fdiv.o)
    0x0800033c   0x00000018   Code   RO         4270    .text               mf_w.l(fscalb.o)
    0x08000354   0x0000014e   Code   RO         4272    .text               mf_w.l(dadd.o)
    0x080004a2   0x000000e4   Code   RO         4274    .text               mf_w.l(dmul.o)
    0x08000586   0x000000de   Code   RO         4276    .text               mf_w.l(ddiv.o)
    0x08000664   0x0000002e   Code   RO         4278    .text               mf_w.l(dscalb.o)
    0x08000692   0x00000012   Code   RO         4280    .text               mf_w.l(fflti.o)
    0x080006a4   0x0000000a   Code   RO         4282    .text               mf_w.l(ffltui.o)
    0x080006ae   0x00000022   Code   RO         4284    .text               mf_w.l(dflti.o)
    0x080006d0   0x0000001a   Code   RO         4286    .text               mf_w.l(dfltui.o)
    0x080006ea   0x00000032   Code   RO         4288    .text               mf_w.l(ffixi.o)
    0x0800071c   0x00000028   Code   RO         4290    .text               mf_w.l(ffixui.o)
    0x08000744   0x0000003e   Code   RO         4292    .text               mf_w.l(dfixi.o)
    0x08000782   0x00000032   Code   RO         4294    .text               mf_w.l(dfixui.o)
    0x080007b4   0x00000026   Code   RO         4296    .text               mf_w.l(f2d.o)
    0x080007da   0x00000038   Code   RO         4298    .text               mf_w.l(d2f.o)
    0x08000812   0x0000002c   Code   RO         4343    .text               mc_w.l(uidiv.o)
    0x0800083e   0x00000062   Code   RO         4345    .text               mc_w.l(uldiv.o)
    0x080008a0   0x0000001e   Code   RO         4347    .text               mc_w.l(llshl.o)
    0x080008be   0x00000024   Code   RO         4349    .text               mc_w.l(llsshr.o)
    0x080008e2   0x00000000   Code   RO         4364    .text               mc_w.l(iusefp.o)
    0x080008e2   0x0000006e   Code   RO         4365    .text               mf_w.l(fepilogue.o)
    0x08000950   0x000000ba   Code   RO         4367    .text               mf_w.l(depilogue.o)
    0x08000a0a   0x00000030   Code   RO         4369    .text               mf_w.l(dfixul.o)
    0x08000a3a   0x00000002   PAD
    0x08000a3c   0x00000030   Code   RO         4371    .text               mf_w.l(cdrcmple.o)
    0x08000a6c   0x00000024   Code   RO         4377    .text               mc_w.l(init.o)
    0x08000a90   0x0000003a   Code   RO         4387    .text               mc_w.l(__dczerorl.o)
    0x08000aca   0x00000002   PAD
    0x08000acc   0x00000056   Code   RO         1098    i.ADC_ConversionStop_Disable  stm32f1xx_hal_adc.o
    0x08000b22   0x00000002   PAD
    0x08000b24   0x0000007c   Code   RO         1102    i.ADC_Enable        stm32f1xx_hal_adc.o
    0x08000ba0   0x00000002   Code   RO          845    i.BusFault_Handler  stm32f1xx_it.o
    0x08000ba2   0x00000002   PAD
    0x08000ba4   0x00000054   Code   RO          632    i.CAN_Filter_Init   can.o
    0x08000bf8   0x00000002   Code   RO          846    i.DebugMon_Handler  stm32f1xx_it.o
    0x08000bfa   0x00000016   Code   RO          687    i.Delay_ms          tim.o
    0x08000c10   0x00000030   Code   RO          688    i.Delay_us          tim.o
    0x08000c40   0x00000004   Code   RO          519    i.Error_Handler     main.o
    0x08000c44   0x000000fc   Code   RO         1104    i.HAL_ADC_ConfigChannel  stm32f1xx_hal_adc.o
    0x08000d40   0x00000004   Code   RO         1110    i.HAL_ADC_GetState  stm32f1xx_hal_adc.o
    0x08000d44   0x00000006   Code   RO         1111    i.HAL_ADC_GetValue  stm32f1xx_hal_adc.o
    0x08000d4a   0x00000002   PAD
    0x08000d4c   0x00000124   Code   RO         1113    i.HAL_ADC_Init      stm32f1xx_hal_adc.o
    0x08000e70   0x00000058   Code   RO          591    i.HAL_ADC_MspInit   adc.o
    0x08000ec8   0x0000013c   Code   RO         1117    i.HAL_ADC_PollForConversion  stm32f1xx_hal_adc.o
    0x08001004   0x000000c0   Code   RO         1119    i.HAL_ADC_Start     stm32f1xx_hal_adc.o
    0x080010c4   0x00000024   Code   RO         2350    i.HAL_CAN_ActivateNotification  stm32f1xx_hal_can.o
    0x080010e8   0x000000c8   Code   RO         2351    i.HAL_CAN_AddTxMessage  stm32f1xx_hal_can.o
    0x080011b0   0x000000ee   Code   RO         2352    i.HAL_CAN_ConfigFilter  stm32f1xx_hal_can.o
    0x0800129e   0x00000002   Code   RO         2355    i.HAL_CAN_ErrorCallback  stm32f1xx_hal_can.o
    0x080012a0   0x000000e8   Code   RO         2358    i.HAL_CAN_GetRxMessage  stm32f1xx_hal_can.o
    0x08001388   0x000001fc   Code   RO         2362    i.HAL_CAN_IRQHandler  stm32f1xx_hal_can.o
    0x08001584   0x0000011a   Code   RO         2363    i.HAL_CAN_Init      stm32f1xx_hal_can.o
    0x0800169e   0x00000002   PAD
    0x080016a0   0x0000007c   Code   RO          634    i.HAL_CAN_MspInit   can.o
    0x0800171c   0x00000002   Code   RO         2370    i.HAL_CAN_RxFifo0FullCallback  stm32f1xx_hal_can.o
    0x0800171e   0x00000002   PAD
    0x08001720   0x000000b0   Code   RO          635    i.HAL_CAN_RxFifo0MsgPendingCallback  can.o
    0x080017d0   0x00000002   Code   RO         2372    i.HAL_CAN_RxFifo1FullCallback  stm32f1xx_hal_can.o
    0x080017d2   0x00000002   Code   RO         2373    i.HAL_CAN_RxFifo1MsgPendingCallback  stm32f1xx_hal_can.o
    0x080017d4   0x00000002   Code   RO         2374    i.HAL_CAN_SleepCallback  stm32f1xx_hal_can.o
    0x080017d6   0x00000002   PAD
    0x080017d8   0x00000058   Code   RO         2375    i.HAL_CAN_Start     stm32f1xx_hal_can.o
    0x08001830   0x00000002   Code   RO         2377    i.HAL_CAN_TxMailbox0AbortCallback  stm32f1xx_hal_can.o
    0x08001832   0x00000002   Code   RO         2378    i.HAL_CAN_TxMailbox0CompleteCallback  stm32f1xx_hal_can.o
    0x08001834   0x00000002   Code   RO         2379    i.HAL_CAN_TxMailbox1AbortCallback  stm32f1xx_hal_can.o
    0x08001836   0x00000002   Code   RO         2380    i.HAL_CAN_TxMailbox1CompleteCallback  stm32f1xx_hal_can.o
    0x08001838   0x00000002   Code   RO         2381    i.HAL_CAN_TxMailbox2AbortCallback  stm32f1xx_hal_can.o
    0x0800183a   0x00000002   Code   RO         2382    i.HAL_CAN_TxMailbox2CompleteCallback  stm32f1xx_hal_can.o
    0x0800183c   0x00000002   Code   RO         2384    i.HAL_CAN_WakeUpFromRxMsgCallback  stm32f1xx_hal_can.o
    0x0800183e   0x00000046   Code   RO         1753    i.HAL_DMA_Abort     stm32f1xx_hal_dma.o
    0x08001884   0x00000130   Code   RO         1754    i.HAL_DMA_Abort_IT  stm32f1xx_hal_dma.o
    0x080019b4   0x00000024   Code   RO         1381    i.HAL_Delay         stm32f1xx_hal.o
    0x080019d8   0x000001f8   Code   RO         1689    i.HAL_GPIO_Init     stm32f1xx_hal_gpio.o
    0x08001bd0   0x0000000a   Code   RO         1693    i.HAL_GPIO_WritePin  stm32f1xx_hal_gpio.o
    0x08001bda   0x00000002   PAD
    0x08001bdc   0x0000000c   Code   RO         1385    i.HAL_GetTick       stm32f1xx_hal.o
    0x08001be8   0x00000010   Code   RO         1391    i.HAL_IncTick       stm32f1xx_hal.o
    0x08001bf8   0x00000024   Code   RO         1392    i.HAL_Init          stm32f1xx_hal.o
    0x08001c1c   0x00000040   Code   RO         1393    i.HAL_InitTick      stm32f1xx_hal.o
    0x08001c5c   0x0000003c   Code   RO          957    i.HAL_MspInit       stm32f1xx_hal_msp.o
    0x08001c98   0x0000001a   Code   RO         1849    i.HAL_NVIC_EnableIRQ  stm32f1xx_hal_cortex.o
    0x08001cb2   0x00000002   PAD
    0x08001cb4   0x00000040   Code   RO         1855    i.HAL_NVIC_SetPriority  stm32f1xx_hal_cortex.o
    0x08001cf4   0x00000024   Code   RO         1856    i.HAL_NVIC_SetPriorityGrouping  stm32f1xx_hal_cortex.o
    0x08001d18   0x000000d4   Code   RO         1651    i.HAL_RCCEx_GetPeriphCLKFreq  stm32f1xx_hal_rcc_ex.o
    0x08001dec   0x000000ec   Code   RO         1652    i.HAL_RCCEx_PeriphCLKConfig  stm32f1xx_hal_rcc_ex.o
    0x08001ed8   0x0000012c   Code   RO         1549    i.HAL_RCC_ClockConfig  stm32f1xx_hal_rcc.o
    0x08002004   0x00000020   Code   RO         1556    i.HAL_RCC_GetPCLK1Freq  stm32f1xx_hal_rcc.o
    0x08002024   0x00000020   Code   RO         1557    i.HAL_RCC_GetPCLK2Freq  stm32f1xx_hal_rcc.o
    0x08002044   0x0000006c   Code   RO         1558    i.HAL_RCC_GetSysClockFreq  stm32f1xx_hal_rcc.o
    0x080020b0   0x00000320   Code   RO         1561    i.HAL_RCC_OscConfig  stm32f1xx_hal_rcc.o
    0x080023d0   0x00000028   Code   RO         1860    i.HAL_SYSTICK_Config  stm32f1xx_hal_cortex.o
    0x080023f8   0x00000002   Code   RO         3289    i.HAL_TIMEx_BreakCallback  stm32f1xx_hal_tim_ex.o
    0x080023fa   0x00000002   Code   RO         3290    i.HAL_TIMEx_CommutCallback  stm32f1xx_hal_tim_ex.o
    0x080023fc   0x0000007c   Code   RO         3308    i.HAL_TIMEx_MasterConfigSynchronization  stm32f1xx_hal_tim_ex.o
    0x08002478   0x0000005a   Code   RO         2585    i.HAL_TIM_Base_Init  stm32f1xx_hal_tim.o
    0x080024d2   0x00000002   PAD
    0x080024d4   0x00000088   Code   RO          690    i.HAL_TIM_Base_MspInit  tim.o
    0x0800255c   0x00000064   Code   RO         2588    i.HAL_TIM_Base_Start  stm32f1xx_hal_tim.o
    0x080025c0   0x0000006c   Code   RO         2590    i.HAL_TIM_Base_Start_IT  stm32f1xx_hal_tim.o
    0x0800262c   0x00000026   Code   RO         2591    i.HAL_TIM_Base_Stop  stm32f1xx_hal_tim.o
    0x08002652   0x00000030   Code   RO         2593    i.HAL_TIM_Base_Stop_IT  stm32f1xx_hal_tim.o
    0x08002682   0x000000d6   Code   RO         2594    i.HAL_TIM_ConfigClockSource  stm32f1xx_hal_tim.o
    0x08002758   0x00000002   Code   RO         2619    i.HAL_TIM_IC_CaptureCallback  stm32f1xx_hal_tim.o
    0x0800275a   0x00000166   Code   RO         2633    i.HAL_TIM_IRQHandler  stm32f1xx_hal_tim.o
    0x080028c0   0x00000002   Code   RO         2636    i.HAL_TIM_OC_DelayElapsedCallback  stm32f1xx_hal_tim.o
    0x080028c2   0x00000002   Code   RO         2663    i.HAL_TIM_PWM_PulseFinishedCallback  stm32f1xx_hal_tim.o
    0x080028c4   0x00000058   Code   RO          691    i.HAL_TIM_PeriodElapsedCallback  tim.o
    0x0800291c   0x00000002   Code   RO         2676    i.HAL_TIM_TriggerCallback  stm32f1xx_hal_tim.o
    0x0800291e   0x00000002   Code   RO         3567    i.HAL_UARTEx_RxEventCallback  stm32f1xx_hal_uart.o
    0x08002920   0x00000002   Code   RO         3581    i.HAL_UART_ErrorCallback  stm32f1xx_hal_uart.o
    0x08002922   0x00000002   PAD
    0x08002924   0x0000020c   Code   RO         3584    i.HAL_UART_IRQHandler  stm32f1xx_hal_uart.o
    0x08002b30   0x00000062   Code   RO         3585    i.HAL_UART_Init     stm32f1xx_hal_uart.o
    0x08002b92   0x00000002   PAD
    0x08002b94   0x000000dc   Code   RO          760    i.HAL_UART_MspInit  usart.o
    0x08002c70   0x0000002a   Code   RO         3590    i.HAL_UART_Receive_IT  stm32f1xx_hal_uart.o
    0x08002c9a   0x00000002   PAD
    0x08002c9c   0x00000050   Code   RO          761    i.HAL_UART_RxCpltCallback  usart.o
    0x08002cec   0x000000b2   Code   RO         3593    i.HAL_UART_Transmit  stm32f1xx_hal_uart.o
    0x08002d9e   0x00000002   Code   RO         3596    i.HAL_UART_TxCpltCallback  stm32f1xx_hal_uart.o
    0x08002da0   0x00000002   Code   RO          847    i.HardFault_Handler  stm32f1xx_it.o
    0x08002da2   0x00000002   PAD
    0x08002da4   0x00000028   Code   RO          330    i.IDS830_can_send   ids830can.o
    0x08002dcc   0x000000e8   Code   RO          331    i.LinearActuator_read_CurrentandSpeed  ids830can.o
    0x08002eb4   0x00000090   Code   RO          332    i.LinearActuator_read_position  ids830can.o
    0x08002f44   0x00000070   Code   RO          334    i.LinearActuator_startRun_maxspeed_position  ids830can.o
    0x08002fb4   0x00000050   Code   RO          592    i.MX_ADC1_Init      adc.o
    0x08003004   0x00000044   Code   RO          636    i.MX_CAN_Init       can.o
    0x08003048   0x00000070   Code   RO          566    i.MX_GPIO_Init      gpio.o
    0x080030b8   0x00000068   Code   RO          692    i.MX_TIM2_Init      tim.o
    0x08003120   0x00000068   Code   RO          693    i.MX_TIM3_Init      tim.o
    0x08003188   0x00000068   Code   RO          694    i.MX_TIM4_Init      tim.o
    0x080031f0   0x00000038   Code   RO          762    i.MX_USART1_UART_Init  usart.o
    0x08003228   0x00000038   Code   RO          763    i.MX_USART3_UART_Init  usart.o
    0x08003260   0x00000002   Code   RO          848    i.MemManage_Handler  stm32f1xx_it.o
    0x08003262   0x00000002   Code   RO          849    i.NMI_Handler       stm32f1xx_it.o
    0x08003264   0x00000002   Code   RO          850    i.PendSV_Handler    stm32f1xx_it.o
    0x08003266   0x00000002   Code   RO          851    i.SVC_Handler       stm32f1xx_it.o
    0x08003268   0x00000004   Code   RO          852    i.SysTick_Handler   stm32f1xx_it.o
    0x0800326c   0x0000007a   Code   RO          520    i.SystemClock_Config  main.o
    0x080032e6   0x00000002   Code   RO         3914    i.SystemInit        system_stm32f1xx.o
    0x080032e8   0x0000000c   Code   RO          853    i.TIM2_IRQHandler   stm32f1xx_it.o
    0x080032f4   0x0000000c   Code   RO          854    i.TIM3_IRQHandler   stm32f1xx_it.o
    0x08003300   0x0000000c   Code   RO          855    i.TIM4_IRQHandler   stm32f1xx_it.o
    0x0800330c   0x0000008c   Code   RO         2678    i.TIM_Base_SetConfig  stm32f1xx_hal_tim.o
    0x08003398   0x00000014   Code   RO         2689    i.TIM_ETR_SetConfig  stm32f1xx_hal_tim.o
    0x080033ac   0x00000010   Code   RO         2690    i.TIM_ITRx_SetConfig  stm32f1xx_hal_tim.o
    0x080033bc   0x00000022   Code   RO         2696    i.TIM_TI1_ConfigInputStage  stm32f1xx_hal_tim.o
    0x080033de   0x00000024   Code   RO         2698    i.TIM_TI2_ConfigInputStage  stm32f1xx_hal_tim.o
    0x08003402   0x00000010   Code   RO         3598    i.UART_DMAAbortOnError  stm32f1xx_hal_uart.o
    0x08003412   0x00000030   Code   RO         3608    i.UART_EndRxTransfer  stm32f1xx_hal_uart.o
    0x08003442   0x000000b6   Code   RO         3610    i.UART_Receive_IT   stm32f1xx_hal_uart.o
    0x080034f8   0x000000b8   Code   RO         3611    i.UART_SetConfig    stm32f1xx_hal_uart.o
    0x080035b0   0x00000036   Code   RO         3613    i.UART_Start_Receive_IT  stm32f1xx_hal_uart.o
    0x080035e6   0x00000064   Code   RO         3614    i.UART_WaitOnFlagUntilTimeout  stm32f1xx_hal_uart.o
    0x0800364a   0x00000002   PAD
    0x0800364c   0x0000000c   Code   RO          856    i.USART1_IRQHandler  stm32f1xx_it.o
    0x08003658   0x0000000c   Code   RO          857    i.USART3_IRQHandler  stm32f1xx_it.o
    0x08003664   0x0000000c   Code   RO          858    i.USB_LP_CAN1_RX0_IRQHandler  stm32f1xx_it.o
    0x08003670   0x00000002   Code   RO          859    i.UsageFault_Handler  stm32f1xx_it.o
    0x08003672   0x00000002   PAD
    0x08003674   0x00000020   Code   RO         4208    i.__0printf         mc_w.l(printfa.o)
    0x08003694   0x00000028   Code   RO         4373    i.__ARM_fpclassify  m_ws.l(fpclassify.o)
    0x080036bc   0x00000020   Code   RO         1862    i.__NVIC_SetPriority  stm32f1xx_hal_cortex.o
    0x080036dc   0x00000388   Code   RO         4317    i.__ieee754_rem_pio2  m_ws.l(rred.o)
    0x08003a64   0x000000fc   Code   RO         4300    i.__kernel_cos      m_ws.l(cos_i.o)
    0x08003b60   0x000000aa   Code   RO         4375    i.__kernel_poly     m_ws.l(poly.o)
    0x08003c0a   0x00000002   PAD
    0x08003c0c   0x000000ec   Code   RO         4322    i.__kernel_sin      m_ws.l(sin_i.o)
    0x08003cf8   0x00000006   Code   RO         4304    i.__mathlib_dbl_infnan  m_ws.l(dunder.o)
    0x08003cfe   0x0000000c   Code   RO         4306    i.__mathlib_dbl_invalid  m_ws.l(dunder.o)
    0x08003d0a   0x00000002   PAD
    0x08003d0c   0x00000010   Code   RO         4309    i.__mathlib_dbl_underflow  m_ws.l(dunder.o)
    0x08003d1c   0x0000000e   Code   RO         4381    i.__scatterload_copy  mc_w.l(handlers.o)
    0x08003d2a   0x00000002   Code   RO         4382    i.__scatterload_null  mc_w.l(handlers.o)
    0x08003d2c   0x0000000e   Code   RO         4383    i.__scatterload_zeroinit  mc_w.l(handlers.o)
    0x08003d3a   0x00000002   PAD
    0x08003d3c   0x0000000c   Code   RO         4359    i.__set_errno       mc_w.l(errno.o)
    0x08003d48   0x00000164   Code   RO         4215    i._fp_digits        mc_w.l(printfa.o)
    0x08003eac   0x000006dc   Code   RO         4216    i._printf_core      mc_w.l(printfa.o)
    0x08004588   0x00000024   Code   RO         4217    i._printf_post_padding  mc_w.l(printfa.o)
    0x080045ac   0x0000002e   Code   RO         4218    i._printf_pre_padding  mc_w.l(printfa.o)
    0x080045da   0x00000002   PAD
    0x080045dc   0x0000010c   Code   RO           18    i.angle_close_loop_with_speed  lkmoto.o
    0x080046e8   0x0000002c   Code   RO           20    i.can_send          lkmoto.o
    0x08004714   0x0000009c   Code   RO         3949    i.cos               m_ws.l(cos.o)
    0x080047b0   0x00000130   Code   RO          432    i.fourier_series_traj  fourier_series_traj_exciting.o
    0x080048e0   0x00000018   Code   RO          765    i.fputc             usart.o
    0x080048f8   0x000001a4   Code   RO          521    i.main              main.o
    0x08004a9c   0x00000024   Code   RO           23    i.motor_run         lkmoto.o
    0x08004ac0   0x00000088   Code   RO          485    i.pressure_SensorReading  sensors_reading.o
    0x08004b48   0x00000058   Code   RO          336    i.readData_pointTopoint  ids830can.o
    0x08004ba0   0x000000d4   Code   RO           27    i.read_angle        lkmoto.o
    0x08004c74   0x000000c0   Code   RO           32    i.read_status2      lkmoto.o
    0x08004d34   0x000001f8   Code   RO          433    i.run_fourier_series_traj  fourier_series_traj_exciting.o
    0x08004f2c   0x000000a0   Code   RO         3957    i.sin               m_ws.l(sin.o)
    0x08004fcc   0x0000005c   Code   RO           34    i.ske_base_position  lkmoto.o
    0x08005028   0x00000038   Code   RO          434    i.traj_exciting_init  fourier_series_traj_exciting.o
    0x08005060   0x00000058   Code   RO          339    i.writeData_pointTopoint  ids830can.o
    0x080050b8   0x00000010   Data   RO         3915    .constdata          system_stm32f1xx.o
    0x080050c8   0x00000008   Data   RO         3916    .constdata          system_stm32f1xx.o
    0x080050d0   0x00000030   Data   RO         4301    .constdata          m_ws.l(cos_i.o)
    0x08005100   0x000000c8   Data   RO         4319    .constdata          m_ws.l(rred.o)
    0x080051c8   0x00000028   Data   RO         4323    .constdata          m_ws.l(sin_i.o)
    0x080051f0   0x00000020   Data   RO         4379    Region$$Table       anon$$obj.o


    Execution Region RW_IRAM1 (Base: 0x20000000, Size: 0x00001120, Max: 0x00010000, ABSOLUTE, COMPRESSED[0x00000120])

    Base Addr    Size         Type   Attr      Idx    E Section Name        Object

    0x20000000   0x00000020   Data   RW           43    .data               lkmoto.o
    0x20000020   0x00000014   Data   RW          340    .data               ids830can.o
    0x20000034   0x00000120   Data   RW          437    .data               fourier_series_traj_exciting.o
    0x20000154   0x00000004   Data   RW          486    .data               sensors_reading.o
    0x20000158   0x00000004   Data   RW          769    .data               usart.o
    0x2000015c   0x0000000c   Data   RW         1399    .data               stm32f1xx_hal.o
    0x20000168   0x00000004   Data   RW         3917    .data               system_stm32f1xx.o
    0x2000016c   0x00000004   Data   RW         4342    .data               mc_w.l(stdout.o)
    0x20000170   0x00000004   Data   RW         4360    .data               mc_w.l(errno.o)
    0x20000174   0x00000038   Zero   RW          435    .bss                fourier_series_traj_exciting.o
    0x200001ac   0x00000030   Zero   RW          593    .bss                adc.o
    0x200001dc   0x00000018   Zero   RW          637    .bss                can.o
    0x200001f4   0x0000006c   Zero   RW          638    .bss                can.o
    0x20000260   0x000000d8   Zero   RW          695    .bss                tim.o
    0x20000338   0x000009e8   Zero   RW          768    .bss                usart.o
    0x20000d20   0x00000400   Zero   RW            1    STACK               startup_stm32f103xe.o


==============================================================================

Image component sizes


      Code (inc. data)   RO Data    RW Data    ZI Data      Debug   Object Name

       168         22          0          0         48       1605   adc.o
       452         50          0          0        132       3229   can.o
       864         62          0        288         56       3273   fourier_series_traj_exciting.o
       112         10          0          0          0        899   gpio.o
       704        182          0         20          0       4381   ids830can.o
       844        208          0         32          0     515140   lkmoto.o
       546         68          0          0          0       2652   main.o
       136         48          0          4          0        782   sensors_reading.o
        36          8        304          0       1024        800   startup_stm32f103xe.o
       164         28          0         12          0       6405   stm32f1xx_hal.o
      1272         58          0          0          0       6379   stm32f1xx_hal_adc.o
      1608          0          0          0          0      12631   stm32f1xx_hal_can.o
       198         14          0          0          0      28555   stm32f1xx_hal_cortex.o
       374          8          0          0          0       1731   stm32f1xx_hal_dma.o
       514         42          0          0          0       2560   stm32f1xx_hal_gpio.o
        60          8          0          0          0        862   stm32f1xx_hal_msp.o
      1272        100          0          0          0       4912   stm32f1xx_hal_rcc.o
       448         44          0          0          0       2389   stm32f1xx_hal_rcc_ex.o
      1210         62          0          0          0      10845   stm32f1xx_hal_tim.o
       128         20          0          0          0       2301   stm32f1xx_hal_tim_ex.o
      1432         10          0          0          0       9344   stm32f1xx_hal_uart.o
        92         36          0          0          0       6421   stm32f1xx_it.o
         2          0         24          4          0       1107   system_stm32f1xx.o
       606         54          0          0        216       4630   tim.o
       436         60          0          4       2536       5409   usart.o

    ----------------------------------------------------------------------
     13708       1202        360        364       4012     639242   Object Totals
         0          0         32          0          0          0   (incl. Generated)
        30          0          0          0          0          0   (incl. Padding)

    ----------------------------------------------------------------------

      Code (inc. data)   RO Data    RW Data    ZI Data      Debug   Library Member Name

       156          8          0          0          0        104   cos.o
       252         22         48          0          0        124   cos_i.o
        34          6          0          0          0        204   dunder.o
        40          0          0          0          0         68   fpclassify.o
       170          0          0          0          0         96   poly.o
       904         76        200          0          0        140   rred.o
       160         10          0          0          0        108   sin.o
       236         12         40          0          0        128   sin_i.o
        58          0          0          0          0          0   __dczerorl.o
         0          0          0          0          0          0   entry.o
         0          0          0          0          0          0   entry10a.o
         0          0          0          0          0          0   entry11a.o
         8          4          0          0          0          0   entry2.o
         4          0          0          0          0          0   entry5.o
         0          0          0          0          0          0   entry7b.o
         0          0          0          0          0          0   entry8b.o
         8          4          0          0          0          0   entry9a.o
        12          6          0          4          0         68   errno.o
        30          0          0          0          0          0   handlers.o
        36          8          0          0          0         68   init.o
         0          0          0          0          0          0   iusefp.o
        30          0          0          0          0         68   llshl.o
        36          0          0          0          0         68   llsshr.o
        32          0          0          0          0         68   llushr.o
        36          0          0          0          0        108   memseta.o
      2226         90          0          0          0        444   printfa.o
         0          0          0          4          0          0   stdout.o
        44          0          0          0          0         80   uidiv.o
        98          0          0          0          0         92   uldiv.o
        48          0          0          0          0         68   cdrcmple.o
        56          0          0          0          0         88   d2f.o
       334          0          0          0          0        148   dadd.o
       222          0          0          0          0        100   ddiv.o
       186          0          0          0          0        176   depilogue.o
        62          0          0          0          0         80   dfixi.o
        50          0          0          0          0         76   dfixui.o
        48          0          0          0          0         68   dfixul.o
        34          0          0          0          0         76   dflti.o
        26          0          0          0          0         76   dfltui.o
       228          0          0          0          0         96   dmul.o
        46          0          0          0          0         80   dscalb.o
        38          0          0          0          0         68   f2d.o
       176          0          0          0          0        140   fadd.o
       124          0          0          0          0         88   fdiv.o
       110          0          0          0          0        168   fepilogue.o
        50          0          0          0          0         68   ffixi.o
        40          0          0          0          0         68   ffixui.o
        18          0          0          0          0         68   fflti.o
        10          0          0          0          0         68   ffltui.o
       100          0          0          0          0         76   fmul.o
        24          0          0          0          0         68   fscalb.o

    ----------------------------------------------------------------------
      6652        246        288          8          0       4048   Library Totals
        12          0          0          0          0          0   (incl. Padding)

    ----------------------------------------------------------------------

      Code (inc. data)   RO Data    RW Data    ZI Data      Debug   Library Name

      1952        134        288          0          0        972   m_ws.l
      2658        112          0          8          0       1064   mc_w.l
      2030          0          0          0          0       2012   mf_w.l

    ----------------------------------------------------------------------
      6652        246        288          8          0       4048   Library Totals

    ----------------------------------------------------------------------

==============================================================================


      Code (inc. data)   RO Data    RW Data    ZI Data      Debug   

     20360       1448        648        372       4012     634474   Grand Totals
     20360       1448        648        288       4012     634474   ELF Image Totals (compressed)
     20360       1448        648        288          0          0   ROM Totals

==============================================================================

    Total RO  Size (Code + RO Data)                21008 (  20.52kB)
    Total RW  Size (RW Data + ZI Data)              4384 (   4.28kB)
    Total ROM Size (Code + RO Data + RW Data)      21296 (  20.80kB)

==============================================================================

